RUN	lomap.UserList1	userlist1	1688398543490	 	3.9.5
USER	UserList1	START	1688398544596
USER	UserList1	START	1688398544596
USER	UserList1	START	1688398544596
USER	UserList1	START	1688398544596
USER	UserList1	START	1688398544596
USER	UserList1	START	1688398544596
USER	UserList1	START	1688398544596
USER	UserList1	START	1688398544596
USER	UserList1	START	1688398544596
USER	UserList1	START	1688398544596
USER	UserList1	START	1688398544596
USER	UserList1	START	1688398544596
USER	UserList1	START	1688398544596
USER	UserList1	START	1688398544596
USER	UserList1	START	1688398544596
USER	UserList1	START	1688398544599
USER	UserList1	START	1688398544599
USER	UserList1	START	1688398544599
USER	UserList1	START	1688398544599
USER	UserList1	START	1688398544599
USER	UserList1	START	1688398544599
USER	UserList1	START	1688398544599
USER	UserList1	START	1688398544599
USER	UserList1	START	1688398544599
USER	UserList1	START	1688398544599
USER	UserList1	START	1688398544599
USER	UserList1	START	1688398544599
USER	UserList1	START	1688398544600
USER	UserList1	START	1688398544600
USER	UserList1	START	1688398544596
USER	UserList1	START	1688398544600
USER	UserList1	START	1688398544600
USER	UserList1	START	1688398544600
USER	UserList1	START	1688398544600
USER	UserList1	START	1688398544600
USER	UserList1	START	1688398544600
USER	UserList1	START	1688398544600
USER	UserList1	START	1688398544600
USER	UserList1	START	1688398544600
USER	UserList1	START	1688398544600
USER	UserList1	START	1688398544600
USER	UserList1	START	1688398544601
USER	UserList1	START	1688398544601
USER	UserList1	START	1688398544596
USER	UserList1	START	1688398544601
USER	UserList1	START	1688398544601
USER	UserList1	START	1688398544601
USER	UserList1	START	1688398544601
USER	UserList1	START	1688398544601
USER	UserList1	START	1688398544601
USER	UserList1	START	1688398544601
USER	UserList1	START	1688398544601
USER	UserList1	START	1688398544601
USER	UserList1	START	1688398544601
USER	UserList1	START	1688398544601
USER	UserList1	START	1688398544601
USER	UserList1	START	1688398544601
USER	UserList1	START	1688398544601
USER	UserList1	START	1688398544602
USER	UserList1	START	1688398544602
USER	UserList1	START	1688398544602
USER	UserList1	START	1688398544602
USER	UserList1	START	1688398544596
USER	UserList1	START	1688398544602
USER	UserList1	START	1688398544602
USER	UserList1	START	1688398544603
USER	UserList1	START	1688398544603
USER	UserList1	START	1688398544603
USER	UserList1	START	1688398544603
USER	UserList1	START	1688398544603
USER	UserList1	START	1688398544603
USER	UserList1	START	1688398544603
USER	UserList1	START	1688398544596
USER	UserList1	START	1688398544596
USER	UserList1	START	1688398544604
USER	UserList1	START	1688398544604
USER	UserList1	START	1688398544597
USER	UserList1	START	1688398544604
USER	UserList1	START	1688398544604
USER	UserList1	START	1688398544597
USER	UserList1	START	1688398544605
USER	UserList1	START	1688398544605
USER	UserList1	START	1688398544605
USER	UserList1	START	1688398544605
USER	UserList1	START	1688398544605
USER	UserList1	START	1688398544596
USER	UserList1	START	1688398544605
USER	UserList1	START	1688398544596
USER	UserList1	START	1688398544606
USER	UserList1	START	1688398544606
USER	UserList1	START	1688398544606
USER	UserList1	START	1688398544606
USER	UserList1	START	1688398544606
USER	UserList1	START	1688398544607
USER	UserList1	START	1688398544607
USER	UserList1	START	1688398544607
USER	UserList1	START	1688398544607
USER	UserList1	START	1688398544607
USER	UserList1	START	1688398544608
USER	UserList1	START	1688398544608
REQUEST		request_0	1688398544602	1688398545107	OK	 
REQUEST		request_0	1688398544598	1688398545107	OK	 
REQUEST		request_0	1688398544601	1688398545107	OK	 
REQUEST		request_0	1688398544599	1688398545107	OK	 
REQUEST		request_0	1688398544604	1688398545133	OK	 
REQUEST		request_0	1688398544598	1688398545136	OK	 
REQUEST		request_0	1688398544605	1688398545173	OK	 
REQUEST		request_0	1688398544587	1688398545410	OK	 
REQUEST		request_0	1688398544606	1688398545410	OK	 
REQUEST		request_0	1688398544600	1688398545410	OK	 
REQUEST		request_0	1688398544600	1688398545410	OK	 
REQUEST		request_0	1688398544600	1688398545428	OK	 
REQUEST		request_0	1688398544600	1688398545429	OK	 
REQUEST		request_0	1688398544599	1688398545431	OK	 
REQUEST		request_0	1688398544587	1688398545431	OK	 
REQUEST		request_0	1688398544596	1688398545448	OK	 
REQUEST		request_0	1688398544587	1688398545522	OK	 
REQUEST		request_0	1688398544587	1688398545619	OK	 
REQUEST		request_4	1688398545611	1688398545628	OK	 
REQUEST		request_0	1688398544602	1688398545631	OK	 
REQUEST		request_0	1688398544603	1688398545634	OK	 
REQUEST		request_4	1688398545610	1688398545642	OK	 
REQUEST		request_0	1688398544587	1688398545644	OK	 
REQUEST		request_0	1688398544604	1688398545645	OK	 
REQUEST		request_4	1688398545614	1688398545655	OK	 
REQUEST		request_4	1688398545614	1688398545665	OK	 
REQUEST		request_8	1688398545615	1688398545668	OK	 
REQUEST		request_8	1688398545615	1688398545668	OK	 
REQUEST		request_8	1688398545612	1688398545669	OK	 
REQUEST		request_0	1688398544607	1688398545669	OK	 
REQUEST		request_8	1688398545615	1688398545669	OK	 
REQUEST		request_4	1688398545610	1688398545677	OK	 
REQUEST		request_4	1688398545611	1688398545690	OK	 
REQUEST		request_4	1688398545612	1688398545709	OK	 
REQUEST		request_4	1688398545611	1688398545711	OK	 
REQUEST		request_4	1688398545613	1688398545720	OK	 
REQUEST		request_1	1688398545607	1688398545727	OK	 
REQUEST		request_1	1688398545609	1688398545729	OK	 
REQUEST		request_4	1688398545610	1688398545729	OK	 
REQUEST		request_1	1688398545605	1688398545734	OK	 
REQUEST		request_1	1688398545607	1688398545733	OK	 
REQUEST		request_1	1688398545605	1688398545734	OK	 
REQUEST		request_1	1688398545606	1688398545740	OK	 
REQUEST		request_1	1688398545607	1688398545741	OK	 
REQUEST		request_1	1688398545608	1688398545742	OK	 
REQUEST		request_1	1688398545605	1688398545743	OK	 
REQUEST		request_4	1688398545614	1688398545744	OK	 
REQUEST		request_1	1688398545608	1688398545745	OK	 
REQUEST		request_1	1688398545608	1688398545747	OK	 
REQUEST		request_4	1688398545616	1688398545758	OK	 
REQUEST		request_1	1688398545605	1688398545758	OK	 
REQUEST		request_1	1688398545608	1688398545759	OK	 
REQUEST		request_1	1688398545608	1688398545762	OK	 
REQUEST		request_1	1688398545608	1688398545762	OK	 
REQUEST		request_1	1688398545659	1688398545775	OK	 
REQUEST		request_5	1688398545161	1688398545776	OK	 
REQUEST		request_5	1688398545524	1688398545775	OK	 
REQUEST		request_5	1688398545161	1688398545776	OK	 
REQUEST		request_5	1688398545412	1688398545776	OK	 
REQUEST		request_11	1688398545605	1688398545777	OK	 
REQUEST		request_1	1688398545608	1688398545777	OK	 
REQUEST		request_10	1688398545606	1688398545778	OK	 
REQUEST		request_9	1688398545603	1688398545778	OK	 
REQUEST		request_5	1688398545412	1688398545780	OK	 
REQUEST		request_11	1688398545605	1688398545780	OK	 
REQUEST		request_11	1688398545605	1688398545780	OK	 
REQUEST		request_5	1688398545161	1688398545781	OK	 
REQUEST		request_9	1688398545603	1688398545781	OK	 
REQUEST		request_11	1688398545606	1688398545781	OK	 
REQUEST		request_5	1688398545433	1688398545782	OK	 
REQUEST		request_10	1688398545607	1688398545782	OK	 
REQUEST		request_10	1688398545604	1688398545782	OK	 
REQUEST		request_10	1688398545604	1688398545782	OK	 
REQUEST		request_0	1688398544606	1688398545782	OK	 
REQUEST		request_0	1688398544602	1688398545783	OK	 
REQUEST		request_5	1688398545431	1688398545784	OK	 
REQUEST		request_5	1688398545161	1688398545784	OK	 
REQUEST		request_0	1688398544599	1688398545784	OK	 
REQUEST		request_10	1688398545604	1688398545784	OK	 
REQUEST		request_10	1688398545608	1688398545784	OK	 
REQUEST		request_10	1688398545607	1688398545785	OK	 
REQUEST		request_0	1688398544588	1688398545785	OK	 
REQUEST		request_10	1688398545606	1688398545785	OK	 
REQUEST		request_4	1688398545612	1688398545786	OK	 
REQUEST		request_0	1688398544600	1688398545784	OK	 
REQUEST		request_10	1688398545605	1688398545786	OK	 
REQUEST		request_11	1688398545608	1688398545786	OK	 
REQUEST		request_11	1688398545606	1688398545786	OK	 
REQUEST		request_5	1688398545449	1688398545787	OK	 
REQUEST		request_5	1688398545175	1688398545787	OK	 
REQUEST		request_11	1688398545607	1688398545788	OK	 
REQUEST		request_5	1688398545161	1688398545775	OK	 
REQUEST		request_10	1688398545606	1688398545792	OK	 
REQUEST		request_8	1688398545613	1688398545792	OK	 
REQUEST		request_8	1688398545614	1688398545793	OK	 
REQUEST		request_10	1688398545604	1688398545794	OK	 
REQUEST		request_5	1688398545433	1688398545794	OK	 
REQUEST		request_11	1688398545605	1688398545794	OK	 
REQUEST		request_5	1688398545161	1688398545795	OK	 
REQUEST		request_8	1688398545613	1688398545796	OK	 
REQUEST		request_10	1688398545606	1688398545796	OK	 
REQUEST		request_1	1688398545640	1688398545796	OK	 
REQUEST		request_1	1688398545657	1688398545797	OK	 
REQUEST		request_11	1688398545606	1688398545797	OK	 
REQUEST		request_4	1688398545614	1688398545800	OK	 
REQUEST		request_8	1688398545613	1688398545801	OK	 
REQUEST		request_11	1688398545606	1688398545801	OK	 
REQUEST		request_1	1688398545606	1688398545800	OK	 
REQUEST		request_10	1688398545607	1688398545802	OK	 
REQUEST		request_5	1688398545412	1688398545803	OK	 
REQUEST		request_8	1688398545612	1688398545803	OK	 
REQUEST		request_10	1688398545607	1688398545803	OK	 
REQUEST		request_8	1688398545614	1688398545803	OK	 
REQUEST		request_11	1688398545608	1688398545803	OK	 
REQUEST		request_4	1688398545611	1688398545804	OK	 
REQUEST		request_11	1688398545607	1688398545805	OK	 
REQUEST		request_10	1688398545607	1688398545805	OK	 
REQUEST		request_1	1688398545640	1688398545806	OK	 
REQUEST		request_8	1688398545615	1688398545806	OK	 
REQUEST		request_8	1688398545614	1688398545806	OK	 
REQUEST		request_11	1688398545607	1688398545806	OK	 
REQUEST		request_5	1688398545430	1688398545807	OK	 
REQUEST		request_11	1688398545607	1688398545807	OK	 
REQUEST		request_5	1688398545637	1688398545809	OK	 
REQUEST		request_10	1688398545604	1688398545809	OK	 
REQUEST		request_10	1688398545639	1688398545811	OK	 
REQUEST		request_11	1688398545605	1688398545811	OK	 
REQUEST		request_11	1688398545607	1688398545811	OK	 
REQUEST		request_5	1688398545656	1688398545814	OK	 
REQUEST		request_4	1688398545611	1688398545814	OK	 
REQUEST		request_0	1688398544600	1688398545815	OK	 
REQUEST		request_5	1688398545633	1688398545815	OK	 
REQUEST		request_11	1688398545639	1688398545817	OK	 
REQUEST		request_1	1688398545664	1688398545818	OK	 
REQUEST		request_1	1688398545673	1688398545818	OK	 
REQUEST		request_5	1688398545647	1688398545820	OK	 
REQUEST		request_5	1688398545412	1688398545821	OK	 
REQUEST		request_10	1688398545605	1688398545822	OK	 
REQUEST		request_11	1688398545664	1688398545824	OK	 
REQUEST		request_10	1688398545655	1688398545831	OK	 
REQUEST		request_10	1688398545639	1688398545831	OK	 
REQUEST		request_9	1688398545603	1688398545832	OK	 
REQUEST		request_9	1688398545603	1688398545833	OK	 
REQUEST		request_9	1688398545603	1688398545835	OK	 
REQUEST		request_11	1688398545605	1688398545836	OK	 
REQUEST		request_4	1688398545642	1688398545836	OK	 
REQUEST		request_4	1688398545612	1688398545837	OK	 
REQUEST		request_9	1688398545603	1688398545837	OK	 
REQUEST		request_9	1688398545603	1688398545837	OK	 
REQUEST		request_9	1688398545605	1688398545838	OK	 
REQUEST		request_5	1688398545660	1688398545839	OK	 
REQUEST		request_9	1688398545603	1688398545842	OK	 
REQUEST		request_9	1688398545603	1688398545843	OK	 
REQUEST		request_0	1688398544598	1688398545844	OK	 
REQUEST		request_9	1688398545604	1688398545846	OK	 
REQUEST		request_4	1688398545660	1688398545847	OK	 
REQUEST		request_11	1688398545656	1688398545849	OK	 
REQUEST		request_10	1688398545658	1688398545849	OK	 
REQUEST		request_9	1688398545603	1688398545850	OK	 
REQUEST		request_11	1688398545658	1688398545852	OK	 
REQUEST		request_11	1688398545639	1688398545854	OK	 
REQUEST		request_9	1688398545603	1688398545854	OK	 
REQUEST		request_9	1688398545604	1688398545856	OK	 
REQUEST		request_9	1688398545603	1688398545856	OK	 
REQUEST		request_4	1688398545663	1688398545856	OK	 
REQUEST		request_9	1688398545604	1688398545857	OK	 
REQUEST		request_9	1688398545638	1688398545857	OK	 
REQUEST		request_10	1688398545663	1688398545857	OK	 
REQUEST		request_9	1688398545657	1688398545863	OK	 
REQUEST		request_10	1688398545671	1688398545863	OK	 
REQUEST		request_4	1688398545659	1688398545867	OK	 
REQUEST		request_11	1688398545672	1688398545871	OK	 
REQUEST		request_5	1688398545670	1688398545880	OK	 
REQUEST		request_4	1688398545667	1688398545882	OK	 
REQUEST		request_4	1688398545675	1688398545890	OK	 
REQUEST		request_7	1688398545612	1688398545892	OK	 
REQUEST		request_7	1688398545614	1688398545892	OK	 
REQUEST		request_7	1688398545615	1688398545892	OK	 
REQUEST		request_7	1688398545615	1688398545893	OK	 
REQUEST		request_8	1688398545615	1688398545893	OK	 
REQUEST		request_8	1688398545614	1688398545894	OK	 
REQUEST		request_8	1688398545613	1688398545894	OK	 
REQUEST		request_8	1688398545617	1688398545895	OK	 
REQUEST		request_8	1688398545613	1688398545895	OK	 
REQUEST		request_8	1688398545644	1688398545896	OK	 
REQUEST		request_8	1688398545663	1688398545896	OK	 
REQUEST		request_8	1688398545665	1688398545897	OK	 
REQUEST		request_0	1688398544599	1688398545899	OK	 
REQUEST		request_8	1688398545668	1688398545899	OK	 
REQUEST		request_8	1688398545662	1688398545899	OK	 
REQUEST		request_8	1688398545675	1688398545900	OK	 
REQUEST		request_9	1688398545604	1688398545902	OK	 
REQUEST		request_0	1688398544604	1688398545902	OK	 
REQUEST		request_1	1688398545793	1688398545909	OK	 
REQUEST		request_4	1688398545795	1688398545911	OK	 
REQUEST		request_1	1688398545802	1688398545920	OK	 
REQUEST		request_11	1688398545792	1688398545920	OK	 
REQUEST		request_0	1688398544606	1688398545921	OK	 
REQUEST		request_0	1688398544599	1688398545921	OK	 
REQUEST		request_1	1688398545802	1688398545922	OK	 
REQUEST		request_1	1688398545802	1688398545922	OK	 
REQUEST		request_9	1688398545648	1688398545922	OK	 
REQUEST		request_0	1688398544605	1688398545922	OK	 
REQUEST		request_0	1688398544601	1688398545923	OK	 
REQUEST		request_0	1688398544600	1688398545923	OK	 
REQUEST		request_4	1688398545804	1688398545924	OK	 
REQUEST		request_0	1688398544599	1688398545924	OK	 
REQUEST		request_0	1688398544588	1688398545926	OK	 
REQUEST		request_1	1688398545811	1688398545927	OK	 
REQUEST		request_10	1688398545788	1688398545931	OK	 
REQUEST		request_0	1688398544598	1688398545932	OK	 
REQUEST		request_0	1688398544606	1688398545932	OK	 
REQUEST		request_1	1688398545820	1688398545934	OK	 
REQUEST		request_4	1688398545804	1688398545934	OK	 
REQUEST		request_0	1688398544588	1688398545935	OK	 
REQUEST		request_0	1688398544587	1688398545937	OK	 
REQUEST		request_9	1688398545638	1688398545937	OK	 
REQUEST		request_9	1688398545663	1688398545937	OK	 
REQUEST		request_0	1688398544587	1688398545939	OK	 
REQUEST		request_9	1688398545671	1688398545943	OK	 
REQUEST		request_11	1688398545811	1688398545945	OK	 
REQUEST		request_11	1688398545795	1688398545945	OK	 
REQUEST		request_11	1688398545788	1688398545947	OK	 
REQUEST		request_11	1688398545802	1688398545950	OK	 
REQUEST		request_4	1688398545805	1688398545950	OK	 
REQUEST		request_5	1688398545787	1688398545950	OK	 
REQUEST		request_10	1688398545788	1688398545954	OK	 
REQUEST		request_0	1688398544601	1688398545954	OK	 
REQUEST		request_0	1688398544600	1688398545956	OK	 
REQUEST		request_0	1688398544599	1688398545958	OK	 
REQUEST		request_0	1688398544600	1688398545959	OK	 
REQUEST		request_5	1688398545785	1688398545959	OK	 
REQUEST		request_5	1688398545796	1688398545962	OK	 
REQUEST		request_10	1688398545797	1688398545964	OK	 
REQUEST		request_9	1688398545788	1688398545970	OK	 
REQUEST		request_5	1688398545794	1688398545970	OK	 
REQUEST		request_1	1688398545847	1688398545970	OK	 
REQUEST		request_5	1688398545845	1688398545971	OK	 
REQUEST		request_0	1688398544600	1688398545972	OK	 
REQUEST		request_10	1688398545795	1688398545983	OK	 
REQUEST		request_10	1688398545846	1688398545985	OK	 
REQUEST		request_11	1688398545847	1688398545988	OK	 
REQUEST		request_4	1688398545849	1688398545990	OK	 
REQUEST		request_0	1688398544607	1688398545991	OK	 
REQUEST		request_7	1688398545612	1688398545993	OK	 
REQUEST		request_7	1688398545613	1688398545994	OK	 
REQUEST		request_7	1688398545613	1688398545996	OK	 
REQUEST		request_5	1688398545801	1688398545996	OK	 
REQUEST		request_7	1688398545612	1688398545996	OK	 
REQUEST		request_10	1688398545810	1688398545997	OK	 
REQUEST		request_7	1688398545611	1688398545997	OK	 
REQUEST		request_7	1688398545617	1688398545997	OK	 
REQUEST		request_4	1688398545813	1688398545997	OK	 
REQUEST		request_7	1688398545614	1688398545998	OK	 
REQUEST		request_5	1688398545817	1688398545998	OK	 
REQUEST		request_7	1688398545613	1688398545998	OK	 
REQUEST		request_7	1688398545612	1688398545999	OK	 
REQUEST		request_10	1688398545819	1688398545999	OK	 
REQUEST		request_11	1688398545819	1688398546000	OK	 
REQUEST		request_8	1688398545796	1688398546000	OK	 
REQUEST		request_7	1688398545614	1688398546000	OK	 
REQUEST		request_4	1688398545822	1688398546000	OK	 
REQUEST		request_8	1688398545805	1688398546001	OK	 
REQUEST		request_8	1688398545805	1688398546001	OK	 
REQUEST		request_8	1688398545809	1688398546002	OK	 
REQUEST		request_8	1688398545851	1688398546004	OK	 
REQUEST		request_8	1688398545814	1688398546005	OK	 
REQUEST		request_8	1688398545823	1688398546005	OK	 
REQUEST		request_9	1688398545787	1688398546013	OK	 
REQUEST		request_9	1688398545818	1688398546017	OK	 
REQUEST		request_4	1688398545905	1688398546018	OK	 
REQUEST		request_4	1688398545913	1688398546027	OK	 
REQUEST		request_9	1688398545797	1688398546036	OK	 
REQUEST		request_1	1688398545903	1688398546037	OK	 
REQUEST		request_1	1688398545910	1688398546033	OK	 
REQUEST		request_9	1688398545810	1688398546041	OK	 
REQUEST		request_1	1688398545928	1688398546043	OK	 
REQUEST		request_9	1688398545846	1688398546046	OK	 
REQUEST		request_4	1688398545926	1688398546047	OK	 
REQUEST		request_1	1688398545924	1688398546048	OK	 
REQUEST		request_11	1688398545924	1688398546049	OK	 
REQUEST		request_11	1688398545902	1688398546050	OK	 
REQUEST		request_10	1688398545902	1688398546051	OK	 
REQUEST		request_1	1688398545931	1688398546051	OK	 
REQUEST		request_10	1688398545908	1688398546053	OK	 
REQUEST		request_5	1688398545901	1688398546054	OK	 
REQUEST		request_1	1688398545929	1688398546056	OK	 
REQUEST		request_4	1688398545931	1688398546057	OK	 
REQUEST		request_1	1688398545934	1688398546059	OK	 
REQUEST		request_1	1688398545943	1688398546063	OK	 
REQUEST		request_1	1688398545936	1688398546063	OK	 
REQUEST		request_1	1688398545931	1688398546064	OK	 
REQUEST		request_1	1688398545943	1688398546065	OK	 
REQUEST		request_1	1688398545945	1688398546067	OK	 
REQUEST		request_1	1688398545942	1688398546067	OK	 
REQUEST		request_4	1688398545933	1688398546068	OK	 
REQUEST		request_9	1688398545907	1688398546072	OK	 
REQUEST		request_5	1688398545924	1688398546076	OK	 
REQUEST		request_4	1688398545935	1688398546079	OK	 
REQUEST		request_5	1688398545907	1688398546080	OK	 
REQUEST		request_1	1688398545959	1688398546081	OK	 
REQUEST		request_5	1688398545926	1688398546081	OK	 
REQUEST		request_10	1688398545931	1688398546082	OK	 
REQUEST		request_5	1688398545923	1688398546083	OK	 
REQUEST		request_1	1688398545962	1688398546084	OK	 
REQUEST		request_10	1688398545928	1688398546084	OK	 
REQUEST		request_1	1688398545943	1688398546085	OK	 
REQUEST		request_10	1688398545923	1688398546085	OK	 
REQUEST		request_11	1688398545908	1688398546085	OK	 
REQUEST		request_10	1688398545926	1688398546086	OK	 
REQUEST		request_5	1688398545925	1688398546086	OK	 
REQUEST		request_10	1688398545941	1688398546087	OK	 
REQUEST		request_11	1688398545927	1688398546088	OK	 
REQUEST		request_11	1688398545931	1688398546089	OK	 
REQUEST		request_11	1688398545927	1688398546089	OK	 
REQUEST		request_1	1688398545960	1688398546092	OK	 
REQUEST		request_11	1688398545935	1688398546093	OK	 
REQUEST		request_10	1688398545942	1688398546094	OK	 
REQUEST		request_5	1688398545925	1688398546094	OK	 
REQUEST		request_9	1688398545902	1688398546104	OK	 
REQUEST		request_11	1688398545931	1688398546105	OK	 
REQUEST		request_4	1688398545931	1688398546109	OK	 
REQUEST		request_10	1688398545960	1688398546115	OK	 
REQUEST		request_1	1688398545984	1688398546115	OK	 
REQUEST		request_4	1688398545942	1688398546116	OK	 
REQUEST		request_10	1688398545929	1688398546121	OK	 
REQUEST		request_11	1688398545942	1688398546122	OK	 
REQUEST		request_1	1688398545987	1688398546123	OK	 
REQUEST		request_11	1688398545928	1688398546123	OK	 
REQUEST		request_10	1688398545961	1688398546123	OK	 
REQUEST		request_10	1688398545958	1688398546123	OK	 
REQUEST		request_11	1688398545941	1688398546124	OK	 
REQUEST		request_10	1688398545942	1688398546124	OK	 
REQUEST		request_4	1688398545943	1688398546126	OK	 
REQUEST		request_11	1688398545943	1688398546126	OK	 
REQUEST		request_10	1688398545942	1688398546126	OK	 
REQUEST		request_11	1688398545962	1688398546127	OK	 
REQUEST		request_10	1688398545935	1688398546128	OK	 
REQUEST		request_10	1688398545940	1688398546130	OK	 
REQUEST		request_5	1688398545940	1688398546130	OK	 
REQUEST		request_5	1688398545926	1688398546130	OK	 
REQUEST		request_10	1688398545927	1688398546130	OK	 
REQUEST		request_9	1688398545926	1688398546131	OK	 
REQUEST		request_9	1688398545935	1688398546131	OK	 
REQUEST		request_5	1688398545958	1688398546131	OK	 
REQUEST		request_5	1688398545934	1688398546134	OK	 
REQUEST		request_5	1688398545937	1688398546134	OK	 
REQUEST		request_1	1688398545995	1688398546134	OK	 
REQUEST		request_9	1688398545924	1688398546135	OK	 
REQUEST		request_9	1688398545980	1688398546136	OK	 
REQUEST		request_9	1688398545926	1688398546137	OK	 
REQUEST		request_9	1688398545926	1688398546137	OK	 
REQUEST		request_9	1688398545923	1688398546137	OK	 
REQUEST		request_4	1688398545943	1688398546139	OK	 
REQUEST		request_9	1688398545795	1688398546140	OK	 
REQUEST		request_10	1688398545965	1688398546140	OK	 
REQUEST		request_11	1688398545959	1688398546141	OK	 
REQUEST		request_9	1688398545942	1688398546141	OK	 
REQUEST		request_11	1688398545941	1688398546141	OK	 
REQUEST		request_9	1688398545941	1688398546142	OK	 
REQUEST		request_11	1688398545981	1688398546143	OK	 
REQUEST		request_11	1688398545960	1688398546144	OK	 
REQUEST		request_11	1688398545942	1688398546147	OK	 
REQUEST		request_4	1688398545947	1688398546148	OK	 
REQUEST		request_5	1688398545993	1688398546149	OK	 
REQUEST		request_10	1688398545981	1688398546149	OK	 
REQUEST		request_7	1688398545614	1688398546150	OK	 
REQUEST		request_7	1688398545611	1688398546150	OK	 
REQUEST		request_7	1688398545613	1688398546150	OK	 
REQUEST		request_7	1688398545643	1688398546151	OK	 
REQUEST		request_7	1688398545663	1688398546151	OK	 
REQUEST		request_7	1688398545664	1688398546151	OK	 
REQUEST		request_7	1688398545660	1688398546152	OK	 
REQUEST		request_7	1688398545667	1688398546152	OK	 
REQUEST		request_7	1688398545675	1688398546152	OK	 
REQUEST		request_8	1688398545907	1688398546153	OK	 
REQUEST		request_8	1688398545914	1688398546153	OK	 
REQUEST		request_8	1688398545927	1688398546153	OK	 
REQUEST		request_8	1688398545932	1688398546154	OK	 
REQUEST		request_8	1688398545935	1688398546154	OK	 
REQUEST		request_8	1688398545935	1688398546155	OK	 
REQUEST		request_8	1688398545932	1688398546155	OK	 
REQUEST		request_8	1688398545942	1688398546156	OK	 
REQUEST		request_8	1688398545943	1688398546156	OK	 
REQUEST		request_11	1688398545994	1688398546157	OK	 
REQUEST		request_8	1688398545951	1688398546157	OK	 
REQUEST		request_9	1688398545940	1688398546164	OK	 
REQUEST		request_3	1688398545660	1688398546166	OK	 
REQUEST		request_4	1688398545956	1688398546171	OK	 
REQUEST		request_5	1688398545958	1688398546175	OK	 
REQUEST		request_10	1688398545994	1688398546177	OK	 
REQUEST		request_5	1688398545962	1688398546177	OK	 
REQUEST		request_4	1688398545955	1688398546181	OK	 
REQUEST		request_4	1688398545962	1688398546190	OK	 
REQUEST		request_9	1688398545927	1688398546192	OK	 
REQUEST		request_9	1688398545964	1688398546196	OK	 
REQUEST		request_9	1688398545940	1688398546198	OK	 
REQUEST		request_6	1688398545960	1688398546197	KO	j.n.c.ClosedChannelException
REQUEST		request_6	1688398545943	1688398546197	KO	j.n.c.ClosedChannelException
REQUEST		request_3	1688398545942	1688398546196	KO	j.n.c.ClosedChannelException
REQUEST		request_11	1688398545965	1688398546199	OK	 
REQUEST		request_3	1688398545961	1688398546199	KO	j.n.c.ClosedChannelException
REQUEST		request_9	1688398545958	1688398546201	OK	 
REQUEST		request_4	1688398545961	1688398546201	OK	 
REQUEST		request_6	1688398545955	1688398546205	KO	j.n.c.ClosedChannelException
REQUEST		request_5	1688398545941	1688398546205	OK	 
REQUEST		request_9	1688398545959	1688398546206	OK	 
REQUEST		request_5	1688398545961	1688398546206	OK	 
REQUEST		request_2	1688398545937	1688398546206	KO	j.n.c.ClosedChannelException
REQUEST		request_6	1688398545961	1688398546206	KO	j.n.c.ClosedChannelException
REQUEST		request_6	1688398545985	1688398546206	KO	j.n.c.ClosedChannelException
REQUEST		request_5	1688398545980	1688398546206	OK	 
REQUEST		request_9	1688398545961	1688398546207	OK	 
REQUEST		request_3	1688398545932	1688398546207	KO	j.n.c.ClosedChannelException
REQUEST		request_6	1688398545957	1688398546207	KO	j.n.c.ClosedChannelException
REQUEST		request_3	1688398545988	1688398546207	KO	j.n.c.ClosedChannelException
REQUEST		request_2	1688398545960	1688398546208	KO	j.n.c.ClosedChannelException
REQUEST		request_4	1688398545957	1688398546210	OK	 
REQUEST		request_5	1688398545939	1688398546211	OK	 
REQUEST		request_6	1688398545612	1688398546211	KO	j.n.c.ClosedChannelException
REQUEST		request_0	1688398544587	1688398546211	KO	j.n.c.ClosedChannelException
REQUEST		request_2	1688398545612	1688398546211	KO	j.n.c.ClosedChannelException
REQUEST		request_6	1688398545996	1688398546212	KO	j.n.c.ClosedChannelException
REQUEST		request_6	1688398545610	1688398546212	KO	j.n.c.ClosedChannelException
REQUEST		request_5	1688398545941	1688398546212	OK	 
REQUEST		request_9	1688398545993	1688398546212	OK	 
REQUEST		request_3	1688398545610	1688398546215	KO	j.n.c.ClosedChannelException
REQUEST		request_2	1688398545609	1688398546215	KO	j.n.c.ClosedChannelException
REQUEST		request_0	1688398544598	1688398546215	KO	j.n.c.ClosedChannelException
REQUEST		request_6	1688398545946	1688398546215	KO	j.n.c.ClosedChannelException
REQUEST		request_3	1688398545611	1688398546215	KO	j.n.c.ClosedChannelException
REQUEST		request_6	1688398545611	1688398546216	KO	j.n.c.ClosedChannelException
REQUEST		request_2	1688398545961	1688398546216	KO	j.n.c.ClosedChannelException
USER	UserList1	END	1688398546217
USER	UserList1	END	1688398546217
REQUEST		request_2	1688398545613	1688398546218	KO	j.n.c.ClosedChannelException
REQUEST		request_3	1688398545614	1688398546218	KO	j.n.c.ClosedChannelException
REQUEST		request_3	1688398545995	1688398546218	KO	j.n.c.ClosedChannelException
REQUEST		request_2	1688398545962	1688398546219	KO	j.n.c.ClosedChannelException
REQUEST		request_4	1688398545964	1688398546221	OK	 
REQUEST		request_2	1688398545660	1688398546222	KO	j.n.c.ClosedChannelException
REQUEST		request_2	1688398545984	1688398546227	KO	j.n.c.ClosedChannelException
REQUEST		request_0	1688398544605	1688398546228	KO	j.n.c.ClosedChannelException
REQUEST		request_3	1688398545985	1688398546228	KO	j.n.c.ClosedChannelException
REQUEST		request_2	1688398545643	1688398546228	OK	 
USER	UserList1	END	1688398546229
REQUEST		request_4	1688398545991	1688398546235	OK	 
REQUEST		request_3	1688398545609	1688398546235	KO	j.n.c.ClosedChannelException
REQUEST		request_6	1688398545990	1688398546235	KO	j.n.c.ClosedChannelException
REQUEST		request_9	1688398545941	1688398546235	OK	 
REQUEST		request_6	1688398545614	1688398546236	KO	j.n.c.ClosedChannelException
REQUEST		request_2	1688398545613	1688398546236	KO	j.n.c.ClosedChannelException
REQUEST		request_3	1688398545957	1688398546237	KO	j.n.c.ClosedChannelException
REQUEST		request_6	1688398545645	1688398546237	KO	j.n.c.ClosedChannelException
REQUEST		request_2	1688398545609	1688398546242	KO	j.n.c.ClosedChannelException
REQUEST		request_3	1688398545610	1688398546243	KO	j.n.c.ClosedChannelException
REQUEST		request_3	1688398545610	1688398546243	KO	j.n.c.ClosedChannelException
REQUEST		request_4	1688398545988	1688398546245	OK	 
REQUEST		request_0	1688398544600	1688398546246	KO	j.n.c.ClosedChannelException
REQUEST		request_2	1688398545609	1688398546246	KO	j.n.c.ClosedChannelException
REQUEST		request_2	1688398545610	1688398546246	KO	j.n.c.ClosedChannelException
REQUEST		request_0	1688398544605	1688398546246	KO	j.n.c.ClosedChannelException
REQUEST		request_6	1688398545612	1688398546246	KO	j.n.c.ClosedChannelException
USER	UserList1	END	1688398546246
USER	UserList1	END	1688398546246
REQUEST		request_0	1688398544600	1688398546247	KO	j.n.c.ClosedChannelException
REQUEST		request_0	1688398544604	1688398546247	KO	j.n.c.ClosedChannelException
REQUEST		request_3	1688398545610	1688398546247	KO	j.n.c.ClosedChannelException
REQUEST		request_0	1688398544608	1688398546247	KO	j.n.c.ClosedChannelException
USER	UserList1	END	1688398546248
USER	UserList1	END	1688398546248
USER	UserList1	END	1688398546248
REQUEST		request_6	1688398545659	1688398546249	KO	j.n.c.ClosedChannelException
REQUEST		request_6	1688398545615	1688398546254	KO	j.n.c.ClosedChannelException
REQUEST		request_6	1688398545614	1688398546256	KO	j.n.c.ClosedChannelException
REQUEST		request_4	1688398545996	1688398546256	OK	 
REQUEST		request_7	1688398545796	1688398546257	OK	 
REQUEST		request_7	1688398545805	1688398546258	OK	 
USER	UserList1	END	1688398546258
REQUEST		request_7	1688398545805	1688398546258	OK	 
REQUEST		request_7	1688398545808	1688398546258	OK	 
REQUEST		request_7	1688398545814	1688398546259	OK	 
REQUEST		request_7	1688398545822	1688398546259	OK	 
REQUEST		request_7	1688398545850	1688398546259	OK	 
REQUEST		request_0	1688398544603	1688398546260	KO	j.n.c.ClosedChannelException
USER	UserList1	END	1688398546260
REQUEST		request_8	1688398545944	1688398546260	OK	 
REQUEST		request_8	1688398545957	1688398546261	OK	 
REQUEST		request_8	1688398545956	1688398546261	OK	 
REQUEST		request_8	1688398545962	1688398546262	OK	 
REQUEST		request_8	1688398545961	1688398546262	OK	 
REQUEST		request_8	1688398545958	1688398546263	OK	 
REQUEST		request_8	1688398545965	1688398546263	OK	 
REQUEST		request_8	1688398545991	1688398546263	OK	 
REQUEST		request_0	1688398544587	1688398546264	KO	j.n.c.ClosedChannelException
USER	UserList1	END	1688398546264
REQUEST		request_8	1688398545990	1688398546264	OK	 
REQUEST		request_8	1688398545997	1688398546265	OK	 
REQUEST		request_3	1688398545611	1688398546265	KO	j.n.c.ClosedChannelException
REQUEST		request_7	1688398545906	1688398546265	OK	 
REQUEST		request_7	1688398545913	1688398546265	OK	 
REQUEST		request_2	1688398545665	1688398546266	KO	j.n.c.ClosedChannelException
REQUEST		request_7	1688398545932	1688398546266	OK	 
REQUEST		request_7	1688398545926	1688398546266	OK	 
REQUEST		request_7	1688398545935	1688398546267	OK	 
REQUEST		request_7	1688398545935	1688398546267	OK	 
REQUEST		request_6	1688398545610	1688398546267	KO	j.n.c.ClosedChannelException
REQUEST		request_7	1688398545931	1688398546267	OK	 
REQUEST		request_7	1688398545942	1688398546267	OK	 
REQUEST		request_7	1688398545943	1688398546268	OK	 
REQUEST		request_7	1688398545951	1688398546268	OK	 
USER	UserList1	END	1688398546269
REQUEST		request_7	1688398545943	1688398546269	OK	 
REQUEST		request_6	1688398545610	1688398546270	KO	j.n.c.ClosedChannelException
REQUEST		request_2	1688398545673	1688398546270	OK	 
REQUEST		request_3	1688398545612	1688398546270	KO	j.n.c.ClosedChannelException
REQUEST		request_7	1688398545957	1688398546270	OK	 
REQUEST		request_7	1688398545955	1688398546270	OK	 
REQUEST		request_7	1688398545962	1688398546270	OK	 
REQUEST		request_7	1688398545961	1688398546271	OK	 
REQUEST		request_7	1688398545958	1688398546271	OK	 
REQUEST		request_7	1688398545964	1688398546271	OK	 
REQUEST		request_7	1688398545991	1688398546272	OK	 
REQUEST		request_7	1688398545990	1688398546272	OK	 
REQUEST		request_7	1688398545997	1688398546273	OK	 
USER	UserList1	END	1688398546274
USER	UserList1	END	1688398546274
REQUEST		request_3	1688398545641	1688398546277	KO	j.n.c.ClosedChannelException
REQUEST		request_0	1688398544606	1688398546279	KO	j.n.c.ClosedChannelException
REQUEST		request_0	1688398544598	1688398546279	KO	j.n.c.ClosedChannelException
USER	UserList1	END	1688398546279
USER	UserList1	END	1688398546279
REQUEST		request_0	1688398544587	1688398546281	KO	j.n.c.ClosedChannelException
REQUEST		request_6	1688398545611	1688398546281	KO	j.n.c.ClosedChannelException
REQUEST		request_3	1688398545609	1688398546281	KO	j.n.c.ClosedChannelException
USER	UserList1	END	1688398546282
REQUEST		request_3	1688398545609	1688398546283	KO	j.n.c.ClosedChannelException
REQUEST		request_6	1688398545610	1688398546283	KO	j.n.c.ClosedChannelException
REQUEST		request_6	1688398545660	1688398546283	KO	j.n.c.ClosedChannelException
REQUEST		request_2	1688398545611	1688398546285	KO	j.n.c.ClosedChannelException
REQUEST		request_6	1688398545674	1688398546286	KO	j.n.c.ClosedChannelException
REQUEST		request_3	1688398545644	1688398546295	KO	j.n.c.ClosedChannelException
REQUEST		request_0	1688398544600	1688398546296	KO	j.n.c.ClosedChannelException
USER	UserList1	END	1688398546296
REQUEST		request_0	1688398544598	1688398546297	KO	j.n.c.ClosedChannelException
USER	UserList1	END	1688398546297
USER	UserList1	END	1688398546297
REQUEST		request_0	1688398544604	1688398546299	KO	j.n.c.ClosedChannelException
USER	UserList1	END	1688398546299
REQUEST		request_3 Redirect 1	1688398546169	1688398546300	OK	 
REQUEST		request_6	1688398545610	1688398546301	KO	j.n.c.ClosedChannelException
REQUEST		request_3	1688398545794	1688398546301	OK	 
USER	UserList1	END	1688398546303
USER	UserList1	END	1688398546303
REQUEST		request_3	1688398545611	1688398546305	KO	j.n.c.ClosedChannelException
REQUEST		request_0	1688398544601	1688398546315	KO	j.n.c.ClosedChannelException
REQUEST		request_0	1688398544599	1688398546315	KO	j.n.c.ClosedChannelException
REQUEST		request_6	1688398545612	1688398546315	KO	j.n.c.ClosedChannelException
USER	UserList1	END	1688398546315
USER	UserList1	END	1688398546316
REQUEST		request_0	1688398544598	1688398546317	KO	j.n.c.ClosedChannelException
USER	UserList1	END	1688398546317
USER	UserList1	END	1688398546317
REQUEST		request_2	1688398545658	1688398546320	KO	j.n.c.ClosedChannelException
REQUEST		request_6	1688398545610	1688398546321	KO	j.n.c.ClosedChannelException
REQUEST		request_0	1688398544607	1688398546330	KO	j.n.c.ClosedChannelException
REQUEST		request_0	1688398544603	1688398546330	KO	j.n.c.ClosedChannelException
REQUEST		request_3	1688398545674	1688398546331	KO	j.n.c.ClosedChannelException
USER	UserList1	END	1688398546331
USER	UserList1	END	1688398546331
REQUEST		request_0	1688398544600	1688398546331	KO	j.n.c.ClosedChannelException
REQUEST		request_0	1688398544604	1688398546331	KO	j.n.c.ClosedChannelException
REQUEST		request_0	1688398544587	1688398546331	KO	j.n.c.ClosedChannelException
USER	UserList1	END	1688398546331
USER	UserList1	END	1688398546331
USER	UserList1	END	1688398546331
USER	UserList1	END	1688398546332
REQUEST		request_0	1688398544587	1688398546333	KO	j.n.c.ClosedChannelException
USER	UserList1	END	1688398546333
REQUEST		request_6	1688398545666	1688398546334	KO	j.n.c.ClosedChannelException
REQUEST		request_6	1688398545610	1688398546336	KO	j.n.c.ClosedChannelException
REQUEST		request_0	1688398544598	1688398546366	KO	j.n.c.ClosedChannelException
USER	UserList1	END	1688398546366
REQUEST		request_0	1688398544605	1688398546368	KO	j.n.c.ClosedChannelException
USER	UserList1	END	1688398546368
REQUEST		request_0	1688398544596	1688398546380	KO	j.n.c.ClosedChannelException
USER	UserList1	END	1688398546380
REQUEST		request_3	1688398545821	1688398546382	KO	j.n.c.ClosedChannelException
REQUEST		request_2	1688398545803	1688398546382	OK	 
REQUEST		request_0	1688398544587	1688398546387	KO	j.n.c.ClosedChannelException
USER	UserList1	END	1688398546387
REQUEST		request_3	1688398545812	1688398546392	OK	 
REQUEST		request_6	1688398545849	1688398546395	OK	 
REQUEST		request_6	1688398545803	1688398546401	KO	j.n.c.ClosedChannelException
REQUEST		request_3	1688398545803	1688398546403	KO	j.n.c.ClosedChannelException
REQUEST		request_6	1688398545804	1688398546403	KO	j.n.c.ClosedChannelException
REQUEST		request_2	1688398545803	1688398546406	KO	j.n.c.ClosedChannelException
REQUEST		request_6	1688398545821	1688398546414	KO	j.n.c.ClosedChannelException
REQUEST		request_0	1688398544599	1688398546416	KO	j.n.c.ClosedChannelException
USER	UserList1	END	1688398546417
REQUEST		request_2	1688398545803	1688398546426	KO	j.n.c.ClosedChannelException
REQUEST		request_2	1688398545812	1688398546429	OK	 
REQUEST		request_2	1688398545848	1688398546429	KO	j.n.c.ClosedChannelException
REQUEST		request_3 Redirect 1	1688398546302	1688398546430	OK	 
REQUEST		request_0	1688398544603	1688398546433	KO	j.n.c.ClosedChannelException
USER	UserList1	END	1688398546433
REQUEST		request_3	1688398545803	1688398546443	KO	j.n.c.ClosedChannelException
USER	UserList1	END	1688398546445
REQUEST		request_3	1688398545848	1688398546447	KO	j.n.c.ClosedChannelException
USER	UserList1	END	1688398546449
REQUEST		request_6	1688398545804	1688398546462	KO	j.n.c.ClosedChannelException
USER	UserList1	END	1688398546464
REQUEST		request_6	1688398545614	1688398546470	KO	j.n.c.ClosedChannelException
REQUEST		request_2	1688398545609	1688398546472	KO	j.n.c.ClosedChannelException
USER	UserList1	END	1688398546473
REQUEST		request_3	1688398545665	1688398546484	OK	 
REQUEST		request_2	1688398545943	1688398546488	KO	j.n.c.ClosedChannelException
REQUEST		request_3	1688398545934	1688398546488	KO	j.n.c.ClosedChannelException
REQUEST		request_2	1688398545942	1688398546489	KO	j.n.c.ClosedChannelException
REQUEST		request_6	1688398545934	1688398546491	KO	j.n.c.ClosedChannelException
REQUEST		request_6	1688398545925	1688398546491	KO	j.n.c.ClosedChannelException
REQUEST		request_3	1688398545609	1688398546494	KO	j.n.c.ClosedChannelException
REQUEST		request_6	1688398545611	1688398546495	KO	j.n.c.ClosedChannelException
USER	UserList1	END	1688398546496
REQUEST		request_3	1688398545960	1688398546503	KO	j.n.c.ClosedChannelException
REQUEST		request_2	1688398545911	1688398546503	KO	j.n.c.ClosedChannelException
REQUEST		request_3	1688398545613	1688398546503	OK	 
USER	UserList1	END	1688398546505
REQUEST		request_3	1688398545942	1688398546512	KO	j.n.c.ClosedChannelException
REQUEST		request_2	1688398545611	1688398546512	KO	j.n.c.ClosedChannelException
REQUEST		request_2	1688398545929	1688398546512	KO	j.n.c.ClosedChannelException
REQUEST		request_6	1688398545929	1688398546513	KO	j.n.c.ClosedChannelException
REQUEST		request_3 Redirect 1	1688398546392	1688398546513	OK	 
USER	UserList1	END	1688398546514
USER	UserList1	END	1688398546514
REQUEST		request_2	1688398545944	1688398546514	KO	j.n.c.ClosedChannelException
REQUEST		request_0	1688398544587	1688398546514	OK	 
REQUEST		request_6	1688398545932	1688398546514	KO	j.n.c.ClosedChannelException
REQUEST		request_2	1688398545903	1688398546515	KO	j.n.c.ClosedChannelException
REQUEST		request_2	1688398545611	1688398546523	KO	j.n.c.ClosedChannelException
REQUEST		request_6	1688398545963	1688398546525	KO	j.n.c.ClosedChannelException
USER	UserList1	END	1688398546525
REQUEST		request_3	1688398545610	1688398546528	KO	j.n.c.ClosedChannelException
USER	UserList1	END	1688398546529
REQUEST		request_4	1688398546520	1688398546533	OK	 
REQUEST		request_6	1688398545941	1688398546534	KO	j.n.c.ClosedChannelException
REQUEST		request_6	1688398545942	1688398546534	KO	j.n.c.ClosedChannelException
REQUEST		request_2	1688398545941	1688398546534	KO	j.n.c.ClosedChannelException
REQUEST		request_8	1688398546520	1688398546535	OK	 
USER	UserList1	END	1688398546536
REQUEST		request_7	1688398546520	1688398546537	OK	 
REQUEST		request_3 Redirect 1	1688398546484	1688398546605	OK	 
USER	UserList1	END	1688398546607
REQUEST		request_3	1688398545803	1688398546614	OK	 
REQUEST		request_10	1688398546518	1688398546630	OK	 
REQUEST		request_3 Redirect 1	1688398546504	1688398546636	OK	 
USER	UserList1	END	1688398546637
REQUEST		request_1	1688398546518	1688398546637	OK	 
REQUEST		request_6	1688398545795	1688398546639	OK	 
REQUEST		request_5	1688398546515	1688398546640	OK	 
REQUEST		request_11	1688398546518	1688398546641	OK	 
REQUEST		request_0	1688398544587	1688398546668	OK	 
REQUEST		request_2	1688398545794	1688398546673	OK	 
USER	UserList1	END	1688398546675
REQUEST		request_4	1688398546670	1688398546680	OK	 
REQUEST		request_8	1688398546671	1688398546681	OK	 
REQUEST		request_7	1688398546671	1688398546682	OK	 
REQUEST		request_9	1688398546517	1688398546682	OK	 
REQUEST		request_3	1688398545925	1688398546720	OK	 
REQUEST		request_3	1688398545951	1688398546725	OK	 
REQUEST		request_3 Redirect 1	1688398546614	1688398546731	OK	 
USER	UserList1	END	1688398546733
REQUEST		request_3	1688398545615	1688398546750	OK	 
REQUEST		request_2	1688398545928	1688398546760	OK	 
REQUEST		request_6	1688398545912	1688398546760	OK	 
REQUEST		request_3	1688398545946	1688398546771	OK	 
REQUEST		request_3	1688398545929	1688398546773	OK	 
REQUEST		request_3	1688398545911	1688398546775	OK	 
REQUEST		request_6	1688398545904	1688398546775	OK	 
REQUEST		request_10	1688398546669	1688398546795	OK	 
REQUEST		request_11	1688398546669	1688398546798	OK	 
REQUEST		request_1	1688398546670	1688398546799	OK	 
REQUEST		request_3	1688398545931	1688398546805	OK	 
REQUEST		request_2	1688398545820	1688398546809	OK	 
USER	UserList1	END	1688398546810
REQUEST		request_5	1688398546668	1688398546813	OK	 
REQUEST		request_2	1688398545933	1688398546817	OK	 
USER	UserList1	END	1688398546819
REQUEST		request_3	1688398545941	1688398546829	OK	 
REQUEST		request_9	1688398546669	1688398546834	OK	 
REQUEST		request_3 Redirect 1	1688398546720	1688398546841	OK	 
REQUEST		request_3 Redirect 1	1688398546725	1688398546849	OK	 
REQUEST		request_3 Redirect 1	1688398546750	1688398546870	OK	 
REQUEST		request_3 Redirect 1	1688398546773	1688398546894	OK	 
USER	UserList1	END	1688398546896
REQUEST		request_3 Redirect 1	1688398546775	1688398546897	OK	 
USER	UserList1	END	1688398546899
REQUEST		request_3 Redirect 1	1688398546771	1688398546912	OK	 
USER	UserList1	END	1688398546913
REQUEST		request_3 Redirect 1	1688398546805	1688398546931	OK	 
REQUEST		request_3 Redirect 1	1688398546830	1688398546947	OK	 
USER	UserList1	END	1688398546949
REQUEST		request_3	1688398546519	1688398546956	OK	 
REQUEST		request_3 Redirect 1	1688398546956	1688398547082	OK	 
REQUEST		request_2	1688398545609	1688398547150	OK	 
USER	UserList1	END	1688398547152
REQUEST		request_2	1688398545931	1688398547221	OK	 
USER	UserList1	END	1688398547223
REQUEST		request_6	1688398545813	1688398547261	OK	 
USER	UserList1	END	1688398547263
REQUEST		request_3	1688398545904	1688398547282	OK	 
REQUEST		request_3 Redirect 1	1688398547282	1688398547414	OK	 
USER	UserList1	END	1688398547415
REQUEST		request_3	1688398545963	1688398547454	OK	 
REQUEST		request_2	1688398545641	1688398547471	OK	 
REQUEST		request_2	1688398545609	1688398547509	OK	 
REQUEST		request_2	1688398545610	1688398547510	OK	 
REQUEST		request_2	1688398545609	1688398547510	OK	 
USER	UserList1	END	1688398547510
USER	UserList1	END	1688398547511
USER	UserList1	END	1688398547511
REQUEST		request_2	1688398545988	1688398547512	OK	 
USER	UserList1	END	1688398547515
REQUEST		request_2	1688398546670	1688398547545	OK	 
REQUEST		request_3	1688398546670	1688398547561	OK	 
REQUEST		request_3 Redirect 1	1688398547455	1688398547581	OK	 
USER	UserList1	END	1688398547582
REQUEST		request_6	1688398546670	1688398547618	OK	 
REQUEST		request_3 Redirect 1	1688398547561	1688398547695	OK	 
USER	UserList1	END	1688398547697
REQUEST		request_0	1688398544587	1688398547749	OK	 
REQUEST		request_4	1688398547752	1688398547761	OK	 
REQUEST		request_8	1688398547752	1688398547762	OK	 
REQUEST		request_7	1688398547752	1688398547763	OK	 
REQUEST		request_3	1688398545947	1688398547864	OK	 
REQUEST		request_0	1688398544599	1688398547865	OK	 
REQUEST		request_0	1688398544601	1688398547865	OK	 
REQUEST		request_0	1688398544600	1688398547865	OK	 
REQUEST		request_1	1688398547751	1688398547867	OK	 
REQUEST		request_5	1688398547750	1688398547870	OK	 
REQUEST		request_10	1688398547751	1688398547871	OK	 
REQUEST		request_11	1688398547751	1688398547878	OK	 
REQUEST		request_4	1688398547868	1688398547879	OK	 
REQUEST		request_0	1688398544601	1688398547880	OK	 
REQUEST		request_0	1688398544599	1688398547881	OK	 
REQUEST		request_2	1688398545943	1688398547881	OK	 
REQUEST		request_2	1688398545946	1688398547881	OK	 
USER	UserList1	END	1688398547884
REQUEST		request_4	1688398547868	1688398547888	OK	 
REQUEST		request_0	1688398544604	1688398547898	OK	 
REQUEST		request_6	1688398545951	1688398547898	OK	 
REQUEST		request_9	1688398547750	1688398547899	OK	 
USER	UserList1	END	1688398547900
REQUEST		request_4	1688398547868	1688398547906	OK	 
REQUEST		request_8	1688398547868	1688398547909	OK	 
REQUEST		request_8	1688398547868	1688398547909	OK	 
REQUEST		request_8	1688398547868	1688398547909	OK	 
REQUEST		request_0	1688398544601	1688398547913	OK	 
REQUEST		request_0	1688398544587	1688398547918	OK	 
REQUEST		request_4	1688398547884	1688398547923	OK	 
REQUEST		request_4	1688398547884	1688398547932	OK	 
REQUEST		request_4	1688398547901	1688398547942	OK	 
REQUEST		request_8	1688398547885	1688398547944	OK	 
REQUEST		request_8	1688398547885	1688398547944	OK	 
REQUEST		request_8	1688398547902	1688398547945	OK	 
REQUEST		request_4	1688398547915	1688398547953	OK	 
REQUEST		request_4	1688398547921	1688398547968	OK	 
REQUEST		request_7	1688398547868	1688398547969	OK	 
REQUEST		request_7	1688398547868	1688398547969	OK	 
REQUEST		request_7	1688398547868	1688398547969	OK	 
REQUEST		request_8	1688398547916	1688398547970	OK	 
REQUEST		request_8	1688398547921	1688398547970	OK	 
REQUEST		request_7	1688398547885	1688398547970	OK	 
REQUEST		request_7	1688398547885	1688398547971	OK	 
REQUEST		request_7	1688398547902	1688398547971	OK	 
REQUEST		request_7	1688398547915	1688398547971	OK	 
REQUEST		request_7	1688398547921	1688398547971	OK	 
REQUEST		request_5	1688398547866	1688398547977	OK	 
REQUEST		request_10	1688398547866	1688398547979	OK	 
REQUEST		request_5	1688398547866	1688398547979	OK	 
REQUEST		request_1	1688398547867	1688398547986	OK	 
REQUEST		request_3 Redirect 1	1688398547864	1688398547989	OK	 
REQUEST		request_1	1688398547867	1688398547990	OK	 
USER	UserList1	END	1688398547991
REQUEST		request_1	1688398547867	1688398547992	OK	 
REQUEST		request_5	1688398547882	1688398548000	OK	 
REQUEST		request_1	1688398547883	1688398548003	OK	 
REQUEST		request_5	1688398547866	1688398548003	OK	 
REQUEST		request_1	1688398547883	1688398548005	OK	 
REQUEST		request_5	1688398547882	1688398548008	OK	 
REQUEST		request_10	1688398547883	1688398548010	OK	 
REQUEST		request_10	1688398547900	1688398548013	OK	 
REQUEST		request_10	1688398547866	1688398548014	OK	 
REQUEST		request_10	1688398547883	1688398548016	OK	 
REQUEST		request_10	1688398547867	1688398548016	OK	 
REQUEST		request_2	1688398546519	1688398548018	OK	 
REQUEST		request_9	1688398547866	1688398548018	OK	 
REQUEST		request_6	1688398545931	1688398548020	OK	 
USER	UserList1	END	1688398548021
REQUEST		request_1	1688398547900	1688398548025	OK	 
REQUEST		request_5	1688398547899	1688398548025	OK	 
REQUEST		request_6	1688398546519	1688398548026	OK	 
USER	UserList1	END	1688398548028
REQUEST		request_5	1688398547913	1688398548028	OK	 
REQUEST		request_5	1688398547919	1688398548032	OK	 
REQUEST		request_1	1688398547914	1688398548034	OK	 
REQUEST		request_1	1688398547920	1688398548038	OK	 
REQUEST		request_11	1688398547867	1688398548040	OK	 
REQUEST		request_11	1688398547920	1688398548045	OK	 
REQUEST		request_10	1688398547914	1688398548051	OK	 
REQUEST		request_10	1688398547919	1688398548052	OK	 
REQUEST		request_9	1688398547919	1688398548068	OK	 
REQUEST		request_11	1688398547867	1688398548071	OK	 
REQUEST		request_11	1688398547914	1688398548073	OK	 
REQUEST		request_11	1688398547900	1688398548075	OK	 
REQUEST		request_11	1688398547883	1688398548075	OK	 
REQUEST		request_11	1688398547883	1688398548077	OK	 
REQUEST		request_11	1688398547867	1688398548077	OK	 
REQUEST		request_9	1688398547900	1688398548092	OK	 
REQUEST		request_9	1688398547866	1688398548097	OK	 
REQUEST		request_9	1688398547914	1688398548097	OK	 
REQUEST		request_9	1688398547883	1688398548098	OK	 
REQUEST		request_9	1688398547882	1688398548101	OK	 
REQUEST		request_9	1688398547866	1688398548102	OK	 
REQUEST		request_3	1688398547752	1688398548245	OK	 
REQUEST		request_6	1688398547752	1688398548253	OK	 
REQUEST		request_2	1688398547867	1688398548367	OK	 
REQUEST		request_3 Redirect 1	1688398548245	1688398548367	OK	 
REQUEST		request_6	1688398547868	1688398548369	OK	 
REQUEST		request_3	1688398547867	1688398548384	OK	 
REQUEST		request_3	1688398547884	1688398548387	OK	 
REQUEST		request_3	1688398547867	1688398548388	OK	 
REQUEST		request_2	1688398547901	1688398548407	OK	 
REQUEST		request_6	1688398547867	1688398548418	OK	 
REQUEST		request_2	1688398547884	1688398548430	OK	 
REQUEST		request_6	1688398547901	1688398548431	OK	 
REQUEST		request_6	1688398547867	1688398548433	OK	 
REQUEST		request_2	1688398547867	1688398548434	OK	 
REQUEST		request_6	1688398547884	1688398548440	OK	 
REQUEST		request_2	1688398547915	1688398548451	OK	 
REQUEST		request_3 Redirect 1	1688398548385	1688398548516	OK	 
REQUEST		request_3 Redirect 1	1688398548387	1688398548520	OK	 
REQUEST		request_3 Redirect 1	1688398548388	1688398548527	OK	 
USER	UserList1	END	1688398548528
REQUEST		request_3	1688398547915	1688398548697	OK	 
REQUEST		request_3	1688398547901	1688398548735	OK	 
REQUEST		request_3	1688398547884	1688398548783	OK	 
REQUEST		request_3	1688398547920	1688398548819	OK	 
REQUEST		request_3 Redirect 1	1688398548698	1688398548823	OK	 
REQUEST		request_6	1688398547884	1688398548824	OK	 
REQUEST		request_2	1688398547883	1688398548824	OK	 
USER	UserList1	END	1688398548826
REQUEST		request_6	1688398547920	1688398548855	OK	 
REQUEST		request_3 Redirect 1	1688398548735	1688398548863	OK	 
USER	UserList1	END	1688398548864
REQUEST		request_3 Redirect 1	1688398548784	1688398548921	OK	 
USER	UserList1	END	1688398548924
REQUEST		request_3 Redirect 1	1688398548819	1688398548944	OK	 
REQUEST		request_0	1688398544601	1688398549090	OK	 
REQUEST		request_4	1688398549093	1688398549102	OK	 
REQUEST		request_8	1688398549093	1688398549104	OK	 
REQUEST		request_7	1688398549093	1688398549104	OK	 
REQUEST		request_0	1688398544587	1688398549111	OK	 
REQUEST		request_4	1688398549114	1688398549123	OK	 
REQUEST		request_8	1688398549114	1688398549124	OK	 
REQUEST		request_7	1688398549114	1688398549125	OK	 
REQUEST		request_0	1688398544600	1688398549126	OK	 
REQUEST		request_4	1688398549128	1688398549138	OK	 
REQUEST		request_8	1688398549129	1688398549139	OK	 
REQUEST		request_7	1688398549129	1688398549139	OK	 
REQUEST		request_0	1688398544599	1688398549145	OK	 
REQUEST		request_0	1688398544601	1688398549146	OK	 
REQUEST		request_4	1688398549147	1688398549157	OK	 
REQUEST		request_4	1688398549148	1688398549166	OK	 
REQUEST		request_8	1688398549148	1688398549167	OK	 
REQUEST		request_8	1688398549149	1688398549168	OK	 
REQUEST		request_7	1688398549148	1688398549169	OK	 
REQUEST		request_7	1688398549149	1688398549169	OK	 
REQUEST		request_0	1688398544601	1688398549171	OK	 
REQUEST		request_4	1688398549175	1688398549186	OK	 
REQUEST		request_8	1688398549175	1688398549186	OK	 
REQUEST		request_7	1688398549175	1688398549187	OK	 
REQUEST		request_6	1688398545642	1688398549189	OK	 
USER	UserList1	END	1688398549191
REQUEST		request_1	1688398549092	1688398549201	OK	 
REQUEST		request_10	1688398549091	1688398549202	OK	 
REQUEST		request_11	1688398549092	1688398549209	OK	 
REQUEST		request_5	1688398549091	1688398549213	OK	 
REQUEST		request_5	1688398549111	1688398549237	OK	 
REQUEST		request_11	1688398549127	1688398549248	OK	 
REQUEST		request_10	1688398549112	1688398549249	OK	 
REQUEST		request_10	1688398549127	1688398549250	OK	 
REQUEST		request_5	1688398549127	1688398549256	OK	 
REQUEST		request_0	1688398544588	1688398549256	OK	 
REQUEST		request_1	1688398549112	1688398549257	OK	 
REQUEST		request_1	1688398549128	1688398549259	OK	 
REQUEST		request_9	1688398549091	1688398549260	OK	 
REQUEST		request_5	1688398549146	1688398549261	OK	 
REQUEST		request_5	1688398549147	1688398549264	OK	 
REQUEST		request_1	1688398549147	1688398549266	OK	 
REQUEST		request_1	1688398549148	1688398549268	OK	 
REQUEST		request_11	1688398549112	1688398549268	OK	 
REQUEST		request_4	1688398549259	1688398549268	OK	 
REQUEST		request_8	1688398549259	1688398549270	OK	 
REQUEST		request_7	1688398549259	1688398549270	OK	 
REQUEST		request_9	1688398549127	1688398549279	OK	 
REQUEST		request_10	1688398549147	1688398549279	OK	 
REQUEST		request_10	1688398549146	1688398549286	OK	 
REQUEST		request_2	1688398547751	1688398549296	OK	 
USER	UserList1	END	1688398549298
REQUEST		request_1	1688398549174	1688398549301	OK	 
REQUEST		request_10	1688398549174	1688398549304	OK	 
REQUEST		request_11	1688398549174	1688398549304	OK	 
REQUEST		request_11	1688398549146	1688398549307	OK	 
REQUEST		request_9	1688398549146	1688398549322	OK	 
REQUEST		request_9	1688398549112	1688398549325	OK	 
REQUEST		request_9	1688398549147	1688398549331	OK	 
REQUEST		request_11	1688398549147	1688398549336	OK	 
REQUEST		request_9	1688398549174	1688398549346	OK	 
REQUEST		request_5	1688398549172	1688398549360	OK	 
REQUEST		request_2	1688398547867	1688398549365	OK	 
USER	UserList1	END	1688398549369
REQUEST		request_10	1688398549257	1688398549374	OK	 
REQUEST		request_5	1688398549257	1688398549380	OK	 
REQUEST		request_11	1688398549258	1688398549384	OK	 
REQUEST		request_1	1688398549258	1688398549386	OK	 
REQUEST		request_3	1688398547867	1688398549386	OK	 
REQUEST		request_9	1688398549257	1688398549424	OK	 
REQUEST		request_6	1688398547915	1688398549459	OK	 
USER	UserList1	END	1688398549461
REQUEST		request_2	1688398545925	1688398549463	OK	 
USER	UserList1	END	1688398549464
REQUEST		request_2	1688398547920	1688398549491	OK	 
USER	UserList1	END	1688398549492
REQUEST		request_0	1688398544600	1688398549493	OK	 
REQUEST		request_4	1688398549495	1688398549507	OK	 
REQUEST		request_8	1688398549497	1688398549509	OK	 
REQUEST		request_7	1688398549495	1688398549514	OK	 
REQUEST		request_3 Redirect 1	1688398549386	1688398549514	OK	 
USER	UserList1	END	1688398549516
REQUEST		request_2	1688398545995	1688398549523	OK	 
USER	UserList1	END	1688398549524
REQUEST		request_2	1688398549112	1688398549598	OK	 
REQUEST		request_3	1688398549147	1688398549604	OK	 
REQUEST		request_3	1688398549092	1688398549609	OK	 
REQUEST		request_10	1688398549494	1688398549611	OK	 
REQUEST		request_6	1688398549128	1688398549616	OK	 
REQUEST		request_3	1688398549175	1688398549618	OK	 
REQUEST		request_11	1688398549494	1688398549619	OK	 
REQUEST		request_3	1688398549128	1688398549623	OK	 
REQUEST		request_1	1688398549494	1688398549624	OK	 
REQUEST		request_5	1688398549493	1688398549629	OK	 
REQUEST		request_2	1688398549148	1688398549631	OK	 
REQUEST		request_3	1688398549113	1688398549633	OK	 
REQUEST		request_2	1688398549128	1688398549640	OK	 
REQUEST		request_6	1688398549113	1688398549641	OK	 
REQUEST		request_3	1688398549148	1688398549643	OK	 
REQUEST		request_2	1688398549092	1688398549648	OK	 
REQUEST		request_9	1688398549494	1688398549648	OK	 
REQUEST		request_6	1688398549093	1688398549651	OK	 
REQUEST		request_6	1688398549147	1688398549672	OK	 
REQUEST		request_6	1688398549148	1688398549674	OK	 
REQUEST		request_6	1688398549175	1688398549732	OK	 
REQUEST		request_3 Redirect 1	1688398549604	1688398549732	OK	 
REQUEST		request_3 Redirect 1	1688398549610	1688398549733	OK	 
USER	UserList1	END	1688398549735
REQUEST		request_3 Redirect 1	1688398549624	1688398549747	OK	 
USER	UserList1	END	1688398549748
REQUEST		request_3 Redirect 1	1688398549619	1688398549755	OK	 
REQUEST		request_3 Redirect 1	1688398549633	1688398549756	OK	 
USER	UserList1	END	1688398549758
REQUEST		request_3 Redirect 1	1688398549643	1688398549767	OK	 
USER	UserList1	END	1688398549769
REQUEST		request_6	1688398549495	1688398550024	OK	 
REQUEST		request_2	1688398549495	1688398550031	OK	 
REQUEST		request_3	1688398549495	1688398550054	OK	 
REQUEST		request_3	1688398545658	1688398550208	OK	 
REQUEST		request_2	1688398545609	1688398550224	OK	 
USER	UserList1	END	1688398550225
REQUEST		request_3	1688398545614	1688398550233	OK	 
REQUEST		request_2	1688398545615	1688398550246	OK	 
USER	UserList1	END	1688398550247
REQUEST		request_3 Redirect 1	1688398550208	1688398550473	OK	 
USER	UserList1	END	1688398550475
REQUEST		request_3 Redirect 1	1688398550233	1688398550475	OK	 
USER	UserList1	END	1688398550476
REQUEST		request_3 Redirect 1	1688398550054	1688398550597	OK	 
USER	UserList1	END	1688398550599
REQUEST		request_3	1688398549258	1688398550763	OK	 
REQUEST		request_2	1688398549174	1688398550764	OK	 
USER	UserList1	END	1688398550765
REQUEST		request_2	1688398549258	1688398550783	OK	 
REQUEST		request_6	1688398549258	1688398550806	OK	 
REQUEST		request_3 Redirect 1	1688398550763	1688398550950	OK	 
USER	UserList1	END	1688398550951
REQUEST		request_2	1688398549147	1688398552712	OK	 
USER	UserList1	END	1688398552713
