RUN	lomap.UserList1	userlist1	1688398497065	 	3.9.5
USER	UserList1	START	1688398498183
USER	UserList1	START	1688398498184
USER	UserList1	START	1688398498183
USER	UserList1	START	1688398498183
USER	UserList1	START	1688398498184
USER	UserList1	START	1688398498184
USER	UserList1	START	1688398498184
USER	UserList1	START	1688398498184
USER	UserList1	START	1688398498185
USER	UserList1	START	1688398498185
USER	UserList1	START	1688398498185
USER	UserList1	START	1688398498185
USER	UserList1	START	1688398498185
USER	UserList1	START	1688398498185
USER	UserList1	START	1688398498185
USER	UserList1	START	1688398498185
USER	UserList1	START	1688398498185
USER	UserList1	START	1688398498185
USER	UserList1	START	1688398498186
USER	UserList1	START	1688398498186
USER	UserList1	START	1688398498186
USER	UserList1	START	1688398498186
USER	UserList1	START	1688398498186
USER	UserList1	START	1688398498186
USER	UserList1	START	1688398498186
USER	UserList1	START	1688398498187
USER	UserList1	START	1688398498187
USER	UserList1	START	1688398498187
USER	UserList1	START	1688398498187
USER	UserList1	START	1688398498187
USER	UserList1	START	1688398498187
USER	UserList1	START	1688398498187
USER	UserList1	START	1688398498187
USER	UserList1	START	1688398498187
USER	UserList1	START	1688398498188
USER	UserList1	START	1688398498188
USER	UserList1	START	1688398498188
USER	UserList1	START	1688398498188
USER	UserList1	START	1688398498188
USER	UserList1	START	1688398498188
USER	UserList1	START	1688398498188
USER	UserList1	START	1688398498188
USER	UserList1	START	1688398498188
USER	UserList1	START	1688398498188
USER	UserList1	START	1688398498188
USER	UserList1	START	1688398498189
USER	UserList1	START	1688398498189
USER	UserList1	START	1688398498189
USER	UserList1	START	1688398498189
USER	UserList1	START	1688398498190
REQUEST		request_0	1688398498186	1688398498670	OK	 
REQUEST		request_0	1688398498174	1688398498669	OK	 
REQUEST		request_0	1688398498184	1688398498669	OK	 
REQUEST		request_0	1688398498174	1688398498675	OK	 
REQUEST		request_0	1688398498188	1688398498670	OK	 
REQUEST		request_0	1688398498184	1688398498674	OK	 
REQUEST		request_0	1688398498185	1688398498670	OK	 
REQUEST		request_0	1688398498174	1688398498712	OK	 
REQUEST		request_0	1688398498174	1688398498753	OK	 
REQUEST		request_0	1688398498187	1688398499024	OK	 
REQUEST		request_0	1688398498174	1688398499024	OK	 
REQUEST		request_0	1688398498188	1688398499025	OK	 
REQUEST		request_0	1688398498188	1688398499042	OK	 
REQUEST		request_0	1688398498174	1688398499043	OK	 
REQUEST		request_0	1688398498174	1688398499043	OK	 
REQUEST		request_0	1688398498184	1688398499045	OK	 
REQUEST		request_0	1688398498186	1688398499045	OK	 
REQUEST		request_0	1688398498174	1688398499047	OK	 
REQUEST		request_0	1688398498187	1688398499061	OK	 
REQUEST		request_0	1688398498174	1688398499064	OK	 
REQUEST		request_0	1688398498186	1688398499064	OK	 
REQUEST		request_0	1688398498186	1688398499070	OK	 
REQUEST		request_0	1688398498174	1688398499100	OK	 
REQUEST		request_0	1688398498187	1688398499120	OK	 
REQUEST		request_0	1688398498188	1688398499199	OK	 
REQUEST		request_4	1688398499186	1688398499209	OK	 
REQUEST		request_0	1688398498185	1688398499211	OK	 
REQUEST		request_4	1688398499193	1688398499217	OK	 
REQUEST		request_0	1688398498187	1688398499218	OK	 
REQUEST		request_0	1688398498185	1688398499222	OK	 
REQUEST		request_0	1688398498179	1688398499223	OK	 
REQUEST		request_0	1688398498187	1688398499224	OK	 
REQUEST		request_0	1688398498174	1688398499229	OK	 
REQUEST		request_4	1688398499193	1688398499230	OK	 
REQUEST		request_4	1688398499187	1688398499241	OK	 
REQUEST		request_4	1688398499186	1688398499251	OK	 
REQUEST		request_4	1688398499190	1688398499261	OK	 
REQUEST		request_4	1688398499194	1688398499274	OK	 
REQUEST		request_4	1688398499198	1688398499287	OK	 
REQUEST		request_4	1688398499198	1688398499294	OK	 
REQUEST		request_4	1688398499186	1688398499312	OK	 
REQUEST		request_4	1688398499190	1688398499318	OK	 
REQUEST		request_1	1688398499181	1688398499329	OK	 
REQUEST		request_1	1688398499183	1688398499329	OK	 
REQUEST		request_1	1688398499181	1688398499336	OK	 
REQUEST		request_1	1688398499183	1688398499336	OK	 
REQUEST		request_1	1688398499184	1688398499329	OK	 
REQUEST		request_1	1688398499184	1688398499329	OK	 
REQUEST		request_1	1688398499184	1688398499329	OK	 
REQUEST		request_1	1688398499182	1688398499329	OK	 
REQUEST		request_1	1688398499181	1688398499339	OK	 
REQUEST		request_1	1688398499184	1688398499329	OK	 
REQUEST		request_1	1688398499182	1688398499329	OK	 
REQUEST		request_1	1688398499181	1688398499329	OK	 
REQUEST		request_1	1688398499182	1688398499339	OK	 
REQUEST		request_1	1688398499183	1688398499330	OK	 
REQUEST		request_1	1688398499181	1688398499341	OK	 
REQUEST		request_1	1688398499181	1688398499341	OK	 
REQUEST		request_1	1688398499181	1688398499342	OK	 
REQUEST		request_4	1688398499190	1688398499343	OK	 
REQUEST		request_1	1688398499181	1688398499343	OK	 
REQUEST		request_4	1688398499186	1688398499345	OK	 
REQUEST		request_4	1688398499190	1688398499348	OK	 
REQUEST		request_1	1688398499184	1688398499350	OK	 
REQUEST		request_8	1688398499194	1688398499359	OK	 
REQUEST		request_8	1688398499194	1688398499361	OK	 
REQUEST		request_8	1688398499199	1688398499361	OK	 
REQUEST		request_1	1688398499182	1688398499362	OK	 
REQUEST		request_8	1688398499192	1688398499363	OK	 
REQUEST		request_8	1688398499192	1688398499363	OK	 
REQUEST		request_8	1688398499195	1688398499364	OK	 
REQUEST		request_1	1688398499183	1688398499364	OK	 
REQUEST		request_4	1688398499186	1688398499364	OK	 
REQUEST		request_1	1688398499183	1688398499365	OK	 
REQUEST		request_1	1688398499222	1688398499367	OK	 
REQUEST		request_1	1688398499227	1688398499380	OK	 
REQUEST		request_10	1688398499182	1688398499387	OK	 
REQUEST		request_11	1688398499182	1688398499389	OK	 
REQUEST		request_5	1688398498732	1688398499384	OK	 
REQUEST		request_5	1688398499026	1688398499386	OK	 
REQUEST		request_5	1688398499072	1688398499385	OK	 
REQUEST		request_5	1688398498732	1688398499386	OK	 
REQUEST		request_5	1688398499225	1688398499385	OK	 
REQUEST		request_5	1688398499045	1688398499391	OK	 
REQUEST		request_5	1688398499233	1688398499386	OK	 
REQUEST		request_5	1688398498732	1688398499387	OK	 
REQUEST		request_11	1688398499180	1688398499392	OK	 
REQUEST		request_5	1688398499047	1688398499387	OK	 
REQUEST		request_5	1688398498732	1688398499387	OK	 
REQUEST		request_5	1688398498732	1688398499387	OK	 
REQUEST		request_5	1688398499048	1688398499387	OK	 
REQUEST		request_5	1688398498732	1688398499388	OK	 
REQUEST		request_10	1688398499180	1688398499392	OK	 
REQUEST		request_5	1688398499026	1688398499387	OK	 
REQUEST		request_5	1688398498755	1688398499388	OK	 
REQUEST		request_4	1688398499191	1688398499392	OK	 
REQUEST		request_5	1688398499065	1688398499388	OK	 
REQUEST		request_5	1688398498732	1688398499388	OK	 
REQUEST		request_5	1688398499026	1688398499388	OK	 
REQUEST		request_5	1688398499045	1688398499387	OK	 
REQUEST		request_5	1688398499225	1688398499388	OK	 
REQUEST		request_10	1688398499183	1688398499394	OK	 
REQUEST		request_1	1688398499230	1688398499394	OK	 
REQUEST		request_1	1688398499227	1688398499394	OK	 
REQUEST		request_8	1688398499193	1688398499393	OK	 
REQUEST		request_11	1688398499180	1688398499395	OK	 
REQUEST		request_10	1688398499180	1688398499396	OK	 
REQUEST		request_10	1688398499181	1688398499396	OK	 
REQUEST		request_8	1688398499191	1688398499397	OK	 
REQUEST		request_5	1688398499065	1688398499389	OK	 
REQUEST		request_11	1688398499180	1688398499399	OK	 
REQUEST		request_11	1688398499184	1688398499399	OK	 
REQUEST		request_5	1688398499122	1688398499389	OK	 
REQUEST		request_5	1688398499228	1688398499403	OK	 
REQUEST		request_8	1688398499193	1688398499403	OK	 
REQUEST		request_10	1688398499183	1688398499404	OK	 
REQUEST		request_10	1688398499181	1688398499403	OK	 
REQUEST		request_11	1688398499180	1688398499405	OK	 
REQUEST		request_11	1688398499184	1688398499406	OK	 
REQUEST		request_11	1688398499180	1688398499406	OK	 
REQUEST		request_1	1688398499215	1688398499406	OK	 
REQUEST		request_10	1688398499182	1688398499407	OK	 
REQUEST		request_11	1688398499181	1688398499407	OK	 
REQUEST		request_11	1688398499184	1688398499408	OK	 
REQUEST		request_10	1688398499180	1688398499408	OK	 
REQUEST		request_10	1688398499183	1688398499409	OK	 
REQUEST		request_11	1688398499183	1688398499409	OK	 
REQUEST		request_11	1688398499180	1688398499409	OK	 
REQUEST		request_5	1688398499220	1688398499409	OK	 
REQUEST		request_10	1688398499180	1688398499409	OK	 
REQUEST		request_5	1688398499101	1688398499388	OK	 
REQUEST		request_5	1688398499046	1688398499410	OK	 
REQUEST		request_8	1688398499199	1688398499410	OK	 
REQUEST		request_1	1688398499183	1688398499412	OK	 
REQUEST		request_10	1688398499180	1688398499412	OK	 
REQUEST		request_10	1688398499180	1688398499413	OK	 
REQUEST		request_1	1688398499235	1688398499392	OK	 
REQUEST		request_8	1688398499191	1688398499413	OK	 
REQUEST		request_1	1688398499203	1688398499413	OK	 
REQUEST		request_1	1688398499183	1688398499392	OK	 
REQUEST		request_5	1688398499212	1688398499413	OK	 
REQUEST		request_4	1688398499187	1688398499410	OK	 
REQUEST		request_10	1688398499182	1688398499413	OK	 
REQUEST		request_11	1688398499181	1688398499413	OK	 
REQUEST		request_8	1688398499198	1688398499414	OK	 
REQUEST		request_10	1688398499181	1688398499414	OK	 
REQUEST		request_5	1688398498732	1688398499414	OK	 
REQUEST		request_10	1688398499182	1688398499415	OK	 
REQUEST		request_4	1688398499193	1688398499415	OK	 
REQUEST		request_11	1688398499183	1688398499416	OK	 
REQUEST		request_11	1688398499183	1688398499416	OK	 
REQUEST		request_9	1688398499179	1688398499416	OK	 
REQUEST		request_9	1688398499179	1688398499416	OK	 
REQUEST		request_5	1688398499044	1688398499416	OK	 
REQUEST		request_10	1688398499180	1688398499417	OK	 
REQUEST		request_5	1688398499201	1688398499417	OK	 
REQUEST		request_8	1688398499192	1688398499417	OK	 
REQUEST		request_10	1688398499229	1688398499417	OK	 
REQUEST		request_9	1688398499179	1688398499418	OK	 
REQUEST		request_10	1688398499180	1688398499418	OK	 
REQUEST		request_9	1688398499179	1688398499418	OK	 
REQUEST		request_11	1688398499183	1688398499418	OK	 
REQUEST		request_11	1688398499227	1688398499419	OK	 
REQUEST		request_11	1688398499181	1688398499419	OK	 
REQUEST		request_11	1688398499181	1688398499419	OK	 
REQUEST		request_8	1688398499193	1688398499419	OK	 
REQUEST		request_10	1688398499202	1688398499420	OK	 
REQUEST		request_10	1688398499226	1688398499421	OK	 
REQUEST		request_5	1688398499064	1688398499421	OK	 
REQUEST		request_10	1688398499221	1688398499422	OK	 
REQUEST		request_10	1688398499183	1688398499423	OK	 
REQUEST		request_11	1688398499227	1688398499423	OK	 
REQUEST		request_9	1688398499178	1688398499424	OK	 
REQUEST		request_11	1688398499203	1688398499424	OK	 
REQUEST		request_4	1688398499195	1688398499424	OK	 
REQUEST		request_11	1688398499184	1688398499425	OK	 
REQUEST		request_9	1688398499178	1688398499426	OK	 
REQUEST		request_4	1688398499214	1688398499426	OK	 
REQUEST		request_11	1688398499235	1688398499426	OK	 
REQUEST		request_11	1688398499182	1688398499427	OK	 
REQUEST		request_10	1688398499214	1688398499428	OK	 
REQUEST		request_9	1688398499226	1688398499428	OK	 
REQUEST		request_10	1688398499183	1688398499430	OK	 
REQUEST		request_10	1688398499226	1688398499430	OK	 
REQUEST		request_9	1688398499179	1688398499433	OK	 
REQUEST		request_9	1688398499179	1688398499434	OK	 
REQUEST		request_9	1688398499179	1688398499434	OK	 
REQUEST		request_4	1688398499220	1688398499435	OK	 
REQUEST		request_11	1688398499221	1688398499439	OK	 
REQUEST		request_9	1688398499179	1688398499441	OK	 
REQUEST		request_11	1688398499214	1688398499442	OK	 
REQUEST		request_9	1688398499229	1688398499443	OK	 
REQUEST		request_9	1688398499178	1688398499443	OK	 
REQUEST		request_9	1688398499179	1688398499444	OK	 
REQUEST		request_4	1688398499195	1688398499444	OK	 
REQUEST		request_11	1688398499230	1688398499444	OK	 
REQUEST		request_9	1688398499179	1688398499447	OK	 
REQUEST		request_9	1688398499179	1688398499449	OK	 
REQUEST		request_9	1688398499179	1688398499449	OK	 
REQUEST		request_9	1688398499225	1688398499449	OK	 
REQUEST		request_4	1688398499187	1688398499453	OK	 
REQUEST		request_9	1688398499179	1688398499455	OK	 
REQUEST		request_9	1688398499179	1688398499456	OK	 
REQUEST		request_9	1688398499179	1688398499456	OK	 
REQUEST		request_4	1688398499224	1688398499467	OK	 
REQUEST		request_9	1688398499179	1688398499468	OK	 
REQUEST		request_9	1688398499213	1688398499471	OK	 
REQUEST		request_4	1688398499186	1688398499471	OK	 
REQUEST		request_9	1688398499202	1688398499477	OK	 
REQUEST		request_4	1688398499186	1688398499481	OK	 
REQUEST		request_0	1688398498174	1688398499489	OK	 
REQUEST		request_9	1688398499234	1688398499491	OK	 
REQUEST		request_9	1688398499179	1688398499493	OK	 
REQUEST		request_4	1688398499230	1688398499493	OK	 
REQUEST		request_4	1688398499235	1688398499502	OK	 
REQUEST		request_8	1688398499194	1688398499504	OK	 
REQUEST		request_8	1688398499194	1688398499504	OK	 
REQUEST		request_8	1688398499190	1688398499504	OK	 
REQUEST		request_8	1688398499190	1688398499504	OK	 
REQUEST		request_8	1688398499217	1688398499505	OK	 
REQUEST		request_8	1688398499214	1688398499505	OK	 
REQUEST		request_0	1688398498174	1688398499505	OK	 
REQUEST		request_8	1688398499221	1688398499506	OK	 
REQUEST		request_8	1688398499221	1688398499506	OK	 
REQUEST		request_0	1688398498179	1688398499507	OK	 
REQUEST		request_0	1688398498175	1688398499507	OK	 
REQUEST		request_8	1688398499190	1688398499507	OK	 
REQUEST		request_8	1688398499225	1688398499508	OK	 
REQUEST		request_8	1688398499191	1688398499508	OK	 
REQUEST		request_8	1688398499194	1688398499509	OK	 
REQUEST		request_8	1688398499233	1688398499510	OK	 
REQUEST		request_0	1688398498186	1688398499512	OK	 
REQUEST		request_0	1688398498188	1688398499513	OK	 
REQUEST		request_0	1688398498186	1688398499517	OK	 
REQUEST		request_0	1688398498188	1688398499520	OK	 
REQUEST		request_4	1688398499229	1688398499523	OK	 
REQUEST		request_0	1688398498174	1688398499525	OK	 
REQUEST		request_0	1688398498174	1688398499525	OK	 
REQUEST		request_11	1688398499183	1688398499525	OK	 
REQUEST		request_10	1688398499180	1688398499526	OK	 
REQUEST		request_0	1688398498174	1688398499528	OK	 
REQUEST		request_11	1688398499182	1688398499529	OK	 
REQUEST		request_11	1688398499180	1688398499529	OK	 
REQUEST		request_0	1688398498179	1688398499530	OK	 
REQUEST		request_11	1688398499180	1688398499532	OK	 
REQUEST		request_0	1688398498174	1688398499534	OK	 
REQUEST		request_10	1688398499182	1688398499536	OK	 
REQUEST		request_0	1688398498174	1688398499537	OK	 
REQUEST		request_0	1688398498174	1688398499537	OK	 
REQUEST		request_4	1688398499236	1688398499539	OK	 
REQUEST		request_10	1688398499180	1688398499541	OK	 
REQUEST		request_0	1688398498188	1688398499547	OK	 
REQUEST		request_0	1688398498189	1688398499550	OK	 
REQUEST		request_0	1688398498174	1688398499554	OK	 
REQUEST		request_4	1688398499494	1688398499563	OK	 
REQUEST		request_4	1688398499237	1688398499563	OK	 
REQUEST		request_7	1688398499191	1688398499564	OK	 
REQUEST		request_7	1688398499192	1688398499566	OK	 
REQUEST		request_7	1688398499198	1688398499567	OK	 
REQUEST		request_9	1688398499178	1688398499568	OK	 
REQUEST		request_7	1688398499190	1688398499576	OK	 
REQUEST		request_7	1688398499192	1688398499579	OK	 
REQUEST		request_7	1688398499193	1688398499579	OK	 
REQUEST		request_10	1688398499234	1688398499580	OK	 
REQUEST		request_8	1688398499238	1688398499580	OK	 
REQUEST		request_8	1688398499230	1688398499582	OK	 
REQUEST		request_9	1688398499220	1688398499582	OK	 
REQUEST		request_7	1688398499190	1688398499583	OK	 
REQUEST		request_8	1688398499235	1688398499584	OK	 
REQUEST		request_10	1688398499180	1688398499584	OK	 
REQUEST		request_7	1688398499187	1688398499576	OK	 
REQUEST		request_7	1688398499193	1688398499575	OK	 
REQUEST		request_7	1688398499192	1688398499576	OK	 
REQUEST		request_8	1688398499237	1688398499576	OK	 
REQUEST		request_7	1688398499198	1688398499587	OK	 
REQUEST		request_7	1688398499191	1688398499588	OK	 
REQUEST		request_7	1688398499191	1688398499576	OK	 
REQUEST		request_0	1688398498184	1688398499589	OK	 
REQUEST		request_9	1688398499179	1688398499589	OK	 
REQUEST		request_9	1688398499179	1688398499591	OK	 
REQUEST		request_4	1688398499511	1688398499592	OK	 
REQUEST		request_7	1688398499197	1688398499595	OK	 
REQUEST		request_9	1688398499179	1688398499602	OK	 
REQUEST		request_7	1688398499193	1688398499602	OK	 
REQUEST		request_4	1688398499511	1688398499603	OK	 
REQUEST		request_7	1688398499191	1688398499607	OK	 
REQUEST		request_1	1688398499492	1688398499611	OK	 
REQUEST		request_4	1688398499513	1688398499611	OK	 
REQUEST		request_11	1688398499492	1688398499618	OK	 
REQUEST		request_5	1688398499490	1688398499624	OK	 
REQUEST		request_4	1688398499518	1688398499625	OK	 
REQUEST		request_1	1688398499510	1688398499632	OK	 
REQUEST		request_1	1688398499510	1688398499633	OK	 
REQUEST		request_1	1688398499510	1688398499634	OK	 
REQUEST		request_4	1688398499520	1688398499634	OK	 
REQUEST		request_10	1688398499491	1688398499635	OK	 
REQUEST		request_1	1688398499515	1688398499639	OK	 
REQUEST		request_5	1688398499508	1688398499644	OK	 
REQUEST		request_4	1688398499526	1688398499644	OK	 
REQUEST		request_1	1688398499518	1688398499645	OK	 
REQUEST		request_10	1688398499509	1688398499646	OK	 
REQUEST		request_5	1688398499526	1688398499646	OK	 
REQUEST		request_5	1688398499526	1688398499651	OK	 
REQUEST		request_1	1688398499529	1688398499651	OK	 
REQUEST		request_1	1688398499528	1688398499651	OK	 
REQUEST		request_1	1688398499528	1688398499655	OK	 
REQUEST		request_4	1688398499530	1688398499657	OK	 
REQUEST		request_5	1688398499507	1688398499660	OK	 
REQUEST		request_9	1688398499491	1688398499661	OK	 
REQUEST		request_11	1688398499509	1688398499662	OK	 
REQUEST		request_1	1688398499538	1688398499664	OK	 
REQUEST		request_1	1688398499521	1688398499665	OK	 
REQUEST		request_5	1688398499518	1688398499668	OK	 
REQUEST		request_4	1688398499531	1688398499676	OK	 
REQUEST		request_4	1688398499531	1688398499678	OK	 
REQUEST		request_10	1688398499519	1688398499678	OK	 
REQUEST		request_1	1688398499538	1688398499678	OK	 
REQUEST		request_5	1688398499515	1688398499678	OK	 
REQUEST		request_5	1688398499508	1688398499678	OK	 
REQUEST		request_10	1688398499537	1688398499679	OK	 
REQUEST		request_10	1688398499509	1688398499679	OK	 
REQUEST		request_1	1688398499548	1688398499679	OK	 
REQUEST		request_10	1688398499527	1688398499679	OK	 
REQUEST		request_5	1688398499513	1688398499681	OK	 
REQUEST		request_10	1688398499514	1688398499682	OK	 
REQUEST		request_5	1688398499536	1688398499682	OK	 
REQUEST		request_1	1688398499554	1688398499683	OK	 
REQUEST		request_11	1688398499528	1688398499683	OK	 
REQUEST		request_1	1688398499540	1688398499683	OK	 
REQUEST		request_5	1688398499538	1688398499685	OK	 
REQUEST		request_10	1688398499517	1688398499686	OK	 
REQUEST		request_11	1688398499537	1688398499686	OK	 
REQUEST		request_10	1688398499527	1688398499686	OK	 
REQUEST		request_10	1688398499510	1688398499687	OK	 
REQUEST		request_1	1688398499542	1688398499686	OK	 
REQUEST		request_11	1688398499510	1688398499688	OK	 
REQUEST		request_11	1688398499517	1688398499688	OK	 
REQUEST		request_11	1688398499528	1688398499688	OK	 
REQUEST		request_5	1688398499537	1688398499688	OK	 
REQUEST		request_6	1688398499192	1688398499689	OK	 
REQUEST		request_9	1688398499508	1688398499689	OK	 
REQUEST		request_4	1688398499539	1688398499692	OK	 
REQUEST		request_11	1688398499515	1688398499694	OK	 
REQUEST		request_5	1688398499524	1688398499696	OK	 
REQUEST		request_11	1688398499509	1688398499698	OK	 
REQUEST		request_11	1688398499547	1688398499702	OK	 
REQUEST		request_11	1688398499527	1688398499702	OK	 
REQUEST		request_10	1688398499539	1688398499706	OK	 
REQUEST		request_10	1688398499538	1688398499707	OK	 
REQUEST		request_11	1688398499540	1688398499707	OK	 
REQUEST		request_4	1688398499542	1688398499708	OK	 
REQUEST		request_3	1688398499186	1688398499702	OK	 
REQUEST		request_2	1688398499185	1688398499708	OK	 
REQUEST		request_5	1688398499552	1688398499709	OK	 
REQUEST		request_8	1688398499495	1688398499709	OK	 
REQUEST		request_7	1688398499193	1688398499710	OK	 
REQUEST		request_7	1688398499216	1688398499710	OK	 
REQUEST		request_7	1688398499187	1688398499710	OK	 
REQUEST		request_7	1688398499214	1688398499711	OK	 
REQUEST		request_7	1688398499220	1688398499711	OK	 
REQUEST		request_7	1688398499220	1688398499711	OK	 
REQUEST		request_7	1688398499190	1688398499712	OK	 
REQUEST		request_5	1688398499540	1688398499712	OK	 
REQUEST		request_7	1688398499225	1688398499712	OK	 
REQUEST		request_10	1688398499527	1688398499712	OK	 
REQUEST		request_7	1688398499191	1688398499713	OK	 
REQUEST		request_7	1688398499192	1688398499713	OK	 
REQUEST		request_7	1688398499230	1688398499713	OK	 
REQUEST		request_5	1688398499580	1688398499714	OK	 
REQUEST		request_1	1688398499586	1688398499714	OK	 
REQUEST		request_10	1688398499542	1688398499714	OK	 
REQUEST		request_8	1688398499512	1688398499714	OK	 
REQUEST		request_8	1688398499512	1688398499714	OK	 
REQUEST		request_8	1688398499513	1688398499715	OK	 
REQUEST		request_8	1688398499518	1688398499715	OK	 
REQUEST		request_8	1688398499523	1688398499716	OK	 
REQUEST		request_8	1688398499530	1688398499716	OK	 
REQUEST		request_8	1688398499531	1688398499717	OK	 
REQUEST		request_8	1688398499532	1688398499717	OK	 
REQUEST		request_3	1688398499187	1688398499718	OK	 
REQUEST		request_11	1688398499554	1688398499718	OK	 
REQUEST		request_9	1688398499524	1688398499719	OK	 
REQUEST		request_8	1688398499540	1688398499719	OK	 
REQUEST		request_8	1688398499532	1688398499719	OK	 
REQUEST		request_5	1688398499590	1688398499721	OK	 
REQUEST		request_11	1688398499537	1688398499721	OK	 
REQUEST		request_9	1688398499518	1688398499722	OK	 
REQUEST		request_5	1688398499533	1688398499722	OK	 
REQUEST		request_1	1688398499596	1688398499723	OK	 
REQUEST		request_9	1688398499539	1688398499726	OK	 
REQUEST		request_1	1688398499596	1688398499733	OK	 
REQUEST		request_5	1688398499554	1688398499734	OK	 
REQUEST		request_9	1688398499509	1688398499735	OK	 
REQUEST		request_4	1688398499551	1688398499739	OK	 
REQUEST		request_10	1688398499592	1688398499741	OK	 
REQUEST		request_9	1688398499536	1688398499749	OK	 
REQUEST		request_10	1688398499582	1688398499749	OK	 
REQUEST		request_4	1688398499548	1688398499750	OK	 
REQUEST		request_11	1688398499585	1688398499750	OK	 
REQUEST		request_10	1688398499595	1688398499754	OK	 
REQUEST		request_9	1688398499516	1688398499754	OK	 
REQUEST		request_9	1688398499508	1688398499755	OK	 
REQUEST		request_11	1688398499596	1688398499755	OK	 
REQUEST		request_11	1688398499592	1688398499756	OK	 
REQUEST		request_11	1688398499542	1688398499755	OK	 
REQUEST		request_4	1688398499567	1688398499757	OK	 
REQUEST		request_11	1688398499519	1688398499758	OK	 
REQUEST		request_9	1688398499527	1688398499760	OK	 
REQUEST		request_9	1688398499591	1688398499762	OK	 
REQUEST		request_4	1688398499555	1688398499766	OK	 
REQUEST		request_9	1688398499527	1688398499768	OK	 
REQUEST		request_10	1688398499537	1688398499772	OK	 
REQUEST		request_4	1688398499588	1688398499776	OK	 
REQUEST		request_9	1688398499534	1688398499777	OK	 
REQUEST		request_10	1688398499553	1688398499777	OK	 
REQUEST		request_9	1688398499552	1688398499787	OK	 
REQUEST		request_4	1688398499597	1688398499790	OK	 
REQUEST		request_9	1688398499581	1688398499792	OK	 
REQUEST		request_9	1688398499541	1688398499801	OK	 
REQUEST		request_2	1688398499228	1688398499803	OK	 
REQUEST		request_4	1688398499598	1688398499803	OK	 
REQUEST		request_9	1688398499538	1688398499808	OK	 
REQUEST		request_9	1688398499590	1688398499811	OK	 
REQUEST		request_7	1688398499235	1688398499815	OK	 
REQUEST		request_7	1688398499230	1688398499816	OK	 
REQUEST		request_7	1688398499236	1688398499816	OK	 
REQUEST		request_7	1688398499237	1688398499817	OK	 
REQUEST		request_8	1688398499543	1688398499818	OK	 
REQUEST		request_8	1688398499551	1688398499818	OK	 
REQUEST		request_8	1688398499566	1688398499819	OK	 
REQUEST		request_8	1688398499583	1688398499820	OK	 
REQUEST		request_8	1688398499589	1688398499820	OK	 
REQUEST		request_8	1688398499566	1688398499821	OK	 
REQUEST		request_8	1688398499598	1688398499822	OK	 
REQUEST		request_8	1688398499598	1688398499823	OK	 
REQUEST		request_7	1688398499495	1688398499824	OK	 
REQUEST		request_7	1688398499512	1688398499825	OK	 
REQUEST		request_7	1688398499512	1688398499825	OK	 
REQUEST		request_7	1688398499513	1688398499826	OK	 
REQUEST		request_7	1688398499518	1688398499826	OK	 
REQUEST		request_7	1688398499520	1688398499826	OK	 
REQUEST		request_7	1688398499530	1688398499827	OK	 
REQUEST		request_7	1688398499530	1688398499827	OK	 
REQUEST		request_7	1688398499531	1688398499827	OK	 
REQUEST		request_7	1688398499532	1688398499828	OK	 
REQUEST		request_7	1688398499540	1688398499828	OK	 
REQUEST		request_7	1688398499543	1688398499829	OK	 
REQUEST		request_7	1688398499551	1688398499830	OK	 
REQUEST		request_7	1688398499548	1688398499830	OK	 
REQUEST		request_7	1688398499568	1688398499830	OK	 
REQUEST		request_7	1688398499589	1688398499831	OK	 
REQUEST		request_7	1688398499565	1688398499831	OK	 
REQUEST		request_7	1688398499598	1688398499831	OK	 
REQUEST		request_7	1688398499598	1688398499832	OK	 
REQUEST		request_3 Redirect 1	1688398499718	1688398499845	OK	 
REQUEST		request_2	1688398499231	1688398499847	KO	j.n.c.ClosedChannelException
REQUEST		request_3	1688398499543	1688398499845	KO	j.n.c.ClosedChannelException
REQUEST		request_3	1688398499543	1688398499849	KO	j.n.c.ClosedChannelException
REQUEST		request_6	1688398499186	1688398499849	KO	j.n.c.ClosedChannelException
REQUEST		request_6	1688398499186	1688398499854	KO	j.n.c.ClosedChannelException
REQUEST		request_3 Redirect 1	1688398499708	1688398499854	OK	 
REQUEST		request_2	1688398499185	1688398499856	OK	 
REQUEST		request_2	1688398499596	1688398499856	KO	j.n.c.ClosedChannelException
REQUEST		request_2	1688398499222	1688398499864	KO	j.n.c.ClosedChannelException
REQUEST		request_2	1688398499228	1688398499865	KO	j.n.c.ClosedChannelException
REQUEST		request_2	1688398499596	1688398499867	KO	j.n.c.ClosedChannelException
REQUEST		request_3	1688398499185	1688398499871	KO	j.n.c.ClosedChannelException
REQUEST		request_2	1688398499185	1688398499875	KO	j.n.c.ClosedChannelException
REQUEST		request_6	1688398499229	1688398499876	KO	j.n.c.ClosedChannelException
REQUEST		request_2	1688398499191	1688398499884	KO	j.n.c.ClosedChannelException
REQUEST		request_6	1688398499224	1688398499887	KO	j.n.c.ClosedChannelException
REQUEST		request_6	1688398499186	1688398499889	KO	j.n.c.ClosedChannelException
REQUEST		request_2	1688398499191	1688398499907	KO	j.n.c.ClosedChannelException
REQUEST		request_6	1688398499187	1688398499912	KO	j.n.c.ClosedChannelException
REQUEST		request_2	1688398499185	1688398499913	KO	j.n.c.ClosedChannelException
REQUEST		request_6	1688398499229	1688398499916	KO	j.n.c.ClosedChannelException
REQUEST		request_2	1688398499186	1688398499918	KO	j.n.c.ClosedChannelException
REQUEST		request_3	1688398499187	1688398499920	KO	j.n.c.ClosedChannelException
REQUEST		request_9	1688398499514	1688398499920	OK	 
REQUEST		request_3	1688398499493	1688398499929	OK	 
REQUEST		request_6	1688398499187	1688398499933	KO	j.n.c.ClosedChannelException
USER	UserList1	END	1688398499938
REQUEST		request_3	1688398499215	1688398499947	KO	j.n.c.ClosedChannelException
REQUEST		request_2	1688398499493	1688398499975	OK	 
REQUEST		request_2	1688398499510	1688398500011	OK	 
REQUEST		request_6	1688398499511	1688398500015	OK	 
REQUEST		request_6	1688398499494	1688398500022	OK	 
REQUEST		request_3	1688398499193	1688398500029	OK	 
REQUEST		request_2	1688398499510	1688398500033	OK	 
REQUEST		request_3	1688398499519	1688398500056	KO	j.n.c.ClosedChannelException
REQUEST		request_3 Redirect 1	1688398499930	1688398500057	OK	 
USER	UserList1	END	1688398500059
REQUEST		request_2	1688398499191	1688398500063	OK	 
REQUEST		request_6	1688398499185	1688398500071	KO	j.n.c.ClosedChannelException
REQUEST		request_2	1688398499185	1688398500072	KO	j.n.c.ClosedChannelException
REQUEST		request_6	1688398499588	1688398500072	OK	 
REQUEST		request_2	1688398499524	1688398500074	KO	j.n.c.ClosedChannelException
REQUEST		request_6	1688398499511	1688398500076	OK	 
REQUEST		request_2	1688398499185	1688398500088	KO	j.n.c.ClosedChannelException
REQUEST		request_2	1688398499185	1688398500088	KO	j.n.c.ClosedChannelException
REQUEST		request_6	1688398499530	1688398500088	KO	j.n.c.ClosedChannelException
REQUEST		request_6	1688398499186	1688398500090	KO	j.n.c.ClosedChannelException
REQUEST		request_6	1688398499525	1688398500091	KO	j.n.c.ClosedChannelException
REQUEST		request_3	1688398499529	1688398500092	KO	j.n.c.ClosedChannelException
REQUEST		request_2	1688398499516	1688398500094	KO	j.n.c.ClosedChannelException
REQUEST		request_3	1688398499511	1688398500096	KO	j.n.c.ClosedChannelException
REQUEST		request_3	1688398499186	1688398500096	OK	 
USER	UserList1	END	1688398500098
REQUEST		request_3	1688398499550	1688398500103	KO	j.n.c.ClosedChannelException
REQUEST		request_3	1688398499190	1688398500104	KO	j.n.c.ClosedChannelException
REQUEST		request_2	1688398499236	1688398500104	KO	j.n.c.ClosedChannelException
REQUEST		request_6	1688398499187	1688398500104	KO	j.n.c.ClosedChannelException
REQUEST		request_2	1688398499187	1688398500104	KO	j.n.c.ClosedChannelException
REQUEST		request_6	1688398499193	1688398500107	KO	j.n.c.ClosedChannelException
REQUEST		request_2	1688398499538	1688398500107	KO	j.n.c.ClosedChannelException
REQUEST		request_3	1688398499530	1688398500110	KO	j.n.c.ClosedChannelException
REQUEST		request_6	1688398499529	1688398500111	KO	j.n.c.ClosedChannelException
REQUEST		request_2	1688398499518	1688398500114	KO	j.n.c.ClosedChannelException
REQUEST		request_3	1688398499512	1688398500117	KO	j.n.c.ClosedChannelException
REQUEST		request_2	1688398499543	1688398500117	OK	 
REQUEST		request_3	1688398499511	1688398500119	KO	j.n.c.ClosedChannelException
REQUEST		request_6	1688398499185	1688398500119	KO	j.n.c.ClosedChannelException
REQUEST		request_2	1688398499543	1688398500119	KO	j.n.c.ClosedChannelException
REQUEST		request_6	1688398499187	1688398500119	KO	j.n.c.ClosedChannelException
REQUEST		request_2	1688398499587	1688398500119	KO	j.n.c.ClosedChannelException
REQUEST		request_3	1688398499185	1688398500120	KO	j.n.c.ClosedChannelException
REQUEST		request_3	1688398499555	1688398500120	KO	j.n.c.ClosedChannelException
USER	UserList1	END	1688398500121
REQUEST		request_3	1688398499541	1688398500123	KO	j.n.c.ClosedChannelException
REQUEST		request_6	1688398499550	1688398500124	KO	j.n.c.ClosedChannelException
REQUEST		request_6	1688398499193	1688398500126	KO	j.n.c.ClosedChannelException
REQUEST		request_6	1688398499539	1688398500127	KO	j.n.c.ClosedChannelException
REQUEST		request_2	1688398499530	1688398500130	KO	j.n.c.ClosedChannelException
REQUEST		request_3	1688398499525	1688398500131	KO	j.n.c.ClosedChannelException
USER	UserList1	END	1688398500132
REQUEST		request_3	1688398499228	1688398500136	KO	j.n.c.ClosedChannelException
REQUEST		request_3	1688398499191	1688398500136	KO	j.n.c.ClosedChannelException
REQUEST		request_6	1688398499597	1688398500136	KO	j.n.c.ClosedChannelException
USER	UserList1	END	1688398500138
REQUEST		request_3	1688398499236	1688398500140	KO	j.n.c.ClosedChannelException
REQUEST		request_3	1688398499228	1688398500140	KO	j.n.c.ClosedChannelException
REQUEST		request_3	1688398499223	1688398500140	KO	j.n.c.ClosedChannelException
USER	UserList1	END	1688398500142
REQUEST		request_2	1688398499228	1688398500142	KO	j.n.c.ClosedChannelException
REQUEST		request_3	1688398499185	1688398500144	KO	j.n.c.ClosedChannelException
REQUEST		request_6	1688398499541	1688398500144	KO	j.n.c.ClosedChannelException
USER	UserList1	END	1688398500145
REQUEST		request_3	1688398499186	1688398500147	KO	j.n.c.ClosedChannelException
REQUEST		request_2	1688398499192	1688398500147	KO	j.n.c.ClosedChannelException
REQUEST		request_2	1688398499540	1688398500147	KO	j.n.c.ClosedChannelException
REQUEST		request_2	1688398499549	1688398500147	KO	j.n.c.ClosedChannelException
REQUEST		request_3 Redirect 1	1688398500029	1688398500148	OK	 
USER	UserList1	END	1688398500149
USER	UserList1	END	1688398500149
REQUEST		request_3	1688398499193	1688398500149	KO	j.n.c.ClosedChannelException
REQUEST		request_3	1688398499186	1688398500150	KO	j.n.c.ClosedChannelException
REQUEST		request_6	1688398499597	1688398500155	KO	j.n.c.ClosedChannelException
REQUEST		request_3	1688398499596	1688398500156	KO	j.n.c.ClosedChannelException
USER	UserList1	END	1688398500158
REQUEST		request_3	1688398499185	1688398500159	KO	j.n.c.ClosedChannelException
REQUEST		request_2	1688398499185	1688398500160	KO	j.n.c.ClosedChannelException
REQUEST		request_6	1688398499192	1688398500160	KO	j.n.c.ClosedChannelException
REQUEST		request_2	1688398499511	1688398500160	KO	j.n.c.ClosedChannelException
REQUEST		request_3	1688398499234	1688398500160	KO	j.n.c.ClosedChannelException
USER	UserList1	END	1688398500162
USER	UserList1	END	1688398500162
REQUEST		request_2	1688398499190	1688398500164	KO	j.n.c.ClosedChannelException
REQUEST		request_6	1688398499190	1688398500164	KO	j.n.c.ClosedChannelException
REQUEST		request_6	1688398499186	1688398500164	KO	j.n.c.ClosedChannelException
REQUEST		request_3	1688398499186	1688398500164	KO	j.n.c.ClosedChannelException
REQUEST		request_3	1688398499186	1688398500164	KO	j.n.c.ClosedChannelException
REQUEST		request_6	1688398499530	1688398500164	KO	j.n.c.ClosedChannelException
REQUEST		request_2	1688398499213	1688398500165	KO	j.n.c.ClosedChannelException
USER	UserList1	END	1688398500166
USER	UserList1	END	1688398500166
REQUEST		request_3	1688398499185	1688398500167	KO	j.n.c.ClosedChannelException
REQUEST		request_2	1688398499528	1688398500169	KO	j.n.c.ClosedChannelException
REQUEST		request_3	1688398499517	1688398500169	KO	j.n.c.ClosedChannelException
REQUEST		request_3	1688398499539	1688398500170	KO	j.n.c.ClosedChannelException
USER	UserList1	END	1688398500171
USER	UserList1	END	1688398500172
REQUEST		request_6	1688398499543	1688398500175	KO	j.n.c.ClosedChannelException
REQUEST		request_3	1688398499597	1688398500175	KO	j.n.c.ClosedChannelException
REQUEST		request_3	1688398499192	1688398500176	KO	j.n.c.ClosedChannelException
USER	UserList1	END	1688398500177
REQUEST		request_6	1688398499234	1688398500178	KO	j.n.c.ClosedChannelException
REQUEST		request_3	1688398499192	1688398500178	KO	j.n.c.ClosedChannelException
REQUEST		request_6	1688398499555	1688398500178	KO	j.n.c.ClosedChannelException
USER	UserList1	END	1688398500179
USER	UserList1	END	1688398500182
REQUEST		request_2	1688398499185	1688398500183	KO	j.n.c.ClosedChannelException
REQUEST		request_2	1688398499187	1688398500183	KO	j.n.c.ClosedChannelException
USER	UserList1	END	1688398500183
REQUEST		request_6	1688398499186	1688398500184	KO	j.n.c.ClosedChannelException
REQUEST		request_3	1688398499193	1688398500186	KO	j.n.c.ClosedChannelException
REQUEST		request_3	1688398499191	1688398500186	KO	j.n.c.ClosedChannelException
USER	UserList1	END	1688398500186
REQUEST		request_6	1688398499517	1688398500187	KO	j.n.c.ClosedChannelException
USER	UserList1	END	1688398500188
REQUEST		request_2	1688398499185	1688398500193	KO	j.n.c.ClosedChannelException
REQUEST		request_6	1688398499229	1688398500194	KO	j.n.c.ClosedChannelException
USER	UserList1	END	1688398500195
REQUEST		request_6	1688398499236	1688398500195	KO	j.n.c.ClosedChannelException
REQUEST		request_3	1688398499228	1688398500195	KO	j.n.c.ClosedChannelException
USER	UserList1	END	1688398500195
USER	UserList1	END	1688398500196
REQUEST		request_2	1688398499185	1688398500198	KO	j.n.c.ClosedChannelException
USER	UserList1	END	1688398500198
USER	UserList1	END	1688398500199
REQUEST		request_2	1688398499555	1688398500199	KO	j.n.c.ClosedChannelException
REQUEST		request_6	1688398499544	1688398500200	KO	j.n.c.ClosedChannelException
USER	UserList1	END	1688398500201
USER	UserList1	END	1688398500202
REQUEST		request_6	1688398499192	1688398500202	KO	j.n.c.ClosedChannelException
USER	UserList1	END	1688398500203
REQUEST		request_6	1688398499194	1688398500204	KO	j.n.c.ClosedChannelException
USER	UserList1	END	1688398500206
REQUEST		request_6	1688398499186	1688398500210	KO	j.n.c.ClosedChannelException
REQUEST		request_2	1688398499529	1688398500211	KO	j.n.c.ClosedChannelException
REQUEST		request_3	1688398499530	1688398500211	KO	j.n.c.ClosedChannelException
USER	UserList1	END	1688398500211
USER	UserList1	END	1688398500212
USER	UserList1	END	1688398500212
REQUEST		request_3 Redirect 1	1688398500096	1688398500214	OK	 
USER	UserList1	END	1688398500216
REQUEST		request_2	1688398499185	1688398500222	KO	j.n.c.ClosedChannelException
USER	UserList1	END	1688398500223
REQUEST		request_6	1688398499216	1688398500269	OK	 
USER	UserList1	END	1688398500272
REQUEST		request_3	1688398499185	1688398500335	OK	 
REQUEST		request_6	1688398499195	1688398500357	OK	 
REQUEST		request_2	1688398499192	1688398500358	OK	 
USER	UserList1	END	1688398500360
REQUEST		request_3	1688398499190	1688398500378	OK	 
REQUEST		request_6	1688398499512	1688398500387	OK	 
USER	UserList1	END	1688398500388
REQUEST		request_2	1688398499192	1688398500399	OK	 
USER	UserList1	END	1688398500401
REQUEST		request_6	1688398499192	1688398500405	OK	 
REQUEST		request_3	1688398499191	1688398500406	OK	 
REQUEST		request_2	1688398499190	1688398500408	OK	 
USER	UserList1	END	1688398500410
REQUEST		request_6	1688398499193	1688398500410	OK	 
USER	UserList1	END	1688398500412
REQUEST		request_6	1688398499187	1688398500429	OK	 
USER	UserList1	END	1688398500431
REQUEST		request_3 Redirect 1	1688398500335	1688398500450	OK	 
USER	UserList1	END	1688398500451
REQUEST		request_2	1688398499185	1688398500468	OK	 
USER	UserList1	END	1688398500469
REQUEST		request_3	1688398499587	1688398500478	OK	 
REQUEST		request_6	1688398499519	1688398500489	OK	 
USER	UserList1	END	1688398500491
REQUEST		request_3 Redirect 1	1688398500407	1688398500551	OK	 
USER	UserList1	END	1688398500553
REQUEST		request_3 Redirect 1	1688398500378	1688398500554	OK	 
USER	UserList1	END	1688398500556
REQUEST		request_3 Redirect 1	1688398500478	1688398500610	OK	 
USER	UserList1	END	1688398500611
