RUN	lomap.UserList1	userlist1	1688398882071	 	3.9.5
USER	UserList1	START	1688398883186
USER	UserList1	START	1688398883263
USER	UserList1	START	1688398883360
USER	UserList1	START	1688398883455
USER	UserList1	START	1688398883567
USER	UserList1	START	1688398883663
REQUEST		request_0	1688398883184	1688398883711	OK	 
USER	UserList1	START	1688398883759
REQUEST		request_0	1688398883262	1688398883795	OK	 
REQUEST		request_0	1688398883358	1688398883848	OK	 
USER	UserList1	START	1688398883855
USER	UserList1	START	1688398883967
REQUEST		request_0	1688398883454	1688398883970	OK	 
USER	UserList1	START	1688398884061
REQUEST		request_0	1688398883566	1688398884083	OK	 
USER	UserList1	START	1688398884157
REQUEST		request_0	1688398883662	1688398884206	OK	 
REQUEST		request_4	1688398884206	1688398884218	OK	 
REQUEST		request_4	1688398884206	1688398884238	OK	 
REQUEST		request_4	1688398884206	1688398884245	OK	 
REQUEST		request_4	1688398884206	1688398884254	OK	 
REQUEST		request_4	1688398884206	1688398884264	OK	 
USER	UserList1	START	1688398884269
REQUEST		request_4	1688398884212	1688398884272	OK	 
REQUEST		request_8	1688398884207	1688398884274	OK	 
REQUEST		request_8	1688398884207	1688398884274	OK	 
REQUEST		request_8	1688398884207	1688398884274	OK	 
REQUEST		request_8	1688398884207	1688398884274	OK	 
REQUEST		request_8	1688398884207	1688398884275	OK	 
REQUEST		request_8	1688398884212	1688398884275	OK	 
REQUEST		request_7	1688398884212	1688398884278	OK	 
REQUEST		request_7	1688398884206	1688398884278	OK	 
REQUEST		request_7	1688398884206	1688398884278	OK	 
REQUEST		request_7	1688398884206	1688398884278	OK	 
REQUEST		request_7	1688398884206	1688398884278	OK	 
REQUEST		request_7	1688398884206	1688398884278	OK	 
REQUEST		request_0	1688398883758	1688398884281	OK	 
REQUEST		request_4	1688398884286	1688398884296	OK	 
REQUEST		request_8	1688398884286	1688398884298	OK	 
REQUEST		request_7	1688398884286	1688398884298	OK	 
REQUEST		request_1	1688398884202	1688398884329	OK	 
REQUEST		request_1	1688398884203	1688398884329	OK	 
REQUEST		request_1	1688398884202	1688398884334	OK	 
REQUEST		request_1	1688398884203	1688398884336	OK	 
REQUEST		request_11	1688398884202	1688398884348	OK	 
REQUEST		request_5	1688398883850	1688398884348	OK	 
REQUEST		request_10	1688398884202	1688398884350	OK	 
REQUEST		request_5	1688398884085	1688398884351	OK	 
REQUEST		request_5	1688398883740	1688398884351	OK	 
REQUEST		request_5	1688398884208	1688398884351	OK	 
REQUEST		request_1	1688398884210	1688398884355	OK	 
REQUEST		request_1	1688398884202	1688398884355	OK	 
REQUEST		request_5	1688398883797	1688398884355	OK	 
REQUEST		request_5	1688398883972	1688398884355	OK	 
REQUEST		request_11	1688398884202	1688398884356	OK	 
REQUEST		request_10	1688398884202	1688398884356	OK	 
USER	UserList1	START	1688398884363
REQUEST		request_0	1688398883854	1688398884365	OK	 
REQUEST		request_10	1688398884209	1688398884375	OK	 
REQUEST		request_10	1688398884202	1688398884378	OK	 
REQUEST		request_9	1688398884201	1688398884379	OK	 
REQUEST		request_10	1688398884202	1688398884380	OK	 
REQUEST		request_4	1688398884369	1688398884381	OK	 
REQUEST		request_8	1688398884370	1688398884382	OK	 
REQUEST		request_7	1688398884369	1688398884383	OK	 
REQUEST		request_10	1688398884202	1688398884386	OK	 
REQUEST		request_11	1688398884202	1688398884386	OK	 
REQUEST		request_11	1688398884209	1688398884389	OK	 
REQUEST		request_11	1688398884202	1688398884394	OK	 
REQUEST		request_11	1688398884202	1688398884394	OK	 
REQUEST		request_11	1688398884283	1688398884399	OK	 
REQUEST		request_5	1688398884282	1688398884400	OK	 
REQUEST		request_1	1688398884284	1688398884404	OK	 
REQUEST		request_10	1688398884283	1688398884414	OK	 
REQUEST		request_9	1688398884201	1688398884421	OK	 
REQUEST		request_9	1688398884208	1688398884448	OK	 
REQUEST		request_9	1688398884201	1688398884450	OK	 
REQUEST		request_9	1688398884283	1688398884452	OK	 
REQUEST		request_9	1688398884201	1688398884452	OK	 
REQUEST		request_9	1688398884201	1688398884458	OK	 
USER	UserList1	START	1688398884459
REQUEST		request_5	1688398884366	1688398884475	OK	 
REQUEST		request_1	1688398884368	1688398884483	OK	 
REQUEST		request_10	1688398884367	1688398884510	OK	 
REQUEST		request_0	1688398883966	1688398884517	OK	 
REQUEST		request_9	1688398884367	1688398884526	OK	 
REQUEST		request_4	1688398884521	1688398884532	OK	 
REQUEST		request_8	1688398884522	1688398884534	OK	 
REQUEST		request_7	1688398884522	1688398884536	OK	 
REQUEST		request_11	1688398884367	1688398884540	OK	 
USER	UserList1	START	1688398884571
REQUEST		request_0	1688398884060	1688398884636	OK	 
REQUEST		request_11	1688398884520	1688398884644	OK	 
REQUEST		request_1	1688398884520	1688398884646	OK	 
REQUEST		request_4	1688398884640	1688398884650	OK	 
REQUEST		request_3	1688398884205	1688398884648	OK	 
REQUEST		request_8	1688398884640	1688398884652	OK	 
REQUEST		request_7	1688398884640	1688398884653	OK	 
REQUEST		request_5	1688398884518	1688398884656	OK	 
REQUEST		request_10	1688398884519	1688398884660	OK	 
USER	UserList1	START	1688398884664
REQUEST		request_0	1688398884156	1688398884667	OK	 
REQUEST		request_3	1688398884205	1688398884676	OK	 
REQUEST		request_4	1688398884671	1688398884682	OK	 
REQUEST		request_8	1688398884672	1688398884683	OK	 
REQUEST		request_7	1688398884671	1688398884684	OK	 
REQUEST		request_3	1688398884205	1688398884685	OK	 
REQUEST		request_2	1688398884205	1688398884695	OK	 
REQUEST		request_6	1688398884205	1688398884697	OK	 
REQUEST		request_9	1688398884519	1688398884697	OK	 
REQUEST		request_2	1688398884204	1688398884713	OK	 
REQUEST		request_2	1688398884204	1688398884714	OK	 
REQUEST		request_6	1688398884205	1688398884714	OK	 
REQUEST		request_3	1688398884211	1688398884733	OK	 
REQUEST		request_2	1688398884205	1688398884734	OK	 
USER	UserList1	START	1688398884759
REQUEST		request_5	1688398884637	1688398884761	OK	 
REQUEST		request_11	1688398884638	1688398884762	OK	 
REQUEST		request_10	1688398884638	1688398884769	OK	 
REQUEST		request_1	1688398884639	1688398884775	OK	 
REQUEST		request_5	1688398884668	1688398884789	OK	 
REQUEST		request_1	1688398884670	1688398884790	OK	 
REQUEST		request_3 Redirect 1	1688398884651	1688398884790	OK	 
REQUEST		request_3 Redirect 1	1688398884685	1688398884801	OK	 
REQUEST		request_11	1688398884669	1688398884801	OK	 
REQUEST		request_3 Redirect 1	1688398884677	1688398884801	OK	 
REQUEST		request_9	1688398884638	1688398884807	OK	 
REQUEST		request_10	1688398884669	1688398884808	OK	 
REQUEST		request_6	1688398884285	1688398884811	OK	 
REQUEST		request_6	1688398884369	1688398884848	OK	 
REQUEST		request_3 Redirect 1	1688398884733	1688398884854	OK	 
USER	UserList1	START	1688398884871
REQUEST		request_9	1688398884669	1688398884874	OK	 
USER	UserList1	START	1688398884966
REQUEST		request_0	1688398884458	1688398884971	OK	 
REQUEST		request_3	1688398884521	1688398884980	OK	 
REQUEST		request_4	1688398884975	1688398884986	OK	 
REQUEST		request_8	1688398884975	1688398884987	OK	 
REQUEST		request_7	1688398884975	1688398884989	OK	 
REQUEST		request_2	1688398884520	1688398885007	OK	 
USER	UserList1	START	1688398885059
REQUEST		request_6	1688398884211	1688398885080	OK	 
REQUEST		request_5	1688398884972	1688398885085	OK	 
REQUEST		request_3	1688398884205	1688398885086	OK	 
REQUEST		request_11	1688398884973	1688398885087	OK	 
REQUEST		request_6	1688398884521	1688398885093	OK	 
REQUEST		request_1	1688398884973	1688398885094	OK	 
REQUEST		request_10	1688398884973	1688398885096	OK	 
REQUEST		request_3 Redirect 1	1688398884980	1688398885112	OK	 
USER	UserList1	END	1688398885117
REQUEST		request_2	1688398884639	1688398885116	OK	 
REQUEST		request_2	1688398884284	1688398885121	OK	 
REQUEST		request_9	1688398884973	1688398885121	OK	 
REQUEST		request_2	1688398884205	1688398885134	OK	 
REQUEST		request_3	1688398884205	1688398885162	OK	 
USER	UserList1	START	1688398885169
REQUEST		request_6	1688398884671	1688398885190	OK	 
REQUEST		request_3	1688398884369	1688398885195	OK	 
REQUEST		request_3 Redirect 1	1688398885087	1688398885211	OK	 
USER	UserList1	END	1688398885213
USER	UserList1	START	1688398885250
REQUEST		request_2	1688398884368	1688398885256	OK	 
REQUEST		request_0	1688398884759	1688398885308	OK	 
REQUEST		request_4	1688398885313	1688398885322	OK	 
REQUEST		request_8	1688398885313	1688398885324	OK	 
REQUEST		request_7	1688398885313	1688398885324	OK	 
REQUEST		request_3 Redirect 1	1688398885196	1688398885351	OK	 
REQUEST		request_3 Redirect 1	1688398885163	1688398885352	OK	 
USER	UserList1	END	1688398885354
USER	UserList1	END	1688398885354
REQUEST		request_0	1688398884870	1688398885359	OK	 
USER	UserList1	START	1688398885360
REQUEST		request_4	1688398885362	1688398885372	OK	 
REQUEST		request_0	1688398884571	1688398885373	OK	 
REQUEST		request_8	1688398885363	1688398885373	OK	 
REQUEST		request_7	1688398885362	1688398885374	OK	 
REQUEST		request_4	1688398885376	1688398885386	OK	 
REQUEST		request_8	1688398885377	1688398885387	OK	 
REQUEST		request_7	1688398885376	1688398885389	OK	 
REQUEST		request_2	1688398884211	1688398885429	OK	 
REQUEST		request_11	1688398885311	1688398885433	OK	 
USER	UserList1	END	1688398885434
REQUEST		request_1	1688398885311	1688398885438	OK	 
REQUEST		request_10	1688398885310	1688398885441	OK	 
USER	UserList1	START	1688398885453
REQUEST		request_5	1688398885309	1688398885455	OK	 
REQUEST		request_3	1688398884974	1688398885462	OK	 
REQUEST		request_0	1688398884965	1688398885465	OK	 
REQUEST		request_1	1688398885361	1688398885474	OK	 
REQUEST		request_4	1688398885468	1688398885478	OK	 
REQUEST		request_8	1688398885469	1688398885479	OK	 
REQUEST		request_7	1688398885468	1688398885480	OK	 
REQUEST		request_6	1688398884975	1688398885484	OK	 
REQUEST		request_1	1688398885375	1688398885484	OK	 
REQUEST		request_2	1688398884974	1688398885487	OK	 
REQUEST		request_10	1688398885361	1688398885495	OK	 
REQUEST		request_10	1688398885375	1688398885495	OK	 
REQUEST		request_11	1688398885375	1688398885495	OK	 
REQUEST		request_5	1688398885374	1688398885498	OK	 
REQUEST		request_9	1688398885310	1688398885499	OK	 
REQUEST		request_11	1688398885361	1688398885502	OK	 
REQUEST		request_5	1688398885360	1688398885508	OK	 
REQUEST		request_9	1688398885374	1688398885536	OK	 
USER	UserList1	START	1688398885564
REQUEST		request_6	1688398884205	1688398885564	OK	 
REQUEST		request_6	1688398884205	1688398885566	OK	 
USER	UserList1	END	1688398885566
USER	UserList1	END	1688398885568
REQUEST		request_9	1688398885360	1688398885573	OK	 
REQUEST		request_6	1688398884205	1688398885581	OK	 
REQUEST		request_1	1688398885467	1688398885580	OK	 
REQUEST		request_3	1688398884670	1688398885584	OK	 
USER	UserList1	END	1688398885586
REQUEST		request_3 Redirect 1	1688398885463	1688398885589	OK	 
REQUEST		request_10	1688398885467	1688398885589	OK	 
USER	UserList1	END	1688398885591
REQUEST		request_0	1688398884362	1688398885595	OK	 
REQUEST		request_5	1688398885466	1688398885596	OK	 
REQUEST		request_11	1688398885467	1688398885601	OK	 
REQUEST		request_4	1688398885598	1688398885609	OK	 
REQUEST		request_8	1688398885599	1688398885610	OK	 
REQUEST		request_7	1688398885599	1688398885610	OK	 
REQUEST		request_9	1688398885466	1688398885628	OK	 
REQUEST		request_2	1688398884670	1688398885645	OK	 
USER	UserList1	START	1688398885660
REQUEST		request_3 Redirect 1	1688398885584	1688398885706	OK	 
USER	UserList1	END	1688398885709
REQUEST		request_1	1688398885597	1688398885713	OK	 
REQUEST		request_10	1688398885597	1688398885715	OK	 
REQUEST		request_5	1688398885596	1688398885716	OK	 
REQUEST		request_0	1688398885169	1688398885717	OK	 
REQUEST		request_11	1688398885597	1688398885725	OK	 
REQUEST		request_4	1688398885720	1688398885732	OK	 
REQUEST		request_8	1688398885721	1688398885733	OK	 
REQUEST		request_7	1688398885720	1688398885734	OK	 
USER	UserList1	START	1688398885756
REQUEST		request_9	1688398885597	1688398885766	OK	 
REQUEST		request_3	1688398884639	1688398885801	OK	 
REQUEST		request_0	1688398884664	1688398885816	OK	 
REQUEST		request_0	1688398885249	1688398885819	OK	 
REQUEST		request_3	1688398885312	1688398885828	OK	 
REQUEST		request_4	1688398885819	1688398885829	OK	 
REQUEST		request_10	1688398885719	1688398885832	OK	 
REQUEST		request_6	1688398884640	1688398885836	OK	 
REQUEST		request_4	1688398885822	1688398885839	OK	 
REQUEST		request_6	1688398885312	1688398885839	OK	 
REQUEST		request_8	1688398885819	1688398885841	OK	 
REQUEST		request_8	1688398885822	1688398885841	OK	 
REQUEST		request_5	1688398885718	1688398885842	OK	 
REQUEST		request_7	1688398885819	1688398885842	OK	 
REQUEST		request_7	1688398885822	1688398885842	OK	 
REQUEST		request_2	1688398885312	1688398885844	OK	 
REQUEST		request_1	1688398885719	1688398885844	OK	 
REQUEST		request_11	1688398885719	1688398885850	OK	 
USER	UserList1	START	1688398885852
REQUEST		request_2	1688398885375	1688398885864	OK	 
REQUEST		request_9	1688398885718	1688398885890	OK	 
REQUEST		request_3	1688398885376	1688398885916	OK	 
REQUEST		request_1	1688398885818	1688398885930	OK	 
REQUEST		request_11	1688398885817	1688398885937	OK	 
REQUEST		request_5	1688398885820	1688398885938	OK	 
REQUEST		request_3 Redirect 1	1688398885803	1688398885941	OK	 
REQUEST		request_6	1688398885376	1688398885943	OK	 
REQUEST		request_5	1688398885816	1688398885943	OK	 
USER	UserList1	END	1688398885943
REQUEST		request_10	1688398885817	1688398885944	OK	 
REQUEST		request_1	1688398885821	1688398885953	OK	 
REQUEST		request_3 Redirect 1	1688398885828	1688398885959	OK	 
USER	UserList1	END	1688398885961
USER	UserList1	START	1688398885964
REQUEST		request_9	1688398885820	1688398885973	OK	 
REQUEST		request_11	1688398885821	1688398885973	OK	 
REQUEST		request_0	1688398885059	1688398885973	OK	 
REQUEST		request_10	1688398885821	1688398885981	OK	 
REQUEST		request_4	1688398885978	1688398885990	OK	 
REQUEST		request_8	1688398885979	1688398885991	OK	 
REQUEST		request_7	1688398885978	1688398885992	OK	 
REQUEST		request_3 Redirect 1	1688398885916	1688398886029	OK	 
USER	UserList1	END	1688398886031
REQUEST		request_9	1688398885817	1688398886058	OK	 
USER	UserList1	START	1688398886060
REQUEST		request_0	1688398885563	1688398886084	OK	 
REQUEST		request_6	1688398885468	1688398886096	OK	 
REQUEST		request_4	1688398886087	1688398886097	OK	 
REQUEST		request_8	1688398886088	1688398886099	OK	 
REQUEST		request_7	1688398886087	1688398886099	OK	 
REQUEST		request_10	1688398885977	1688398886099	OK	 
REQUEST		request_11	1688398885977	1688398886100	OK	 
REQUEST		request_1	1688398885977	1688398886104	OK	 
REQUEST		request_2	1688398885598	1688398886111	OK	 
REQUEST		request_5	1688398885974	1688398886115	OK	 
REQUEST		request_9	1688398885976	1688398886144	OK	 
USER	UserList1	START	1688398886156
REQUEST		request_10	1688398886086	1688398886200	OK	 
REQUEST		request_1	1688398886086	1688398886207	OK	 
REQUEST		request_5	1688398886085	1688398886218	OK	 
REQUEST		request_11	1688398886086	1688398886218	OK	 
REQUEST		request_2	1688398885719	1688398886220	OK	 
REQUEST		request_0	1688398885659	1688398886220	OK	 
REQUEST		request_0	1688398884268	1688398886227	OK	 
REQUEST		request_4	1688398886222	1688398886233	OK	 
REQUEST		request_8	1688398886223	1688398886234	OK	 
REQUEST		request_9	1688398886086	1688398886241	OK	 
REQUEST		request_4	1688398886231	1688398886243	OK	 
REQUEST		request_8	1688398886231	1688398886245	OK	 
REQUEST		request_7	1688398886222	1688398886245	OK	 
REQUEST		request_7	1688398886231	1688398886245	OK	 
REQUEST		request_3	1688398885468	1688398886248	OK	 
USER	UserList1	START	1688398886250
REQUEST		request_3	1688398885362	1688398886258	OK	 
REQUEST		request_2	1688398885361	1688398886328	OK	 
REQUEST		request_6	1688398885362	1688398886330	OK	 
REQUEST		request_10	1688398886221	1688398886348	OK	 
REQUEST		request_11	1688398886221	1688398886350	OK	 
REQUEST		request_1	1688398886221	1688398886353	OK	 
REQUEST		request_1	1688398886230	1688398886353	OK	 
REQUEST		request_5	1688398886220	1688398886354	OK	 
REQUEST		request_10	1688398886230	1688398886354	OK	 
USER	UserList1	START	1688398886358
REQUEST		request_5	1688398886229	1688398886358	OK	 
REQUEST		request_11	1688398886230	1688398886358	OK	 
REQUEST		request_3 Redirect 1	1688398886248	1688398886360	OK	 
REQUEST		request_9	1688398886221	1688398886371	OK	 
REQUEST		request_3 Redirect 1	1688398886258	1688398886376	OK	 
USER	UserList1	END	1688398886378
REQUEST		request_9	1688398886229	1688398886394	OK	 
REQUEST		request_3	1688398885978	1688398886424	OK	 
USER	UserList1	START	1688398886451
REQUEST		request_6	1688398885978	1688398886486	OK	 
REQUEST		request_3	1688398885598	1688398886490	OK	 
REQUEST		request_0	1688398885963	1688398886511	OK	 
REQUEST		request_6	1688398885598	1688398886512	OK	 
REQUEST		request_3	1688398885720	1688398886515	OK	 
REQUEST		request_4	1688398886513	1688398886527	OK	 
REQUEST		request_7	1688398886515	1688398886528	OK	 
REQUEST		request_8	1688398886515	1688398886528	OK	 
USER	UserList1	START	1688398886560
REQUEST		request_3 Redirect 1	1688398886425	1688398886560	OK	 
REQUEST		request_0	1688398886059	1688398886582	OK	 
REQUEST		request_0	1688398885452	1688398886591	OK	 
REQUEST		request_4	1688398886585	1688398886595	OK	 
REQUEST		request_8	1688398886585	1688398886596	OK	 
REQUEST		request_7	1688398886585	1688398886597	OK	 
REQUEST		request_4	1688398886595	1688398886604	OK	 
REQUEST		request_8	1688398886595	1688398886605	OK	 
REQUEST		request_7	1688398886595	1688398886607	OK	 
REQUEST		request_10	1688398886512	1688398886624	OK	 
REQUEST		request_3 Redirect 1	1688398886490	1688398886624	OK	 
USER	UserList1	END	1688398886626
REQUEST		request_1	1688398886512	1688398886641	OK	 
REQUEST		request_5	1688398886511	1688398886642	OK	 
REQUEST		request_11	1688398886512	1688398886648	OK	 
REQUEST		request_0	1688398885851	1688398886650	OK	 
REQUEST		request_2	1688398885818	1688398886655	OK	 
USER	UserList1	START	1688398886656
REQUEST		request_3 Redirect 1	1688398886516	1688398886657	OK	 
REQUEST		request_0	1688398886155	1688398886657	OK	 
REQUEST		request_4	1688398886652	1688398886663	OK	 
REQUEST		request_4	1688398886659	1688398886672	OK	 
REQUEST		request_8	1688398886653	1688398886673	OK	 
REQUEST		request_8	1688398886660	1688398886673	OK	 
REQUEST		request_7	1688398886653	1688398886674	OK	 
REQUEST		request_7	1688398886659	1688398886674	OK	 
REQUEST		request_9	1688398886512	1688398886679	OK	 
REQUEST		request_6	1688398885818	1688398886693	OK	 
REQUEST		request_5	1688398886583	1688398886694	OK	 
REQUEST		request_1	1688398886584	1688398886707	OK	 
REQUEST		request_10	1688398886583	1688398886708	OK	 
REQUEST		request_1	1688398886594	1688398886708	OK	 
REQUEST		request_11	1688398886583	1688398886708	OK	 
REQUEST		request_5	1688398886592	1688398886714	OK	 
REQUEST		request_0	1688398885359	1688398886722	OK	 
REQUEST		request_4	1688398886725	1688398886735	OK	 
REQUEST		request_8	1688398886725	1688398886736	OK	 
REQUEST		request_3	1688398886222	1688398886737	OK	 
REQUEST		request_7	1688398886725	1688398886738	OK	 
REQUEST		request_10	1688398886593	1688398886742	OK	 
REQUEST		request_11	1688398886593	1688398886747	OK	 
USER	UserList1	START	1688398886752
REQUEST		request_1	1688398886652	1688398886763	OK	 
REQUEST		request_9	1688398886583	1688398886763	OK	 
REQUEST		request_6	1688398885822	1688398886765	OK	 
REQUEST		request_5	1688398886651	1688398886769	OK	 
REQUEST		request_11	1688398886651	1688398886772	OK	 
REQUEST		request_1	1688398886658	1688398886772	OK	 
REQUEST		request_5	1688398886657	1688398886774	OK	 
REQUEST		request_10	1688398886651	1688398886779	OK	 
REQUEST		request_2	1688398885821	1688398886784	OK	 
REQUEST		request_11	1688398886658	1688398886805	OK	 
REQUEST		request_10	1688398886658	1688398886826	OK	 
REQUEST		request_9	1688398886651	1688398886826	OK	 
REQUEST		request_9	1688398886593	1688398886827	OK	 
REQUEST		request_11	1688398886724	1688398886839	OK	 
REQUEST		request_10	1688398886723	1688398886843	OK	 
REQUEST		request_5	1688398886723	1688398886860	OK	 
REQUEST		request_1	1688398886724	1688398886862	OK	 
USER	UserList1	START	1688398886864
REQUEST		request_3 Redirect 1	1688398886737	1688398886880	OK	 
REQUEST		request_9	1688398886723	1688398886883	OK	 
REQUEST		request_2	1688398886087	1688398886890	OK	 
REQUEST		request_9	1688398886658	1688398886890	OK	 
REQUEST		request_0	1688398886357	1688398886898	OK	 
REQUEST		request_6	1688398886087	1688398886910	OK	 
REQUEST		request_0	1688398885755	1688398886910	OK	 
REQUEST		request_4	1688398886900	1688398886910	OK	 
REQUEST		request_8	1688398886901	1688398886912	OK	 
REQUEST		request_7	1688398886901	1688398886912	OK	 
REQUEST		request_0	1688398886450	1688398886923	OK	 
REQUEST		request_4	1688398886913	1688398886924	OK	 
REQUEST		request_8	1688398886914	1688398886925	OK	 
REQUEST		request_2	1688398885978	1688398886926	OK	 
REQUEST		request_7	1688398886914	1688398886926	OK	 
USER	UserList1	END	1688398886928
REQUEST		request_6	1688398885720	1688398886933	OK	 
USER	UserList1	END	1688398886935
REQUEST		request_4	1688398886926	1688398886937	OK	 
REQUEST		request_8	1688398886926	1688398886938	OK	 
REQUEST		request_7	1688398886926	1688398886940	OK	 
REQUEST		request_3	1688398886087	1688398886943	OK	 
USER	UserList1	START	1688398886957
REQUEST		request_3	1688398886513	1688398886986	OK	 
REQUEST		request_10	1688398886899	1688398887015	OK	 
REQUEST		request_1	1688398886900	1688398887018	OK	 
REQUEST		request_5	1688398886911	1688398887018	OK	 
REQUEST		request_3	1688398886584	1688398887021	OK	 
REQUEST		request_6	1688398886513	1688398887022	OK	 
REQUEST		request_5	1688398886899	1688398887025	OK	 
REQUEST		request_1	1688398886912	1688398887026	OK	 
REQUEST		request_11	1688398886899	1688398887030	OK	 
REQUEST		request_1	1688398886925	1688398887034	OK	 
REQUEST		request_10	1688398886912	1688398887051	OK	 
USER	UserList1	START	1688398887052
REQUEST		request_10	1688398886924	1688398887053	OK	 
REQUEST		request_5	1688398886924	1688398887055	OK	 
REQUEST		request_11	1688398886925	1688398887056	OK	 
REQUEST		request_3	1688398886231	1688398887060	OK	 
REQUEST		request_3	1688398885821	1688398887060	OK	 
REQUEST		request_2	1688398886513	1688398887064	OK	 
REQUEST		request_11	1688398886912	1688398887064	OK	 
REQUEST		request_9	1688398886899	1688398887069	OK	 
REQUEST		request_3 Redirect 1	1688398886943	1688398887071	OK	 
REQUEST		request_9	1688398886924	1688398887071	OK	 
USER	UserList1	END	1688398887072
REQUEST		request_0	1688398886249	1688398887101	OK	 
REQUEST		request_4	1688398887103	1688398887113	OK	 
REQUEST		request_0	1688398886559	1688398887114	OK	 
REQUEST		request_8	1688398887104	1688398887115	OK	 
REQUEST		request_7	1688398887104	1688398887115	OK	 
REQUEST		request_3 Redirect 1	1688398886986	1688398887116	OK	 
USER	UserList1	END	1688398887118
REQUEST		request_6	1688398886594	1688398887121	OK	 
REQUEST		request_4	1688398887117	1688398887128	OK	 
REQUEST		request_8	1688398887118	1688398887129	OK	 
REQUEST		request_7	1688398887117	1688398887129	OK	 
REQUEST		request_9	1688398886911	1688398887135	OK	 
REQUEST		request_3 Redirect 1	1688398887021	1688398887146	OK	 
USER	UserList1	START	1688398887162
REQUEST		request_3	1688398886724	1688398887173	OK	 
REQUEST		request_6	1688398886222	1688398887180	OK	 
REQUEST		request_3 Redirect 1	1688398887061	1688398887192	OK	 
REQUEST		request_3 Redirect 1	1688398887061	1688398887202	OK	 
USER	UserList1	END	1688398887204
REQUEST		request_2	1688398886652	1688398887211	OK	 
REQUEST		request_6	1688398886652	1688398887211	OK	 
REQUEST		request_1	1688398887103	1688398887219	OK	 
REQUEST		request_10	1688398887102	1688398887228	OK	 
REQUEST		request_5	1688398887102	1688398887231	OK	 
REQUEST		request_10	1688398887116	1688398887244	OK	 
REQUEST		request_11	1688398887116	1688398887245	OK	 
REQUEST		request_1	1688398887116	1688398887245	OK	 
REQUEST		request_6	1688398886724	1688398887246	OK	 
REQUEST		request_11	1688398887102	1688398887246	OK	 
REQUEST		request_5	1688398887115	1688398887251	OK	 
USER	UserList1	START	1688398887258
REQUEST		request_9	1688398887102	1688398887260	OK	 
REQUEST		request_9	1688398887116	1688398887274	OK	 
REQUEST		request_2	1688398886724	1688398887307	OK	 
REQUEST		request_3 Redirect 1	1688398887173	1688398887311	OK	 
USER	UserList1	END	1688398887313
REQUEST		request_0	1688398886752	1688398887324	OK	 
REQUEST		request_3	1688398886900	1688398887331	OK	 
REQUEST		request_4	1688398887326	1688398887336	OK	 
REQUEST		request_8	1688398887326	1688398887337	OK	 
REQUEST		request_7	1688398887326	1688398887339	OK	 
USER	UserList1	START	1688398887353
REQUEST		request_0	1688398886864	1688398887371	OK	 
REQUEST		request_2	1688398885467	1688398887375	OK	 
USER	UserList1	END	1688398887377
REQUEST		request_4	1688398887373	1688398887383	OK	 
REQUEST		request_8	1688398887374	1688398887385	OK	 
REQUEST		request_7	1688398887373	1688398887385	OK	 
REQUEST		request_6	1688398886913	1688398887396	OK	 
REQUEST		request_3	1688398886925	1688398887402	OK	 
REQUEST		request_2	1688398886925	1688398887417	OK	 
REQUEST		request_10	1688398887325	1688398887438	OK	 
REQUEST		request_5	1688398887324	1688398887442	OK	 
REQUEST		request_11	1688398887325	1688398887451	OK	 
REQUEST		request_3 Redirect 1	1688398887331	1688398887458	OK	 
REQUEST		request_0	1688398886656	1688398887459	OK	 
REQUEST		request_1	1688398887325	1688398887460	OK	 
USER	UserList1	START	1688398887462
REQUEST		request_4	1688398887461	1688398887470	OK	 
REQUEST		request_8	1688398887461	1688398887472	OK	 
REQUEST		request_7	1688398887461	1688398887472	OK	 
REQUEST		request_5	1688398887372	1688398887478	OK	 
REQUEST		request_3	1688398886652	1688398887483	OK	 
REQUEST		request_9	1688398887325	1688398887484	OK	 
REQUEST		request_1	1688398887373	1688398887487	OK	 
REQUEST		request_6	1688398886659	1688398887495	OK	 
REQUEST		request_10	1688398887372	1688398887498	OK	 
REQUEST		request_11	1688398887372	1688398887500	OK	 
REQUEST		request_3 Redirect 1	1688398887402	1688398887517	OK	 
REQUEST		request_2	1688398886584	1688398887529	OK	 
REQUEST		request_9	1688398887372	1688398887533	OK	 
REQUEST		request_0	1688398887052	1688398887558	OK	 
USER	UserList1	START	1688398887559
REQUEST		request_3	1688398886659	1688398887565	OK	 
REQUEST		request_3	1688398887103	1688398887566	OK	 
REQUEST		request_4	1688398887560	1688398887570	OK	 
REQUEST		request_1	1688398887460	1688398887571	OK	 
REQUEST		request_8	1688398887561	1688398887571	OK	 
REQUEST		request_7	1688398887561	1688398887572	OK	 
REQUEST		request_5	1688398887459	1688398887590	OK	 
REQUEST		request_10	1688398887460	1688398887593	OK	 
REQUEST		request_11	1688398887460	1688398887603	OK	 
REQUEST		request_3 Redirect 1	1688398887483	1688398887603	OK	 
USER	UserList1	END	1688398887606
REQUEST		request_2	1688398886222	1688398887611	OK	 
REQUEST		request_9	1688398887460	1688398887612	OK	 
USER	UserList1	END	1688398887616
USER	UserList1	START	1688398887652
REQUEST		request_2	1688398887116	1688398887672	OK	 
REQUEST		request_10	1688398887559	1688398887673	OK	 
REQUEST		request_11	1688398887559	1688398887686	OK	 
REQUEST		request_5	1688398887559	1688398887691	OK	 
REQUEST		request_1	1688398887560	1688398887703	OK	 
REQUEST		request_3 Redirect 1	1688398887565	1688398887709	OK	 
REQUEST		request_3 Redirect 1	1688398887566	1688398887720	OK	 
REQUEST		request_9	1688398887559	1688398887725	OK	 
REQUEST		request_2	1688398886594	1688398887747	OK	 
USER	UserList1	START	1688398887763
REQUEST		request_2	1688398886913	1688398887765	OK	 
REQUEST		request_6	1688398886900	1688398887768	OK	 
REQUEST		request_0	1688398887258	1688398887769	OK	 
REQUEST		request_4	1688398887771	1688398887782	OK	 
REQUEST		request_8	1688398887772	1688398887783	OK	 
REQUEST		request_7	1688398887772	1688398887783	OK	 
REQUEST		request_2	1688398886900	1688398887787	OK	 
USER	UserList1	END	1688398887789
REQUEST		request_3	1688398887326	1688398887804	OK	 
REQUEST		request_3	1688398884285	1688398887830	OK	 
REQUEST		request_3	1688398885818	1688398887843	OK	 
USER	UserList1	START	1688398887855
REQUEST		request_5	1688398887770	1688398887886	OK	 
REQUEST		request_11	1688398887770	1688398887889	OK	 
REQUEST		request_1	1688398887771	1688398887891	OK	 
REQUEST		request_10	1688398887770	1688398887894	OK	 
REQUEST		request_3	1688398887117	1688398887918	OK	 
REQUEST		request_9	1688398887770	1688398887923	OK	 
REQUEST		request_6	1688398887373	1688398887936	OK	 
REQUEST		request_0	1688398887353	1688398887942	OK	 
REQUEST		request_3 Redirect 1	1688398887804	1688398887942	OK	 
USER	UserList1	START	1688398887951
REQUEST		request_4	1688398887946	1688398887958	OK	 
REQUEST		request_3 Redirect 1	1688398887830	1688398887958	OK	 
REQUEST		request_8	1688398887946	1688398887959	OK	 
REQUEST		request_7	1688398887946	1688398887959	OK	 
REQUEST		request_3 Redirect 1	1688398887843	1688398887960	OK	 
USER	UserList1	END	1688398887960
REQUEST		request_6	1688398887117	1688398887962	OK	 
USER	UserList1	END	1688398887962
REQUEST		request_3	1688398887560	1688398888004	OK	 
REQUEST		request_0	1688398887162	1688398888018	OK	 
REQUEST		request_4	1688398888020	1688398888031	OK	 
REQUEST		request_8	1688398888021	1688398888031	OK	 
REQUEST		request_7	1688398888020	1688398888033	OK	 
REQUEST		request_3 Redirect 1	1688398887919	1688398888052	OK	 
USER	UserList1	END	1688398888054
USER	UserList1	START	1688398888063
REQUEST		request_2	1688398887560	1688398888064	OK	 
REQUEST		request_11	1688398887945	1688398888064	OK	 
REQUEST		request_5	1688398887943	1688398888066	OK	 
REQUEST		request_3	1688398886913	1688398888076	OK	 
REQUEST		request_10	1688398887945	1688398888080	OK	 
REQUEST		request_1	1688398887945	1688398888081	OK	 
REQUEST		request_9	1688398887943	1688398888102	OK	 
REQUEST		request_6	1688398886926	1688398888110	OK	 
USER	UserList1	END	1688398888112
REQUEST		request_3 Redirect 1	1688398888005	1688398888128	OK	 
REQUEST		request_10	1688398888019	1688398888130	OK	 
REQUEST		request_1	1688398888020	1688398888138	OK	 
REQUEST		request_5	1688398888019	1688398888140	OK	 
REQUEST		request_3	1688398887373	1688398888146	OK	 
REQUEST		request_6	1688398886231	1688398888146	OK	 
REQUEST		request_11	1688398888019	1688398888150	OK	 
USER	UserList1	START	1688398888175
REQUEST		request_9	1688398888019	1688398888193	OK	 
REQUEST		request_2	1688398887326	1688398888195	OK	 
REQUEST		request_3 Redirect 1	1688398888077	1688398888197	OK	 
USER	UserList1	END	1688398888198
USER	UserList1	START	1688398888255
REQUEST		request_3 Redirect 1	1688398888146	1688398888269	OK	 
REQUEST		request_6	1688398887326	1688398888269	OK	 
USER	UserList1	END	1688398888271
REQUEST		request_0	1688398887763	1688398888274	OK	 
REQUEST		request_2	1688398886230	1688398888281	OK	 
USER	UserList1	END	1688398888283
REQUEST		request_4	1688398888276	1688398888285	OK	 
REQUEST		request_8	1688398888277	1688398888287	OK	 
REQUEST		request_7	1688398888277	1688398888288	OK	 
REQUEST		request_0	1688398887462	1688398888302	OK	 
REQUEST		request_2	1688398887771	1688398888313	OK	 
REQUEST		request_4	1688398888307	1688398888316	OK	 
REQUEST		request_8	1688398888307	1688398888317	OK	 
REQUEST		request_7	1688398888307	1688398888318	OK	 
REQUEST		request_6	1688398887103	1688398888323	OK	 
REQUEST		request_3	1688398887461	1688398888323	OK	 
REQUEST		request_2	1688398887460	1688398888340	OK	 
USER	UserList1	START	1688398888351
REQUEST		request_5	1688398888275	1688398888383	OK	 
REQUEST		request_3	1688398887946	1688398888385	OK	 
REQUEST		request_11	1688398888276	1688398888397	OK	 
REQUEST		request_3	1688398886594	1688398888397	OK	 
REQUEST		request_1	1688398888276	1688398888397	OK	 
REQUEST		request_10	1688398888275	1688398888400	OK	 
REQUEST		request_10	1688398888304	1688398888414	OK	 
REQUEST		request_11	1688398888304	1688398888419	OK	 
REQUEST		request_1	1688398888306	1688398888428	OK	 
REQUEST		request_0	1688398887855	1688398888433	OK	 
REQUEST		request_3 Redirect 1	1688398888323	1688398888441	OK	 
REQUEST		request_4	1688398888435	1688398888445	OK	 
REQUEST		request_8	1688398888436	1688398888446	OK	 
REQUEST		request_7	1688398888435	1688398888447	OK	 
REQUEST		request_9	1688398888304	1688398888456	OK	 
USER	UserList1	START	1688398888463
REQUEST		request_0	1688398887950	1688398888466	OK	 
REQUEST		request_5	1688398888303	1688398888468	OK	 
REQUEST		request_9	1688398888275	1688398888470	OK	 
REQUEST		request_4	1688398888468	1688398888478	OK	 
REQUEST		request_8	1688398888469	1688398888479	OK	 
REQUEST		request_7	1688398888468	1688398888480	OK	 
REQUEST		request_6	1688398887560	1688398888497	OK	 
USER	UserList1	END	1688398888499
REQUEST		request_2	1688398886659	1688398888514	OK	 
USER	UserList1	END	1688398888518
REQUEST		request_3 Redirect 1	1688398888397	1688398888538	OK	 
USER	UserList1	END	1688398888540
REQUEST		request_10	1688398888434	1688398888548	OK	 
REQUEST		request_3 Redirect 1	1688398888385	1688398888550	OK	 
USER	UserList1	START	1688398888558
REQUEST		request_11	1688398888434	1688398888560	OK	 
REQUEST		request_5	1688398888434	1688398888564	OK	 
REQUEST		request_2	1688398888020	1688398888569	OK	 
REQUEST		request_1	1688398888435	1688398888569	OK	 
REQUEST		request_9	1688398888434	1688398888580	OK	 
REQUEST		request_11	1688398888467	1688398888588	OK	 
REQUEST		request_1	1688398888467	1688398888588	OK	 
REQUEST		request_10	1688398888467	1688398888590	OK	 
REQUEST		request_3	1688398887771	1688398888595	OK	 
REQUEST		request_9	1688398888467	1688398888612	OK	 
REQUEST		request_5	1688398888466	1688398888618	OK	 
REQUEST		request_6	1688398887461	1688398888620	OK	 
USER	UserList1	END	1688398888622
USER	UserList1	START	1688398888653
REQUEST		request_0	1688398888175	1688398888667	OK	 
REQUEST		request_4	1688398888669	1688398888679	OK	 
REQUEST		request_8	1688398888670	1688398888680	OK	 
REQUEST		request_7	1688398888669	1688398888681	OK	 
REQUEST		request_0	1688398886957	1688398888711	OK	 
REQUEST		request_3 Redirect 1	1688398888596	1688398888723	OK	 
REQUEST		request_4	1688398888713	1688398888725	OK	 
REQUEST		request_8	1688398888714	1688398888726	OK	 
REQUEST		request_7	1688398888714	1688398888727	OK	 
REQUEST		request_6	1688398886584	1688398888735	OK	 
USER	UserList1	END	1688398888737
REQUEST		request_3	1688398888276	1688398888744	OK	 
USER	UserList1	START	1688398888749
REQUEST		request_2	1688398887373	1688398888754	OK	 
USER	UserList1	END	1688398888756
REQUEST		request_5	1688398888668	1688398888774	OK	 
REQUEST		request_6	1688398888276	1688398888777	OK	 
REQUEST		request_1	1688398888669	1688398888781	OK	 
REQUEST		request_10	1688398888668	1688398888797	OK	 
REQUEST		request_11	1688398888668	1688398888799	OK	 
REQUEST		request_0	1688398888255	1688398888804	OK	 
REQUEST		request_5	1688398888712	1688398888816	OK	 
REQUEST		request_4	1688398888806	1688398888816	OK	 
REQUEST		request_3	1688398888306	1688398888817	OK	 
REQUEST		request_8	1688398888806	1688398888817	OK	 
REQUEST		request_7	1688398888806	1688398888818	OK	 
REQUEST		request_1	1688398888713	1688398888821	OK	 
REQUEST		request_9	1688398888668	1688398888831	OK	 
REQUEST		request_11	1688398888713	1688398888841	OK	 
REQUEST		request_10	1688398888712	1688398888849	OK	 
REQUEST		request_2	1688398888306	1688398888858	OK	 
USER	UserList1	START	1688398888859
REQUEST		request_3 Redirect 1	1688398888744	1688398888870	OK	 
REQUEST		request_6	1688398887946	1688398888875	OK	 
REQUEST		request_2	1688398888276	1688398888875	OK	 
REQUEST		request_0	1688398887558	1688398888875	OK	 
USER	UserList1	END	1688398888877
REQUEST		request_9	1688398888712	1688398888882	OK	 
REQUEST		request_4	1688398888877	1688398888887	OK	 
REQUEST		request_8	1688398888878	1688398888888	OK	 
REQUEST		request_7	1688398888877	1688398888889	OK	 
REQUEST		request_0	1688398888062	1688398888909	OK	 
REQUEST		request_4	1688398888912	1688398888922	OK	 
REQUEST		request_8	1688398888912	1688398888923	OK	 
REQUEST		request_11	1688398888805	1688398888924	OK	 
REQUEST		request_7	1688398888912	1688398888925	OK	 
REQUEST		request_1	1688398888805	1688398888928	OK	 
REQUEST		request_3	1688398888435	1688398888928	OK	 
REQUEST		request_6	1688398888020	1688398888935	OK	 
REQUEST		request_10	1688398888805	1688398888935	OK	 
REQUEST		request_3 Redirect 1	1688398888817	1688398888943	OK	 
USER	UserList1	START	1688398888952
REQUEST		request_5	1688398888805	1688398888962	OK	 
REQUEST		request_2	1688398888435	1688398888969	OK	 
REQUEST		request_9	1688398888805	1688398888975	OK	 
REQUEST		request_5	1688398888876	1688398888987	OK	 
REQUEST		request_11	1688398888876	1688398888992	OK	 
REQUEST		request_6	1688398887771	1688398888992	OK	 
REQUEST		request_10	1688398888876	1688398888993	OK	 
USER	UserList1	END	1688398888994
REQUEST		request_1	1688398888877	1688398889006	OK	 
REQUEST		request_10	1688398888911	1688398889020	OK	 
REQUEST		request_11	1688398888911	1688398889024	OK	 
REQUEST		request_1	1688398888911	1688398889027	OK	 
REQUEST		request_9	1688398888876	1688398889046	OK	 
REQUEST		request_5	1688398888910	1688398889047	OK	 
REQUEST		request_9	1688398888911	1688398889056	OK	 
USER	UserList1	START	1688398889063
REQUEST		request_0	1688398888558	1688398889065	OK	 
REQUEST		request_3 Redirect 1	1688398888929	1688398889069	OK	 
REQUEST		request_2	1688398887103	1688398889073	OK	 
USER	UserList1	END	1688398889074
REQUEST		request_4	1688398889067	1688398889077	OK	 
REQUEST		request_8	1688398889067	1688398889077	OK	 
REQUEST		request_7	1688398889067	1688398889078	OK	 
REQUEST		request_3	1688398888669	1688398889114	OK	 
REQUEST		request_0	1688398888653	1688398889136	OK	 
REQUEST		request_4	1688398889139	1688398889150	OK	 
REQUEST		request_8	1688398889139	1688398889152	OK	 
REQUEST		request_7	1688398889139	1688398889152	OK	 
REQUEST		request_6	1688398888669	1688398889154	OK	 
REQUEST		request_2	1688398888669	1688398889155	OK	 
REQUEST		request_0	1688398888351	1688398889157	OK	 
USER	UserList1	START	1688398889158
REQUEST		request_6	1688398888306	1688398889161	OK	 
USER	UserList1	END	1688398889163
REQUEST		request_4	1688398889159	1688398889169	OK	 
REQUEST		request_8	1688398889159	1688398889171	OK	 
REQUEST		request_7	1688398889159	1688398889172	OK	 
REQUEST		request_1	1688398889066	1688398889181	OK	 
REQUEST		request_10	1688398889066	1688398889183	OK	 
REQUEST		request_11	1688398889066	1688398889194	OK	 
REQUEST		request_5	1688398889065	1688398889197	OK	 
REQUEST		request_9	1688398889066	1688398889202	OK	 
REQUEST		request_3	1688398888713	1688398889211	OK	 
REQUEST		request_2	1688398888713	1688398889224	OK	 
REQUEST		request_6	1688398888713	1688398889230	OK	 
REQUEST		request_3 Redirect 1	1688398889114	1688398889231	OK	 
USER	UserList1	END	1688398889232
REQUEST		request_1	1688398889138	1688398889247	OK	 
REQUEST		request_2	1688398887946	1688398889251	OK	 
USER	UserList1	END	1688398889253
USER	UserList1	START	1688398889253
REQUEST		request_0	1688398888749	1688398889255	OK	 
REQUEST		request_10	1688398889138	1688398889265	OK	 
REQUEST		request_4	1688398889257	1688398889266	OK	 
REQUEST		request_8	1688398889257	1688398889268	OK	 
REQUEST		request_7	1688398889257	1688398889268	OK	 
REQUEST		request_1	1688398889158	1688398889270	OK	 
REQUEST		request_10	1688398889158	1688398889271	OK	 
REQUEST		request_11	1688398889138	1688398889272	OK	 
REQUEST		request_5	1688398889137	1688398889272	OK	 
REQUEST		request_5	1688398889157	1688398889275	OK	 
REQUEST		request_2	1688398888467	1688398889283	OK	 
REQUEST		request_11	1688398889158	1688398889286	OK	 
REQUEST		request_6	1688398888435	1688398889286	OK	 
USER	UserList1	END	1688398889287
REQUEST		request_9	1688398889137	1688398889304	OK	 
REQUEST		request_9	1688398889158	1688398889311	OK	 
REQUEST		request_3 Redirect 1	1688398889211	1688398889331	OK	 
USER	UserList1	END	1688398889332
REQUEST		request_3	1688398888468	1688398889340	OK	 
USER	UserList1	START	1688398889349
REQUEST		request_1	1688398889256	1688398889372	OK	 
REQUEST		request_10	1688398889256	1688398889381	OK	 
REQUEST		request_2	1688398888806	1688398889381	OK	 
REQUEST		request_11	1688398889256	1688398889387	OK	 
REQUEST		request_5	1688398889255	1688398889390	OK	 
REQUEST		request_9	1688398889256	1688398889420	OK	 
REQUEST		request_2	1688398888912	1688398889433	OK	 
REQUEST		request_3	1688398888912	1688398889442	OK	 
REQUEST		request_0	1688398887652	1688398889459	OK	 
USER	UserList1	START	1688398889461
REQUEST		request_0	1688398888952	1688398889462	OK	 
REQUEST		request_3 Redirect 1	1688398889340	1688398889465	OK	 
REQUEST		request_4	1688398889461	1688398889471	OK	 
REQUEST		request_8	1688398889462	1688398889472	OK	 
REQUEST		request_4	1688398889464	1688398889482	OK	 
REQUEST		request_7	1688398889461	1688398889483	OK	 
REQUEST		request_8	1688398889464	1688398889483	OK	 
REQUEST		request_7	1688398889464	1688398889484	OK	 
REQUEST		request_3	1688398889066	1688398889527	OK	 
REQUEST		request_2	1688398889066	1688398889552	OK	 
USER	UserList1	START	1688398889558
REQUEST		request_3 Redirect 1	1688398889443	1688398889567	OK	 
REQUEST		request_10	1688398889460	1688398889570	OK	 
REQUEST		request_1	1688398889461	1688398889574	OK	 
REQUEST		request_10	1688398889463	1688398889578	OK	 
REQUEST		request_0	1688398889063	1688398889578	OK	 
REQUEST		request_1	1688398889463	1688398889580	OK	 
REQUEST		request_11	1688398889460	1688398889583	OK	 
REQUEST		request_4	1688398889580	1688398889590	OK	 
REQUEST		request_8	1688398889581	1688398889592	OK	 
REQUEST		request_7	1688398889581	1688398889592	OK	 
REQUEST		request_5	1688398889460	1688398889592	OK	 
REQUEST		request_5	1688398889462	1688398889600	OK	 
REQUEST		request_9	1688398889460	1688398889607	OK	 
REQUEST		request_11	1688398889463	1688398889610	OK	 
REQUEST		request_9	1688398889462	1688398889611	OK	 
REQUEST		request_2	1688398889138	1688398889615	OK	 
REQUEST		request_3	1688398888806	1688398889621	OK	 
REQUEST		request_6	1688398888806	1688398889636	OK	 
REQUEST		request_3 Redirect 1	1688398889527	1688398889647	OK	 
USER	UserList1	START	1688398889652
REQUEST		request_6	1688398889067	1688398889656	OK	 
USER	UserList1	END	1688398889658
REQUEST		request_3	1688398889159	1688398889686	OK	 
REQUEST		request_5	1688398889579	1688398889686	OK	 
REQUEST		request_1	1688398889580	1688398889698	OK	 
REQUEST		request_11	1688398889579	1688398889701	OK	 
REQUEST		request_10	1688398889579	1688398889703	OK	 
REQUEST		request_3	1688398888877	1688398889704	OK	 
REQUEST		request_3	1688398889257	1688398889705	OK	 
REQUEST		request_6	1688398888912	1688398889729	OK	 
USER	UserList1	END	1688398889730
REQUEST		request_9	1688398889579	1688398889733	OK	 
REQUEST		request_0	1688398888859	1688398889736	OK	 
REQUEST		request_2	1688398889256	1688398889742	OK	 
REQUEST		request_3 Redirect 1	1688398889621	1688398889748	OK	 
USER	UserList1	END	1688398889750
REQUEST		request_4	1688398889739	1688398889750	OK	 
REQUEST		request_8	1688398889739	1688398889752	OK	 
REQUEST		request_2	1688398888877	1688398889752	OK	 
REQUEST		request_7	1688398889739	1688398889752	OK	 
USER	UserList1	START	1688398889764
REQUEST		request_3	1688398888020	1688398889784	OK	 
REQUEST		request_3 Redirect 1	1688398889686	1688398889807	OK	 
REQUEST		request_3 Redirect 1	1688398889705	1688398889838	OK	 
REQUEST		request_5	1688398889737	1688398889856	OK	 
REQUEST		request_3 Redirect 1	1688398889705	1688398889857	OK	 
REQUEST		request_1	1688398889738	1688398889857	OK	 
REQUEST		request_10	1688398889737	1688398889859	OK	 
USER	UserList1	START	1688398889860
REQUEST		request_0	1688398889349	1688398889864	OK	 
REQUEST		request_11	1688398889738	1688398889869	OK	 
REQUEST		request_4	1688398889867	1688398889877	OK	 
REQUEST		request_8	1688398889867	1688398889878	OK	 
REQUEST		request_7	1688398889867	1688398889879	OK	 
REQUEST		request_9	1688398889737	1688398889890	OK	 
REQUEST		request_3	1688398889461	1688398889893	OK	 
REQUEST		request_3 Redirect 1	1688398889784	1688398889906	OK	 
USER	UserList1	END	1688398889908
REQUEST		request_3	1688398889463	1688398889947	OK	 
REQUEST		request_0	1688398889461	1688398889956	OK	 
USER	UserList1	START	1688398889956
REQUEST		request_4	1688398889957	1688398889967	OK	 
REQUEST		request_8	1688398889958	1688398889969	OK	 
REQUEST		request_7	1688398889957	1688398889969	OK	 
REQUEST		request_6	1688398889461	1688398889975	OK	 
REQUEST		request_10	1688398889866	1688398889982	OK	 
REQUEST		request_6	1688398889159	1688398889983	OK	 
REQUEST		request_1	1688398889866	1688398889985	OK	 
REQUEST		request_6	1688398889138	1688398889988	OK	 
REQUEST		request_11	1688398889866	1688398889989	OK	 
REQUEST		request_2	1688398889461	1688398889991	OK	 
REQUEST		request_5	1688398889865	1688398890000	OK	 
REQUEST		request_3 Redirect 1	1688398889894	1688398890012	OK	 
USER	UserList1	END	1688398890013
REQUEST		request_9	1688398889865	1688398890015	OK	 
REQUEST		request_6	1688398889463	1688398890036	OK	 
REQUEST		request_6	1688398889257	1688398890046	OK	 
USER	UserList1	END	1688398890048
USER	UserList1	START	1688398890052
REQUEST		request_2	1688398889158	1688398890059	OK	 
USER	UserList1	END	1688398890060
REQUEST		request_3	1688398889138	1688398890063	OK	 
REQUEST		request_10	1688398889956	1688398890065	OK	 
REQUEST		request_3 Redirect 1	1688398889947	1688398890068	OK	 
REQUEST		request_5	1688398889956	1688398890069	OK	 
REQUEST		request_1	1688398889957	1688398890069	OK	 
REQUEST		request_11	1688398889957	1688398890073	OK	 
REQUEST		request_9	1688398889956	1688398890115	OK	 
REQUEST		request_0	1688398889253	1688398890117	OK	 
REQUEST		request_4	1688398890119	1688398890128	OK	 
REQUEST		request_8	1688398890119	1688398890130	OK	 
REQUEST		request_7	1688398890119	1688398890130	OK	 
REQUEST		request_6	1688398888877	1688398890160	OK	 
USER	UserList1	END	1688398890161
USER	UserList1	START	1688398890164
REQUEST		request_3	1688398889738	1688398890172	OK	 
REQUEST		request_3 Redirect 1	1688398890063	1688398890178	OK	 
USER	UserList1	END	1688398890181
REQUEST		request_0	1688398889651	1688398890187	OK	 
REQUEST		request_4	1688398890189	1688398890199	OK	 
REQUEST		request_8	1688398890190	1688398890201	OK	 
REQUEST		request_7	1688398890190	1688398890202	OK	 
REQUEST		request_10	1688398890118	1688398890233	OK	 
REQUEST		request_1	1688398890118	1688398890233	OK	 
REQUEST		request_5	1688398890117	1688398890235	OK	 
REQUEST		request_11	1688398890118	1688398890244	OK	 
USER	UserList1	START	1688398890257
REQUEST		request_9	1688398890118	1688398890274	OK	 
REQUEST		request_2	1688398889738	1688398890296	OK	 
REQUEST		request_5	1688398890188	1688398890296	OK	 
REQUEST		request_3 Redirect 1	1688398890172	1688398890298	OK	 
REQUEST		request_3	1688398889866	1688398890300	OK	 
REQUEST		request_0	1688398889763	1688398890303	OK	 
REQUEST		request_6	1688398889738	1688398890306	OK	 
USER	UserList1	END	1688398890308
REQUEST		request_0	1688398888463	1688398890308	OK	 
REQUEST		request_1	1688398890189	1688398890311	OK	 
REQUEST		request_4	1688398890305	1688398890314	OK	 
REQUEST		request_8	1688398890305	1688398890316	OK	 
REQUEST		request_4	1688398890311	1688398890323	OK	 
REQUEST		request_10	1688398890188	1688398890324	OK	 
REQUEST		request_8	1688398890311	1688398890324	OK	 
REQUEST		request_7	1688398890311	1688398890324	OK	 
REQUEST		request_11	1688398890189	1688398890325	OK	 
REQUEST		request_7	1688398890305	1688398890327	OK	 
REQUEST		request_9	1688398890188	1688398890332	OK	 
USER	UserList1	START	1688398890352
REQUEST		request_6	1688398889866	1688398890380	OK	 
REQUEST		request_0	1688398889158	1688398890387	OK	 
REQUEST		request_4	1688398890389	1688398890398	OK	 
REQUEST		request_8	1688398890389	1688398890399	OK	 
REQUEST		request_7	1688398890389	1688398890400	OK	 
REQUEST		request_3	1688398889580	1688398890408	OK	 
REQUEST		request_5	1688398890309	1688398890418	OK	 
REQUEST		request_10	1688398890304	1688398890424	OK	 
REQUEST		request_11	1688398890304	1688398890427	OK	 
REQUEST		request_1	1688398890304	1688398890429	OK	 
REQUEST		request_5	1688398890303	1688398890431	OK	 
REQUEST		request_3 Redirect 1	1688398890300	1688398890436	OK	 
REQUEST		request_1	1688398890310	1688398890436	OK	 
REQUEST		request_11	1688398890310	1688398890437	OK	 
REQUEST		request_10	1688398890309	1688398890437	OK	 
REQUEST		request_0	1688398889557	1688398890440	OK	 
REQUEST		request_0	1688398889956	1688398890443	OK	 
USER	UserList1	START	1688398890448
REQUEST		request_9	1688398890304	1688398890450	OK	 
REQUEST		request_4	1688398890442	1688398890451	OK	 
REQUEST		request_6	1688398889580	1688398890453	OK	 
REQUEST		request_4	1688398890445	1688398890460	OK	 
REQUEST		request_8	1688398890442	1688398890461	OK	 
REQUEST		request_8	1688398890445	1688398890461	OK	 
REQUEST		request_7	1688398890442	1688398890462	OK	 
REQUEST		request_7	1688398890445	1688398890462	OK	 
REQUEST		request_9	1688398890309	1688398890463	OK	 
REQUEST		request_1	1688398890388	1688398890509	OK	 
REQUEST		request_2	1688398889580	1688398890511	OK	 
REQUEST		request_10	1688398890388	1688398890511	OK	 
REQUEST		request_11	1688398890388	1688398890513	OK	 
REQUEST		request_5	1688398890388	1688398890518	OK	 
REQUEST		request_3 Redirect 1	1688398890408	1688398890532	OK	 
USER	UserList1	END	1688398890534
REQUEST		request_9	1688398890388	1688398890539	OK	 
REQUEST		request_6	1688398888468	1688398890542	OK	 
USER	UserList1	END	1688398890543
REQUEST		request_1	1688398890444	1688398890553	OK	 
USER	UserList1	START	1688398890558
REQUEST		request_10	1688398890441	1688398890562	OK	 
REQUEST		request_1	1688398890441	1688398890564	OK	 
REQUEST		request_5	1688398890443	1688398890565	OK	 
REQUEST		request_5	1688398890441	1688398890565	OK	 
REQUEST		request_11	1688398890441	1688398890567	OK	 
REQUEST		request_0	1688398890052	1688398890580	OK	 
REQUEST		request_4	1688398890582	1688398890591	OK	 
REQUEST		request_8	1688398890582	1688398890592	OK	 
REQUEST		request_7	1688398890582	1688398890593	OK	 
REQUEST		request_9	1688398890441	1688398890595	OK	 
REQUEST		request_11	1688398890444	1688398890600	OK	 
REQUEST		request_6	1688398890119	1688398890600	OK	 
REQUEST		request_10	1688398890444	1688398890608	OK	 
REQUEST		request_9	1688398890444	1688398890614	OK	 
USER	UserList1	START	1688398890653
REQUEST		request_0	1688398890164	1688398890674	OK	 
REQUEST		request_3	1688398890189	1688398890678	OK	 
REQUEST		request_4	1688398890676	1688398890685	OK	 
REQUEST		request_8	1688398890676	1688398890687	OK	 
REQUEST		request_7	1688398890676	1688398890687	OK	 
REQUEST		request_5	1688398890580	1688398890697	OK	 
REQUEST		request_1	1688398890581	1688398890699	OK	 
REQUEST		request_2	1688398890189	1688398890704	OK	 
REQUEST		request_10	1688398890581	1688398890706	OK	 
REQUEST		request_6	1688398890189	1688398890706	OK	 
REQUEST		request_11	1688398890581	1688398890711	OK	 
REQUEST		request_9	1688398890580	1688398890730	OK	 
REQUEST		request_0	1688398890257	1688398890744	OK	 
REQUEST		request_4	1688398890746	1688398890756	OK	 
REQUEST		request_3	1688398890310	1688398890756	OK	 
REQUEST		request_8	1688398890746	1688398890757	OK	 
REQUEST		request_7	1688398890746	1688398890757	OK	 
REQUEST		request_2	1688398889957	1688398890759	OK	 
USER	UserList1	START	1688398890761
REQUEST		request_3	1688398889957	1688398890789	OK	 
REQUEST		request_1	1688398890675	1688398890794	OK	 
REQUEST		request_10	1688398890675	1688398890796	OK	 
REQUEST		request_0	1688398889859	1688398890798	OK	 
REQUEST		request_3 Redirect 1	1688398890678	1688398890807	OK	 
USER	UserList1	END	1688398890808
REQUEST		request_5	1688398890674	1688398890809	OK	 
REQUEST		request_11	1688398890675	1688398890809	OK	 
REQUEST		request_4	1688398890800	1688398890811	OK	 
REQUEST		request_8	1688398890800	1688398890812	OK	 
REQUEST		request_2	1688398890304	1688398890813	OK	 
REQUEST		request_7	1688398890800	1688398890814	OK	 
REQUEST		request_2	1688398889463	1688398890830	OK	 
USER	UserList1	END	1688398890832
REQUEST		request_9	1688398890675	1688398890837	OK	 
REQUEST		request_1	1688398890745	1688398890853	OK	 
USER	UserList1	START	1688398890854
REQUEST		request_10	1688398890745	1688398890862	OK	 
REQUEST		request_2	1688398890310	1688398890871	OK	 
REQUEST		request_5	1688398890744	1688398890882	OK	 
REQUEST		request_3 Redirect 1	1688398890757	1688398890882	OK	 
REQUEST		request_3	1688398890442	1688398890886	OK	 
REQUEST		request_11	1688398890745	1688398890887	OK	 
REQUEST		request_3	1688398890389	1688398890890	OK	 
REQUEST		request_9	1688398890745	1688398890902	OK	 
REQUEST		request_6	1688398889957	1688398890903	OK	 
REQUEST		request_3 Redirect 1	1688398890789	1688398890907	OK	 
USER	UserList1	END	1688398890909
REQUEST		request_6	1688398890442	1688398890914	OK	 
REQUEST		request_11	1688398890799	1688398890918	OK	 
REQUEST		request_10	1688398890799	1688398890918	OK	 
REQUEST		request_1	1688398890799	1688398890932	OK	 
REQUEST		request_5	1688398890799	1688398890941	OK	 
USER	UserList1	START	1688398890951
REQUEST		request_2	1688398890118	1688398890967	OK	 
REQUEST		request_9	1688398890799	1688398890974	OK	 
REQUEST		request_2	1688398890442	1688398890996	OK	 
REQUEST		request_0	1688398890448	1688398891012	OK	 
REQUEST		request_3	1688398890118	1688398891018	OK	 
REQUEST		request_4	1688398891014	1688398891025	OK	 
REQUEST		request_8	1688398891015	1688398891026	OK	 
REQUEST		request_7	1688398891014	1688398891027	OK	 
REQUEST		request_3 Redirect 1	1688398890890	1688398891032	OK	 
REQUEST		request_3 Redirect 1	1688398890887	1688398891032	OK	 
USER	UserList1	END	1688398891034
REQUEST		request_0	1688398890558	1688398891039	OK	 
REQUEST		request_2	1688398889866	1688398891044	OK	 
USER	UserList1	END	1688398891045
REQUEST		request_4	1688398891041	1688398891052	OK	 
REQUEST		request_8	1688398891041	1688398891054	OK	 
REQUEST		request_7	1688398891041	1688398891054	OK	 
REQUEST		request_3	1688398890581	1688398891054	OK	 
USER	UserList1	START	1688398891063
REQUEST		request_2	1688398890581	1688398891076	OK	 
REQUEST		request_5	1688398891013	1688398891119	OK	 
REQUEST		request_11	1688398891013	1688398891128	OK	 
REQUEST		request_10	1688398891013	1688398891132	OK	 
REQUEST		request_3 Redirect 1	1688398891019	1688398891139	OK	 
REQUEST		request_3	1688398890676	1688398891139	OK	 
USER	UserList1	END	1688398891140
REQUEST		request_5	1688398891039	1688398891151	OK	 
REQUEST		request_6	1688398890676	1688398891153	OK	 
REQUEST		request_11	1688398891040	1688398891156	OK	 
REQUEST		request_6	1688398890305	1688398891158	OK	 
USER	UserList1	START	1688398891159
REQUEST		request_10	1688398891040	1688398891167	OK	 
REQUEST		request_9	1688398891013	1688398891168	OK	 
REQUEST		request_0	1688398890653	1688398891178	OK	 
REQUEST		request_4	1688398891180	1688398891190	OK	 
REQUEST		request_8	1688398891180	1688398891191	OK	 
REQUEST		request_7	1688398891180	1688398891192	OK	 
REQUEST		request_3	1688398890305	1688398891213	OK	 
REQUEST		request_9	1688398891040	1688398891245	OK	 
REQUEST		request_0	1688398890761	1688398891248	OK	 
REQUEST		request_2	1688398890745	1688398891252	OK	 
REQUEST		request_6	1688398890389	1688398891252	OK	 
USER	UserList1	START	1688398891255
REQUEST		request_4	1688398891250	1688398891260	OK	 
REQUEST		request_8	1688398891250	1688398891261	OK	 
REQUEST		request_7	1688398891250	1688398891261	OK	 
REQUEST		request_2	1688398890675	1688398891269	OK	 
REQUEST		request_2	1688398890389	1688398891271	OK	 
USER	UserList1	END	1688398891272
REQUEST		request_10	1688398891179	1688398891299	OK	 
REQUEST		request_6	1688398890746	1688398891301	OK	 
REQUEST		request_11	1688398891179	1688398891305	OK	 
REQUEST		request_5	1688398891178	1688398891306	OK	 
REQUEST		request_9	1688398891179	1688398891324	OK	 
REQUEST		request_1	1688398891014	1688398891328	OK	 
REQUEST		request_1	1688398891040	1688398891343	OK	 
USER	UserList1	START	1688398891351
REQUEST		request_10	1688398891249	1688398891362	OK	 
REQUEST		request_5	1688398891249	1688398891373	OK	 
REQUEST		request_11	1688398891249	1688398891374	OK	 
REQUEST		request_9	1688398891249	1688398891408	OK	 
REQUEST		request_3	1688398890445	1688398891419	OK	 
REQUEST		request_6	1688398890581	1688398891425	OK	 
REQUEST		request_0	1688398890854	1688398891442	OK	 
REQUEST		request_4	1688398891443	1688398891453	OK	 
REQUEST		request_8	1688398891444	1688398891454	OK	 
REQUEST		request_7	1688398891444	1688398891454	OK	 
USER	UserList1	START	1688398891461
REQUEST		request_1	1688398891179	1688398891481	OK	 
REQUEST		request_10	1688398891443	1688398891554	OK	 
USER	UserList1	START	1688398891557
REQUEST		request_1	1688398891249	1688398891559	OK	 
REQUEST		request_5	1688398891442	1688398891562	OK	 
REQUEST		request_11	1688398891443	1688398891570	OK	 
REQUEST		request_9	1688398891442	1688398891593	OK	 
REQUEST		request_1	1688398891443	1688398891611	OK	 
REQUEST		request_3 Redirect 1	1688398891054	1688398891639	OK	 
USER	UserList1	END	1688398891641
USER	UserList1	START	1688398891651
REQUEST		request_3 Redirect 1	1688398891139	1688398891655	OK	 
USER	UserList1	END	1688398891656
REQUEST		request_0	1688398890950	1688398891663	OK	 
REQUEST		request_6	1688398891014	1688398891663	OK	 
REQUEST		request_4	1688398891665	1688398891674	OK	 
REQUEST		request_8	1688398891665	1688398891675	OK	 
REQUEST		request_7	1688398891665	1688398891676	OK	 
REQUEST		request_0	1688398890352	1688398891682	OK	 
REQUEST		request_3	1688398891014	1688398891682	OK	 
REQUEST		request_4	1688398891684	1688398891694	OK	 
REQUEST		request_8	1688398891685	1688398891696	OK	 
REQUEST		request_7	1688398891685	1688398891696	OK	 
REQUEST		request_6	1688398890800	1688398891699	OK	 
REQUEST		request_3	1688398890745	1688398891726	OK	 
REQUEST		request_6	1688398890310	1688398891755	OK	 
USER	UserList1	END	1688398891756
USER	UserList1	START	1688398891761
REQUEST		request_5	1688398891664	1688398891778	OK	 
REQUEST		request_3 Redirect 1	1688398891213	1688398891787	OK	 
USER	UserList1	END	1688398891788
REQUEST		request_10	1688398891664	1688398891798	OK	 
REQUEST		request_11	1688398891664	1688398891799	OK	 
REQUEST		request_6	1688398891180	1688398891810	OK	 
REQUEST		request_5	1688398891683	1688398891815	OK	 
REQUEST		request_3 Redirect 1	1688398891419	1688398891816	OK	 
REQUEST		request_1	1688398891664	1688398891816	OK	 
REQUEST		request_3	1688398890800	1688398891816	OK	 
REQUEST		request_1	1688398891683	1688398891828	OK	 
REQUEST		request_0	1688398891158	1688398891828	OK	 
REQUEST		request_10	1688398891683	1688398891828	OK	 
REQUEST		request_3	1688398891250	1688398891828	OK	 
REQUEST		request_9	1688398891664	1688398891829	OK	 
REQUEST		request_11	1688398891683	1688398891833	OK	 
REQUEST		request_3 Redirect 1	1688398891682	1688398891834	OK	 
REQUEST		request_4	1688398891830	1688398891840	OK	 
REQUEST		request_8	1688398891830	1688398891841	OK	 
REQUEST		request_7	1688398891830	1688398891841	OK	 
REQUEST		request_0	1688398891254	1688398891851	OK	 
REQUEST		request_3 Redirect 1	1688398891726	1688398891855	OK	 
USER	UserList1	END	1688398891856
USER	UserList1	START	1688398891859
REQUEST		request_4	1688398891852	1688398891863	OK	 
REQUEST		request_8	1688398891853	1688398891865	OK	 
REQUEST		request_7	1688398891853	1688398891866	OK	 
REQUEST		request_9	1688398891683	1688398891899	OK	 
USER	UserList1	START	1688398891953
REQUEST		request_3 Redirect 1	1688398891829	1688398891956	OK	 
REQUEST		request_2	1688398891040	1688398891956	OK	 
REQUEST		request_0	1688398891062	1688398891956	OK	 
REQUEST		request_0	1688398891350	1688398891956	OK	 
REQUEST		request_5	1688398891829	1688398891957	OK	 
REQUEST		request_1	1688398891829	1688398891957	OK	 
REQUEST		request_2	1688398891014	1688398891968	OK	 
REQUEST		request_3 Redirect 1	1688398891816	1688398891968	OK	 
REQUEST		request_11	1688398891829	1688398891968	OK	 
REQUEST		request_10	1688398891829	1688398891968	OK	 
REQUEST		request_4	1688398891959	1688398891968	OK	 
USER	UserList1	END	1688398891969
REQUEST		request_2	1688398890445	1688398891975	OK	 
REQUEST		request_1	1688398891852	1688398891975	OK	 
REQUEST		request_4	1688398891959	1688398891978	OK	 
REQUEST		request_8	1688398891959	1688398891979	OK	 
REQUEST		request_8	1688398891959	1688398891979	OK	 
REQUEST		request_7	1688398891959	1688398891980	OK	 
REQUEST		request_7	1688398891959	1688398891980	OK	 
REQUEST		request_9	1688398891829	1688398891991	OK	 
REQUEST		request_10	1688398891852	1688398891995	OK	 
REQUEST		request_5	1688398891851	1688398891995	OK	 
REQUEST		request_11	1688398891852	1688398891998	OK	 
REQUEST		request_0	1688398891461	1688398892048	OK	 
REQUEST		request_9	1688398891851	1688398892059	OK	 
REQUEST		request_3	1688398891040	1688398892059	OK	 
REQUEST		request_4	1688398892052	1688398892064	OK	 
USER	UserList1	START	1688398892065
REQUEST		request_8	1688398892052	1688398892065	OK	 
REQUEST		request_7	1688398892052	1688398892067	OK	 
REQUEST		request_11	1688398891958	1688398892078	OK	 
REQUEST		request_3	1688398891443	1688398892079	OK	 
REQUEST		request_3	1688398891179	1688398892086	OK	 
REQUEST		request_5	1688398891957	1688398892086	OK	 
REQUEST		request_2	1688398891179	1688398892087	OK	 
REQUEST		request_5	1688398891957	1688398892087	OK	 
REQUEST		request_11	1688398891958	1688398892091	OK	 
REQUEST		request_1	1688398891958	1688398892092	OK	 
REQUEST		request_2	1688398891443	1688398892099	OK	 
REQUEST		request_6	1688398891250	1688398892099	OK	 
REQUEST		request_10	1688398891958	1688398892099	OK	 
REQUEST		request_10	1688398891958	1688398892099	OK	 
REQUEST		request_1	1688398891958	1688398892099	OK	 
REQUEST		request_9	1688398891957	1688398892105	OK	 
REQUEST		request_6	1688398891040	1688398892124	OK	 
REQUEST		request_9	1688398891957	1688398892124	OK	 
REQUEST		request_2	1688398890800	1688398892124	OK	 
REQUEST		request_0	1688398891557	1688398892124	OK	 
USER	UserList1	END	1688398892126
REQUEST		request_4	1688398892126	1688398892136	OK	 
REQUEST		request_2	1688398891249	1688398892136	OK	 
REQUEST		request_6	1688398891443	1688398892136	OK	 
REQUEST		request_8	1688398892127	1688398892137	OK	 
USER	UserList1	END	1688398892138
REQUEST		request_7	1688398892127	1688398892138	OK	 
USER	UserList1	START	1688398892159
REQUEST		request_5	1688398892050	1688398892160	OK	 
REQUEST		request_3 Redirect 1	1688398892060	1688398892177	OK	 
REQUEST		request_1	1688398892051	1688398892177	OK	 
REQUEST		request_6	1688398891665	1688398892177	OK	 
USER	UserList1	END	1688398892178
REQUEST		request_10	1688398892051	1688398892183	OK	 
REQUEST		request_11	1688398892051	1688398892191	OK	 
REQUEST		request_3	1688398891684	1688398892214	OK	 
REQUEST		request_3 Redirect 1	1688398892086	1688398892226	OK	 
REQUEST		request_3 Redirect 1	1688398892080	1688398892226	OK	 
USER	UserList1	END	1688398892227
USER	UserList1	END	1688398892228
REQUEST		request_9	1688398892051	1688398892228	OK	 
REQUEST		request_6	1688398891684	1688398892237	OK	 
REQUEST		request_6	1688398890445	1688398892237	OK	 
USER	UserList1	END	1688398892239
REQUEST		request_1	1688398892126	1688398892251	OK	 
USER	UserList1	START	1688398892252
REQUEST		request_2	1688398891683	1688398892254	OK	 
REQUEST		request_10	1688398892126	1688398892261	OK	 
REQUEST		request_11	1688398892126	1688398892263	OK	 
REQUEST		request_0	1688398891651	1688398892270	OK	 
REQUEST		request_5	1688398892125	1688398892275	OK	 
REQUEST		request_4	1688398892272	1688398892281	OK	 
REQUEST		request_8	1688398892272	1688398892282	OK	 
REQUEST		request_7	1688398892272	1688398892282	OK	 
REQUEST		request_0	1688398891761	1688398892294	OK	 
REQUEST		request_9	1688398892125	1688398892294	OK	 
REQUEST		request_4	1688398892296	1688398892307	OK	 
REQUEST		request_8	1688398892296	1688398892308	OK	 
REQUEST		request_7	1688398892296	1688398892309	OK	 
REQUEST		request_3	1688398891830	1688398892325	OK	 
REQUEST		request_3 Redirect 1	1688398892214	1688398892338	OK	 
USER	UserList1	END	1688398892340
REQUEST		request_6	1688398891852	1688398892358	OK	 
REQUEST		request_2	1688398891852	1688398892358	OK	 
REQUEST		request_2	1688398891830	1688398892360	OK	 
USER	UserList1	START	1688398892363
REQUEST		request_5	1688398892271	1688398892389	OK	 
REQUEST		request_6	1688398891830	1688398892391	OK	 
REQUEST		request_10	1688398892271	1688398892397	OK	 
REQUEST		request_11	1688398892271	1688398892402	OK	 
REQUEST		request_10	1688398892295	1688398892409	OK	 
REQUEST		request_11	1688398892295	1688398892410	OK	 
REQUEST		request_9	1688398892271	1688398892429	OK	 
REQUEST		request_3	1688398891958	1688398892432	OK	 
REQUEST		request_5	1688398892295	1688398892433	OK	 
REQUEST		request_9	1688398892295	1688398892439	OK	 
REQUEST		request_3	1688398891958	1688398892441	OK	 
USER	UserList1	START	1688398892459
REQUEST		request_1	1688398892271	1688398892464	OK	 
REQUEST		request_1	1688398892295	1688398892466	OK	 
REQUEST		request_3 Redirect 1	1688398892325	1688398892468	OK	 
USER	UserList1	END	1688398892470
REQUEST		request_0	1688398891953	1688398892475	OK	 
REQUEST		request_4	1688398892477	1688398892486	OK	 
REQUEST		request_8	1688398892477	1688398892488	OK	 
REQUEST		request_7	1688398892477	1688398892488	OK	 
REQUEST		request_6	1688398892051	1688398892540	OK	 
REQUEST		request_6	1688398891959	1688398892541	OK	 
REQUEST		request_3 Redirect 1	1688398892432	1688398892546	OK	 
USER	UserList1	START	1688398892555
REQUEST		request_3 Redirect 1	1688398892441	1688398892562	OK	 
REQUEST		request_5	1688398892476	1688398892580	OK	 
REQUEST		request_3	1688398891665	1688398892581	OK	 
REQUEST		request_2	1688398892051	1688398892601	OK	 
REQUEST		request_1	1688398892476	1688398892605	OK	 
REQUEST		request_10	1688398892476	1688398892610	OK	 
REQUEST		request_11	1688398892476	1688398892612	OK	 
REQUEST		request_0	1688398892159	1688398892644	OK	 
REQUEST		request_9	1688398892476	1688398892648	OK	 
REQUEST		request_0	1688398892065	1688398892650	OK	 
USER	UserList1	START	1688398892651
REQUEST		request_4	1688398892646	1688398892656	OK	 
REQUEST		request_4	1688398892654	1688398892666	OK	 
REQUEST		request_8	1688398892646	1688398892667	OK	 
REQUEST		request_8	1688398892654	1688398892667	OK	 
REQUEST		request_7	1688398892646	1688398892669	OK	 
REQUEST		request_7	1688398892654	1688398892669	OK	 
REQUEST		request_2	1688398891664	1688398892674	OK	 
REQUEST		request_3	1688398891852	1688398892693	OK	 
REQUEST		request_3 Redirect 1	1688398892582	1688398892707	OK	 
REQUEST		request_3	1688398892272	1688398892708	OK	 
USER	UserList1	END	1688398892708
REQUEST		request_0	1688398891859	1688398892741	OK	 
USER	UserList1	START	1688398892747
REQUEST		request_1	1688398892645	1688398892756	OK	 
REQUEST		request_4	1688398892743	1688398892756	OK	 
REQUEST		request_10	1688398892645	1688398892757	OK	 
REQUEST		request_8	1688398892743	1688398892758	OK	 
REQUEST		request_7	1688398892743	1688398892759	OK	 
REQUEST		request_11	1688398892645	1688398892759	OK	 
REQUEST		request_5	1688398892645	1688398892768	OK	 
REQUEST		request_5	1688398892651	1688398892769	OK	 
REQUEST		request_2	1688398892271	1688398892781	OK	 
REQUEST		request_2	1688398892126	1688398892790	OK	 
REQUEST		request_1	1688398892653	1688398892790	OK	 
REQUEST		request_10	1688398892651	1688398892791	OK	 
REQUEST		request_11	1688398892653	1688398892791	OK	 
REQUEST		request_6	1688398892296	1688398892797	OK	 
REQUEST		request_2	1688398892296	1688398892797	OK	 
REQUEST		request_9	1688398892645	1688398892799	OK	 
REQUEST		request_0	1688398892252	1688398892812	OK	 
REQUEST		request_6	1688398891958	1688398892812	OK	 
REQUEST		request_3 Redirect 1	1688398892693	1688398892820	OK	 
USER	UserList1	END	1688398892821
REQUEST		request_4	1688398892814	1688398892823	OK	 
REQUEST		request_8	1688398892814	1688398892824	OK	 
REQUEST		request_7	1688398892814	1688398892825	OK	 
REQUEST		request_2	1688398891958	1688398892850	OK	 
REQUEST		request_6	1688398892272	1688398892850	OK	 
REQUEST		request_3 Redirect 1	1688398892708	1688398892850	OK	 
USER	UserList1	END	1688398892851
USER	UserList1	END	1688398892851
REQUEST		request_9	1688398892651	1688398892857	OK	 
USER	UserList1	START	1688398892858
REQUEST		request_5	1688398892742	1688398892864	OK	 
REQUEST		request_1	1688398892743	1688398892865	OK	 
REQUEST		request_10	1688398892742	1688398892873	OK	 
REQUEST		request_11	1688398892742	1688398892881	OK	 
REQUEST		request_0	1688398892363	1688398892906	OK	 
REQUEST		request_3	1688398892051	1688398892906	OK	 
REQUEST		request_9	1688398892742	1688398892916	OK	 
REQUEST		request_4	1688398892908	1688398892918	OK	 
REQUEST		request_8	1688398892908	1688398892919	OK	 
REQUEST		request_7	1688398892908	1688398892920	OK	 
REQUEST		request_10	1688398892813	1688398892931	OK	 
REQUEST		request_1	1688398892813	1688398892941	OK	 
REQUEST		request_5	1688398892813	1688398892944	OK	 
USER	UserList1	START	1688398892954
REQUEST		request_6	1688398892126	1688398892956	OK	 
REQUEST		request_11	1688398892813	1688398892956	OK	 
REQUEST		request_9	1688398892813	1688398892981	OK	 
REQUEST		request_3	1688398892477	1688398892988	OK	 
REQUEST		request_1	1688398892907	1688398893035	OK	 
REQUEST		request_5	1688398892907	1688398893040	OK	 
REQUEST		request_3 Redirect 1	1688398892907	1688398893040	OK	 
REQUEST		request_10	1688398892907	1688398893040	OK	 
USER	UserList1	END	1688398893041
USER	UserList1	START	1688398893050
REQUEST		request_11	1688398892907	1688398893053	OK	 
REQUEST		request_9	1688398892907	1688398893070	OK	 
REQUEST		request_0	1688398892555	1688398893090	OK	 
REQUEST		request_3	1688398892646	1688398893099	OK	 
REQUEST		request_4	1688398893091	1688398893100	OK	 
REQUEST		request_8	1688398893091	1688398893102	OK	 
REQUEST		request_7	1688398893091	1688398893102	OK	 
REQUEST		request_3 Redirect 1	1688398892988	1688398893111	OK	 
REQUEST		request_3	1688398892654	1688398893136	OK	 
REQUEST		request_6	1688398892646	1688398893164	OK	 
REQUEST		request_2	1688398892653	1688398893180	OK	 
REQUEST		request_0	1688398892651	1688398893183	OK	 
REQUEST		request_2	1688398892646	1688398893187	OK	 
REQUEST		request_4	1688398893185	1688398893195	OK	 
REQUEST		request_8	1688398893185	1688398893196	OK	 
REQUEST		request_7	1688398893185	1688398893196	OK	 
REQUEST		request_2	1688398891958	1688398893201	OK	 
USER	UserList1	END	1688398893202
REQUEST		request_6	1688398892654	1688398893207	OK	 
REQUEST		request_10	1688398893090	1688398893207	OK	 
REQUEST		request_11	1688398893091	1688398893222	OK	 
REQUEST		request_5	1688398893090	1688398893233	OK	 
REQUEST		request_9	1688398893090	1688398893237	OK	 
REQUEST		request_1	1688398893091	1688398893264	OK	 
REQUEST		request_6	1688398892743	1688398893264	OK	 
REQUEST		request_3 Redirect 1	1688398893099	1688398893268	OK	 
USER	UserList1	END	1688398893269
REQUEST		request_3 Redirect 1	1688398893136	1688398893288	OK	 
REQUEST		request_0	1688398892747	1688398893288	OK	 
REQUEST		request_2	1688398892743	1688398893288	OK	 
USER	UserList1	END	1688398893289
REQUEST		request_4	1688398893289	1688398893299	OK	 
REQUEST		request_8	1688398893290	1688398893300	OK	 
REQUEST		request_7	1688398893289	1688398893301	OK	 
REQUEST		request_11	1688398893184	1688398893317	OK	 
REQUEST		request_1	1688398893184	1688398893317	OK	 
REQUEST		request_5	1688398893184	1688398893317	OK	 
REQUEST		request_10	1688398893184	1688398893318	OK	 
REQUEST		request_3	1688398892743	1688398893321	OK	 
REQUEST		request_3	1688398892126	1688398893321	OK	 
REQUEST		request_3	1688398892813	1688398893331	OK	 
REQUEST		request_6	1688398892814	1688398893358	OK	 
REQUEST		request_6	1688398892477	1688398893378	OK	 
REQUEST		request_9	1688398893184	1688398893378	OK	 
REQUEST		request_2	1688398892813	1688398893383	OK	 
REQUEST		request_5	1688398893288	1688398893422	OK	 
REQUEST		request_10	1688398893289	1688398893422	OK	 
REQUEST		request_11	1688398893289	1688398893423	OK	 
REQUEST		request_0	1688398892857	1688398893430	OK	 
REQUEST		request_4	1688398893432	1688398893441	OK	 
REQUEST		request_8	1688398893432	1688398893442	OK	 
REQUEST		request_7	1688398893432	1688398893443	OK	 
REQUEST		request_1	1688398893289	1688398893449	OK	 
REQUEST		request_9	1688398893288	1688398893455	OK	 
REQUEST		request_3	1688398892908	1688398893467	OK	 
REQUEST		request_3 Redirect 1	1688398893321	1688398893472	OK	 
USER	UserList1	END	1688398893473
REQUEST		request_3 Redirect 1	1688398893321	1688398893476	OK	 
REQUEST		request_3 Redirect 1	1688398893331	1688398893476	OK	 
USER	UserList1	END	1688398893477
REQUEST		request_6	1688398892908	1688398893477	OK	 
USER	UserList1	END	1688398893477
REQUEST		request_11	1688398893431	1688398893556	OK	 
REQUEST		request_5	1688398893431	1688398893556	OK	 
REQUEST		request_10	1688398893431	1688398893560	OK	 
REQUEST		request_1	1688398893431	1688398893560	OK	 
REQUEST		request_3	1688398892296	1688398893582	OK	 
REQUEST		request_9	1688398893431	1688398893589	OK	 
REQUEST		request_3 Redirect 1	1688398893467	1688398893595	OK	 
REQUEST		request_6	1688398893091	1688398893611	OK	 
REQUEST		request_0	1688398893049	1688398893617	OK	 
REQUEST		request_4	1688398893618	1688398893628	OK	 
REQUEST		request_8	1688398893619	1688398893630	OK	 
REQUEST		request_7	1688398893619	1688398893630	OK	 
REQUEST		request_2	1688398893091	1688398893649	OK	 
REQUEST		request_3	1688398893185	1688398893672	OK	 
REQUEST		request_2	1688398893185	1688398893700	OK	 
REQUEST		request_3 Redirect 1	1688398893582	1688398893707	OK	 
USER	UserList1	END	1688398893709
REQUEST		request_2	1688398892477	1688398893722	OK	 
USER	UserList1	END	1688398893723
REQUEST		request_10	1688398893617	1688398893736	OK	 
REQUEST		request_5	1688398893617	1688398893741	OK	 
REQUEST		request_1	1688398893618	1688398893744	OK	 
REQUEST		request_11	1688398893618	1688398893745	OK	 
REQUEST		request_6	1688398893185	1688398893745	OK	 
REQUEST		request_9	1688398893617	1688398893757	OK	 
REQUEST		request_2	1688398892908	1688398893786	OK	 
USER	UserList1	END	1688398893787
REQUEST		request_3 Redirect 1	1688398893672	1688398893796	OK	 
USER	UserList1	END	1688398893798
REQUEST		request_3	1688398893289	1688398893819	OK	 
REQUEST		request_2	1688398893289	1688398893850	OK	 
REQUEST		request_0	1688398892953	1688398893855	OK	 
REQUEST		request_4	1688398893856	1688398893866	OK	 
REQUEST		request_8	1688398893857	1688398893868	OK	 
REQUEST		request_7	1688398893856	1688398893869	OK	 
REQUEST		request_3 Redirect 1	1688398893820	1688398893943	OK	 
REQUEST		request_11	1688398893856	1688398893971	OK	 
REQUEST		request_10	1688398893856	1688398893977	OK	 
REQUEST		request_3	1688398893432	1688398893989	OK	 
REQUEST		request_5	1688398893855	1688398893992	OK	 
REQUEST		request_3	1688398893091	1688398893998	OK	 
REQUEST		request_9	1688398893855	1688398894002	OK	 
REQUEST		request_6	1688398893432	1688398894010	OK	 
REQUEST		request_2	1688398893432	1688398894024	OK	 
REQUEST		request_1	1688398893856	1688398894046	OK	 
REQUEST		request_3 Redirect 1	1688398893998	1688398894148	OK	 
USER	UserList1	END	1688398894150
REQUEST		request_3 Redirect 1	1688398893989	1688398894152	OK	 
USER	UserList1	END	1688398894155
REQUEST		request_3	1688398893618	1688398894170	OK	 
REQUEST		request_2	1688398893618	1688398894177	OK	 
REQUEST		request_6	1688398893289	1688398894195	OK	 
REQUEST		request_6	1688398893618	1688398894196	OK	 
USER	UserList1	END	1688398894196
REQUEST		request_3 Redirect 1	1688398894170	1688398894303	OK	 
USER	UserList1	END	1688398894304
REQUEST		request_3	1688398893856	1688398894400	OK	 
REQUEST		request_6	1688398893856	1688398894402	OK	 
REQUEST		request_2	1688398893856	1688398894425	OK	 
REQUEST		request_0	1688398892459	1688398894528	OK	 
REQUEST		request_4	1688398894529	1688398894538	OK	 
REQUEST		request_8	1688398894530	1688398894539	OK	 
REQUEST		request_7	1688398894529	1688398894539	OK	 
REQUEST		request_3 Redirect 1	1688398894400	1688398894578	OK	 
USER	UserList1	END	1688398894579
REQUEST		request_5	1688398894528	1688398894635	OK	 
REQUEST		request_11	1688398894529	1688398894639	OK	 
REQUEST		request_10	1688398894529	1688398894646	OK	 
REQUEST		request_1	1688398894529	1688398894655	OK	 
REQUEST		request_9	1688398894529	1688398894668	OK	 
REQUEST		request_3	1688398894529	1688398895001	OK	 
REQUEST		request_6	1688398894529	1688398895069	OK	 
REQUEST		request_2	1688398894529	1688398895087	OK	 
REQUEST		request_3 Redirect 1	1688398895001	1688398895133	OK	 
USER	UserList1	END	1688398895135
